--------- beginning of system
10-21 10:52:01.759   595  1155 I ActivityManager: Force stopping com.android.chrome appid=10035 user=0: from pid 12615
10-21 10:52:01.759   595  1155 I ActivityManager: Killing 12527:com.android.chrome/u0a35 (adj 9): stop com.android.chrome
10-21 10:52:01.866   595  1389 W ActivityManager: Spurious death for ProcessRecord{208a452 0:com.android.chrome/u0a35}, curProc for 12527: null
10-21 10:52:01.874   595   739 W ActivityManager: Permission Denial: Accessing service ComponentInfo{com.google.android.music/com.google.android.music.dial.DialMediaRouteProviderService} from pid=24025, uid=10008 that is not exported from uid 10058
10-21 10:52:02.122   595   606 I ActivityManager: START u0 {act=android.intent.action.VIEW flg=0x10008000 cmp=com.android.chrome/com.google.android.apps.chrome.Main} from uid 2000 on display 0
10-21 10:52:02.225   595 13559 I ActivityManager: Start proc 12630:com.android.chrome/u0a35 for activity com.android.chrome/com.google.android.apps.chrome.Main
10-21 10:52:02.353   595  1389 I ActivityManager: START u0 {act=android.intent.action.VIEW flg=0x14002000 cmp=com.android.chrome/org.chromium.chrome.browser.ChromeTabbedActivity} from uid 10035 on display 0
10-21 10:52:02.729   595  1389 I ActivityManager: Start proc 12670:com.android.chrome:sandboxed_process0/u0i37 for service com.android.chrome/org.chromium.content.app.SandboxedProcessService0
10-21 10:52:02.808 12670 12687 W FileUtils: Failed to chmod(/data/user/0/com.android.chrome/app_chrome): android.system.ErrnoException: chmod failed: EACCES (Permission denied)
10-21 10:52:02.988   595   605 I ActivityManager: Start proc 12705:com.android.chrome:privileged_process0/u0a35 for service com.android.chrome/org.chromium.content.app.PrivilegedProcessService0
10-21 10:52:03.357   595  1389 I ActivityManager: START u0 {cmp=com.android.chrome/org.chromium.chrome.browser.firstrun.FirstRunActivityStaging (has extras)} from uid 10035 on display 0
10-21 10:52:04.569   595  1495 W ActivityManager: Unable to start service Intent { act=com.google.android.gms.playlog.service.START pkg=com.google.android.gms } U=0: not found
10-21 10:52:04.569   595  1155 W ActivityManager: Unbind failed: could not find connection for android.os.BinderProxy@7bf0258
10-21 10:52:12.513   595   595 V NotificationService: pkg=com.quicinc.trepn canInterrupt=false intercept=true
10-21 10:52:12.591 21269 21269 W FileUtils: Failed to chmod(/storage/emulated/0/trepn/Trepn_2018.10.21_105212.db): android.system.ErrnoException: chmod failed: EPERM (Operation not permitted)
10-21 10:52:12.619   595   595 V NotificationService: pkg=com.quicinc.trepn canInterrupt=false intercept=true
10-21 10:52:12.990   595   608 W ProcessCpuTracker: Skipping unknown process pid 12850
10-21 10:52:13.734   595   595 V NotificationService: pkg=com.quicinc.trepn canInterrupt=false intercept=true
10-21 10:52:14.322   595 13559 I ActivityManager: START u0 {act=android.intent.action.VIEW dat=https://deanhume.github.io/... flg=0x10000000 cmp=com.android.chrome/com.google.android.apps.chrome.Main} from uid 2000 on display 0
10-21 10:52:14.341   595  1495 I ActivityManager: START u0 {act=android.intent.action.VIEW dat=https://deanhume.github.io/... flg=0x14002000 cmp=com.android.chrome/org.chromium.chrome.browser.ChromeTabbedActivity} from uid 10035 on display 0
10-21 10:52:14.346   595  1155 W ActivityManager: Duplicate finish request for ActivityRecord{5b29ac9 u0 com.android.chrome/com.google.android.apps.chrome.Main t1135 f}
10-21 10:52:14.353   595  1389 W InputMethodManagerService: Window already focused, ignoring focus gain of: com.android.internal.view.IInputMethodClient$Stub$Proxy@1f693e8 attribute=null, token = android.os.BinderProxy@ac88338
10-21 10:52:14.384   595  1296 I ActivityManager: Start proc 12906:com.android.chrome:sandboxed_process1/u0i38 for service com.android.chrome/org.chromium.content.app.SandboxedProcessService1
10-21 10:52:14.456 12906 12919 W FileUtils: Failed to chmod(/data/user/0/com.android.chrome/app_chrome): android.system.ErrnoException: chmod failed: EACCES (Permission denied)
10-21 10:52:31.219   595   595 V NotificationService: pkg=com.quicinc.trepn canInterrupt=false intercept=true
10-21 10:52:31.285   595 13560 E WifiService: Multicaster binderDied
10-21 10:52:31.286   595   661 D WifiService: Client connection lost with reason: 4
10-21 10:52:31.389   595 13560 I ActivityManager: Process com.estrongs.android.pop (pid 21801) has died
10-21 10:52:31.391   595 13560 W ActivityManager: Scheduling restart of crashed service com.estrongs.android.pop/com.estrongs.android.scanner.service.FileScannerService in 1000ms
10-21 10:52:31.391   595 13560 W ActivityManager: Scheduling restart of crashed service com.estrongs.android.pop/com.android.apps.pros.LocalMService in 10999ms
10-21 10:52:32.403   595   608 I ActivityManager: Start proc 13089:com.estrongs.android.pop/u0a81 for service com.estrongs.android.pop/com.estrongs.android.scanner.service.FileScannerService
10-21 10:52:33.089   595  1296 I ActivityManager: Force stopping com.android.chrome appid=10035 user=0: from pid 13082
10-21 10:52:33.089   595  1296 I ActivityManager: Killing 12705:com.android.chrome:privileged_process0/u0a35 (adj 0): stop com.android.chrome
10-21 10:52:33.329   595  1296 W ActivityManager: Scheduling restart of crashed service com.android.chrome/org.chromium.content.app.PrivilegedProcessService0 in 1000ms
10-21 10:52:33.330   595  1296 I ActivityManager: Killing 12630:com.android.chrome/u0a35 (adj 0): stop com.android.chrome
10-21 10:52:33.354   595  1391 I WindowState: WIN DEATH: Window{4ab1f11 u0 com.android.chrome/org.chromium.chrome.browser.ChromeTabbedActivity}
10-21 10:52:33.355   595  1391 W WindowManager: Force-removing child win Window{49618c7 u0 SurfaceView} from container Window{4ab1f11 u0 com.android.chrome/org.chromium.chrome.browser.ChromeTabbedActivity}
10-21 10:52:33.359   595  1389 W WindowManager: Failed looking up window
10-21 10:52:33.359   595  1389 W WindowManager: java.lang.IllegalArgumentException: Requested window android.os.BinderProxy@8799876 does not exist
10-21 10:52:33.359   595  1389 W WindowManager: 	at com.android.server.wm.WindowManagerService.windowForClientLocked(WindowManagerService.java:8736)
10-21 10:52:33.359   595  1389 W WindowManager: 	at com.android.server.wm.WindowManagerService.windowForClientLocked(WindowManagerService.java:8727)
10-21 10:52:33.359   595  1389 W WindowManager: 	at com.android.server.wm.WindowState$DeathRecipient.binderDied(WindowState.java:1209)
10-21 10:52:33.359   595  1389 W WindowManager: 	at android.os.BinderProxy.sendDeathNotice(Binder.java:558)
10-21 10:52:33.359   595  1389 I WindowState: WIN DEATH: null
10-21 10:52:33.536   595  1296 E libprocessgroup: failed to kill 1 processes for processgroup 12630
10-21 10:52:33.541   595  1296 W ActivityManager: Force removing ActivityRecord{868b39e u0 com.android.chrome/org.chromium.chrome.browser.ChromeTabbedActivity t1135}: app died, no saved state
10-21 10:52:33.551   595  1296 I ActivityManager: Killing 12906:com.android.chrome:sandboxed_process1/u0a35i38 (adj 0): isolated not needed
--------- beginning of main
10-21 10:52:33.580 12670 12737 E chromium: [ERROR:channel.cc(300)] RawChannel read error (connection broken)
10-21 10:52:33.580 14526 14552 I chatty  : uid=10081(com.estrongs.android.pop) FileObserver expire 138 lines
10-21 10:52:33.646 14526 14552 W System.err: android.os.DeadObjectException
10-21 10:52:33.646 14526 14552 W System.err: 	at android.os.BinderProxy.transactNative(Native Method)
10-21 10:52:33.646 14526 14552 W System.err: 	at android.os.BinderProxy.transact(Binder.java:503)
10-21 10:52:33.646 14526 14552 W System.err: 	at android.os.IMessenger$Stub$Proxy.send(IMessenger.java:89)
10-21 10:52:33.646 14526 14552 W System.err: 	at android.os.Messenger.send(Messenger.java:57)
10-21 10:52:33.646 14526 14552 W System.err: 	at com.estrongs.android.scanner.service.l.a(Unknown Source)
10-21 10:52:33.646 14526 14552 W System.err: 	at com.estrongs.android.scanner.service.l.a(Unknown Source)
10-21 10:52:33.646 14526 14552 W System.err: 	at com.estrongs.android.scanner.service.c.onEvent(Unknown Source)
10-21 10:52:33.646 14526 14552 W System.err: 	at android.os.FileObserver$ObserverThread.onEvent(FileObserver.java:122)
10-21 10:52:33.646 14526 14552 W System.err: 	at android.os.FileObserver$ObserverThread.observe(Native Method)
10-21 10:52:33.646 14526 14552 W System.err: 	at android.os.FileObserver$ObserverThread.run(FileObserver.java:85)
10-21 10:52:33.647 14526 14552 W System.err: android.os.DeadObjectException
10-21 10:52:33.647 14526 14552 W System.err: 	at android.os.BinderProxy.transactNative(Native Method)
10-21 10:52:33.647 14526 14552 W System.err: 	at android.os.BinderProxy.transact(Binder.java:503)
10-21 10:52:33.647 14526 14552 W System.err: 	at android.os.IMessenger$Stub$Proxy.send(IMessenger.java:89)
10-21 10:52:33.647 14526 14552 W System.err: 	at android.os.Messenger.send(Messenger.java:57)
10-21 10:52:33.647 14526 14552 W System.err: 	at com.estrongs.android.scanner.service.l.a(Unknown Source)
10-21 10:52:33.647 14526 14552 W System.err: 	at com.estrongs.android.scanner.service.l.a(Unknown Source)
10-21 10:52:33.647 14526 14552 W System.err: 	at com.estrongs.android.scanner.service.c.onEvent(Unknown Source)
10-21 10:52:33.647 14526 14552 W System.err: 	at android.os.FileObserver$ObserverThread.onEvent(FileObserver.java:122)
10-21 10:52:33.647 14526 14552 W System.err: 	at android.os.FileObserver$ObserverThread.observe(Native Method)
10-21 10:52:33.647 14526 14552 W System.err: 	at android.os.FileObserver$ObserverThread.run(FileObserver.java:85)
10-21 10:52:33.647 14526 14552 W System.err: android.os.DeadObjectException
10-21 10:52:33.647 14526 14552 W System.err: 	at android.os.BinderProxy.transactNative(Native Method)
10-21 10:52:33.647 14526 14552 W System.err: 	at android.os.BinderProxy.transact(Binder.java:503)
10-21 10:52:33.647 14526 14552 W System.err: 	at android.os.IMessenger$Stub$Proxy.send(IMessenger.java:89)
10-21 10:52:33.648 14526 14552 W System.err: 	at android.os.Messenger.send(Messenger.java:57)
10-21 10:52:33.648 14526 14552 W System.err: 	at com.estrongs.android.scanner.service.l.a(Unknown Source)
10-21 10:52:33.648 14526 14552 W System.err: 	at com.estrongs.android.scanner.service.l.a(Unknown Source)
10-21 10:52:33.648 14526 14552 W System.err: 	at com.estrongs.android.scanner.service.c.onEvent(Unknown Source)
10-21 10:52:33.648 14526 14552 W System.err: 	at android.os.FileObserver$ObserverThread.onEvent(FileObserver.java:122)
10-21 10:52:33.648 14526 14552 W System.err: 	at android.os.FileObserver$ObserverThread.observe(Native Method)
10-21 10:52:33.648 14526 14552 W System.err: 	at android.os.FileObserver$ObserverThread.run(FileObserver.java:85)
10-21 10:52:33.648 14526 14552 W System.err: android.os.DeadObjectException
10-21 10:52:33.648 14526 14552 W System.err: 	at android.os.BinderProxy.transactNative(Native Method)
10-21 10:52:33.648 14526 14552 W System.err: 	at android.os.BinderProxy.transact(Binder.java:503)
10-21 10:52:33.648 14526 14552 W System.err: 	at android.os.IMessenger$Stub$Proxy.send(IMessenger.java:89)
10-21 10:52:33.648 14526 14552 W System.err: 	at android.os.Messenger.send(Messenger.java:57)
10-21 10:52:33.648 14526 14552 W System.err: 	at com.estrongs.android.scanner.service.l.a(Unknown Source)
10-21 10:52:33.648 14526 14552 W System.err: 	at com.estrongs.android.scanner.service.l.a(Unknown Source)
10-21 10:52:33.648 14526 14552 W System.err: 	at com.estrongs.android.scanner.service.c.onEvent(Unknown Source)
10-21 10:52:33.648 14526 14552 W System.err: 	at android.os.FileObserver$ObserverThread.onEvent(FileObserver.java:122)
10-21 10:52:33.648 14526 14552 W System.err: 	at android.os.FileObserver$ObserverThread.observe(Native Method)
10-21 10:52:33.648 14526 14552 W System.err: 	at android.os.FileObserver$ObserverThread.run(FileObserver.java:85)
10-21 10:52:33.649 14526 14552 W System.err: android.os.DeadObjectException
10-21 10:52:33.649 14526 14552 W System.err: 	at android.os.BinderProxy.transactNative(Native Method)
10-21 10:52:33.649 14526 14552 W System.err: 	at android.os.BinderProxy.transact(Binder.java:503)
10-21 10:52:33.649 14526 14552 W System.err: 	at android.os.IMessenger$Stub$Proxy.send(IMessenger.java:89)
10-21 10:52:33.649 14526 14552 W System.err: 	at android.os.Messenger.send(Messenger.java:57)
10-21 10:52:33.649 14526 14552 W System.err: 	at com.estrongs.android.scanner.service.l.a(Unknown Source)
10-21 10:52:33.649 14526 14552 W System.err: 	at com.estrongs.android.scanner.service.l.a(Unknown Source)
10-21 10:52:33.649 14526 14552 W System.err: 	at com.estrongs.android.scanner.service.c.onEvent(Unknown Source)
10-21 10:52:33.649 14526 14552 W System.err: 	at android.os.FileObserver$ObserverThread.onEvent(FileObserver.java:122)
10-21 10:52:33.649 14526 14552 W System.err: 	at android.os.FileObserver$ObserverThread.observe(Native Method)
10-21 10:52:33.649 14526 14552 W System.err: 	at android.os.FileObserver$ObserverThread.run(FileObserver.java:85)
10-21 10:52:33.649 14526 14552 W System.err: android.os.DeadObjectException
10-21 10:52:33.650 14526 14552 W System.err: 	at android.os.BinderProxy.transactNative(Native Method)
10-21 10:52:33.650 14526 14552 W System.err: 	at android.os.BinderProxy.transact(Binder.java:503)
10-21 10:52:33.650 14526 14552 W System.err: 	at android.os.IMessenger$Stub$Proxy.send(IMessenger.java:89)
10-21 10:52:33.650 14526 14552 W System.err: 	at android.os.Messenger.send(Messenger.java:57)
10-21 10:52:33.650 14526 14552 W System.err: 	at com.estrongs.android.scanner.service.l.a(Unknown Source)
10-21 10:52:33.650 14526 14552 W System.err: 	at com.estrongs.android.scanner.service.l.a(Unknown Source)
10-21 10:52:33.650 14526 14552 W System.err: 	at com.estrongs.android.scanner.service.c.onEvent(Unknown Source)
10-21 10:52:33.650 14526 14552 W System.err: 	at android.os.FileObserver$ObserverThread.onEvent(FileObserver.java:122)
10-21 10:52:33.650 14526 14552 W System.err: 	at android.os.FileObserver$ObserverThread.observe(Native Method)
10-21 10:52:33.650 14526 14552 W System.err: 	at android.os.FileObserver$ObserverThread.run(FileObserver.java:85)
10-21 10:52:33.650 14526 14552 W System.err: android.os.DeadObjectException
10-21 10:52:33.650 14526 14552 W System.err: 	at android.os.BinderProxy.transactNative(Native Method)
10-21 10:52:33.650 14526 14552 W System.err: 	at android.os.BinderProxy.transact(Binder.java:503)
10-21 10:52:33.650 14526 14552 W System.err: 	at android.os.IMessenger$Stub$Proxy.send(IMessenger.java:89)
10-21 10:52:33.650 14526 14552 W System.err: 	at android.os.Messenger.send(Messenger.java:57)
10-21 10:52:33.651 14526 14552 W System.err: 	at com.estrongs.android.scanner.service.l.a(Unknown Source)
10-21 10:52:33.651 14526 14552 W System.err: 	at com.estrongs.android.scanner.service.l.a(Unknown Source)
10-21 10:52:33.651 14526 14552 W System.err: 	at com.estrongs.android.scanner.service.c.onEvent(Unknown Source)
10-21 10:52:33.651 14526 14552 W System.err: 	at android.os.FileObserver$ObserverThread.onEvent(FileObserver.java:122)
10-21 10:52:33.651 14526 14552 W System.err: 	at android.os.FileObserver$ObserverThread.observe(Native Method)
10-21 10:52:33.651 14526 14552 W System.err: 	at android.os.FileObserver$ObserverThread.run(FileObserver.java:85)
10-21 10:52:33.651 14526 14552 W System.err: android.os.DeadObjectException
10-21 10:52:33.651 14526 14552 W System.err: 	at android.os.BinderProxy.transactNative(Native Method)
10-21 10:52:33.651 14526 14552 W System.err: 	at android.os.BinderProxy.transact(Binder.java:503)
10-21 10:52:33.651 14526 14552 W System.err: 	at android.os.IMessenger$Stub$Proxy.send(IMessenger.java:89)
10-21 10:52:33.651 14526 14552 W System.err: 	at android.os.Messenger.send(Messenger.java:57)
10-21 10:52:33.651 14526 14552 W System.err: 	at com.estrongs.android.scanner.service.l.a(Unknown Source)
10-21 10:52:33.651 14526 14552 W System.err: 	at com.estrongs.android.scanner.service.l.a(Unknown Source)
10-21 10:52:33.651 14526 14552 W System.err: 	at com.estrongs.android.scanner.service.c.onEvent(Unknown Source)
10-21 10:52:33.651 14526 14552 W System.err: 	at android.os.FileObserver$ObserverThread.onEvent(FileObserver.java:122)
10-21 10:52:33.651 14526 14552 W System.err: 	at android.os.FileObserver$ObserverThread.observe(Native Method)
10-21 10:52:33.652 14526 14552 W System.err: 	at android.os.FileObserver$ObserverThread.run(FileObserver.java:85)
10-21 10:52:33.652 14526 14552 W System.err: android.os.DeadObjectException
10-21 10:52:33.652 14526 14552 W System.err: 	at android.os.BinderProxy.transactNative(Native Method)
10-21 10:52:33.652 14526 14552 W System.err: 	at android.os.BinderProxy.transact(Binder.java:503)
10-21 10:52:33.652 14526 14552 W System.err: 	at android.os.IMessenger$Stub$Proxy.send(IMessenger.java:89)
10-21 10:52:33.652 14526 14552 W System.err: 	at android.os.Messenger.send(Messenger.java:57)
10-21 10:52:33.652 14526 14552 W System.err: 	at com.estrongs.android.scanner.service.l.a(Unknown Source)
10-21 10:52:33.652 14526 14552 W System.err: 	at com.estrongs.android.scanner.service.l.a(Unknown Source)
10-21 10:52:33.652 14526 14552 W System.err: 	at com.estrongs.android.scanner.service.c.onEvent(Unknown Source)
10-21 10:52:33.652 14526 14552 W System.err: 	at android.os.FileObserver$ObserverThread.onEvent(FileObserver.java:122)
10-21 10:52:33.653 14526 14552 W System.err: 	at android.os.FileObserver$ObserverThread.observe(Native Method)
10-21 10:52:33.653 14526 14552 W System.err: 	at android.os.FileObserver$ObserverThread.run(FileObserver.java:85)
10-21 10:52:33.653 14526 14552 W System.err: android.os.DeadObjectException
10-21 10:52:33.653 14526 14552 W System.err: 	at android.os.BinderProxy.transactNative(Native Method)
10-21 10:52:33.653 14526 14552 W System.err: 	at android.os.BinderProxy.transact(Binder.java:503)
10-21 10:52:33.653 14526 14552 W System.err: 	at android.os.IMessenger$Stub$Proxy.send(IMessenger.java:89)
10-21 10:52:33.653 14526 14552 W System.err: 	at android.os.Messenger.send(Messenger.java:57)
10-21 10:52:33.653 14526 14552 W System.err: 	at com.estrongs.android.scanner.service.l.a(Unknown Source)
10-21 10:52:33.653 14526 14552 W System.err: 	at com.estrongs.android.scanner.service.l.a(Unknown Source)
10-21 10:52:33.653 14526 14552 W System.err: 	at com.estrongs.android.scanner.service.c.onEvent(Unknown Source)
10-21 10:52:33.653 14526 14552 W System.err: 	at android.os.FileObserver$ObserverThread.onEvent(FileObserver.java:122)
10-21 10:52:33.653 14526 14552 W System.err: 	at android.os.FileObserver$ObserverThread.observe(Native Method)
10-21 10:52:33.653 14526 14552 W System.err: 	at android.os.FileObserver$ObserverThread.run(FileObserver.java:85)
10-21 10:52:33.653 14526 14552 W System.err: android.os.DeadObjectException
10-21 10:52:33.654 14526 14552 W System.err: 	at android.os.BinderProxy.transactNative(Native Method)
10-21 10:52:33.654 14526 14552 W System.err: 	at android.os.BinderProxy.transact(Binder.java:503)
10-21 10:52:33.654 14526 14552 W System.err: 	at android.os.IMessenger$Stub$Proxy.send(IMessenger.java:89)
10-21 10:52:33.654 14526 14552 W System.err: 	at android.os.Messenger.send(Messenger.java:57)
10-21 10:52:33.654 14526 14552 W System.err: 	at com.estrongs.android.scanner.service.l.a(Unknown Source)
10-21 10:52:33.654 14526 14552 W System.err: 	at com.estrongs.android.scanner.service.l.a(Unknown Source)
10-21 10:52:33.654 14526 14552 W System.err: 	at com.estrongs.android.scanner.service.c.onEvent(Unknown Source)
10-21 10:52:33.654 14526 14552 W System.err: 	at android.os.FileObserver$ObserverThread.onEvent(FileObserver.java:122)
10-21 10:52:33.654 14526 14552 W System.err: 	at android.os.FileObserver$ObserverThread.observe(Native Method)
10-21 10:52:33.654 14526 14552 W System.err: 	at android.os.FileObserver$ObserverThread.run(FileObserver.java:85)
10-21 10:52:33.654 14526 14552 W System.err: android.os.DeadObjectException
10-21 10:52:33.654 14526 14552 W System.err: 	at android.os.BinderProxy.transactNative(Native Method)
10-21 10:52:33.654 14526 14552 W System.err: 	at android.os.BinderProxy.transact(Binder.java:503)
10-21 10:52:33.654 14526 14552 W System.err: 	at android.os.IMessenger$Stub$Proxy.send(IMessenger.java:89)
10-21 10:52:33.654 14526 14552 W System.err: 	at android.os.Messenger.send(Messenger.java:57)
10-21 10:52:33.654 14526 14552 W System.err: 	at com.estrongs.android.scanner.service.l.a(Unknown Source)
10-21 10:52:33.654 14526 14552 W System.err: 	at com.estrongs.android.scanner.service.l.a(Unknown Source)
10-21 10:52:33.654 14526 14552 W System.err: 	at com.estrongs.android.scanner.service.c.onEvent(Unknown Source)
10-21 10:52:33.655 14526 14552 W System.err: 	at android.os.FileObserver$ObserverThread.onEvent(FileObserver.java:122)
10-21 10:52:33.655 14526 14552 W System.err: 	at android.os.FileObserver$ObserverThread.observe(Native Method)
10-21 10:52:33.655 14526 14552 W System.err: 	at android.os.FileObserver$ObserverThread.run(FileObserver.java:85)
10-21 10:52:33.655 14526 14552 W System.err: android.os.DeadObjectException
10-21 10:52:33.655 14526 14552 W System.err: 	at android.os.BinderProxy.transactNative(Native Method)
10-21 10:52:33.655 14526 14552 W System.err: 	at android.os.BinderProxy.transact(Binder.java:503)
10-21 10:52:33.655 14526 14552 W System.err: 	at android.os.IMessenger$Stub$Proxy.send(IMessenger.java:89)
10-21 10:52:33.655 14526 14552 W System.err: 	at android.os.Messenger.send(Messenger.java:57)
10-21 10:52:33.655 14526 14552 W System.err: 	at com.estrongs.android.scanner.service.l.a(Unknown Source)
10-21 10:52:33.655 14526 14552 W System.err: 	at com.estrongs.android.scanner.service.l.a(Unknown Source)
10-21 10:52:33.655 14526 14552 W System.err: 	at com.estrongs.android.scanner.service.c.onEvent(Unknown Source)
10-21 10:52:33.655 14526 14552 W System.err: 	at android.os.FileObserver$ObserverThread.onEvent(FileObserver.java:122)
10-21 10:52:33.655 14526 14552 W System.err: 	at android.os.FileObserver$ObserverThread.observe(Native Method)
10-21 10:52:33.655 14526 14552 W System.err: 	at android.os.FileObserver$ObserverThread.run(FileObserver.java:85)
10-21 10:52:33.655 14526 14552 W System.err: android.os.DeadObjectException
10-21 10:52:33.656 14526 14552 W System.err: 	at android.os.BinderProxy.transactNative(Native Method)
10-21 10:52:33.656 14526 14552 W System.err: 	at android.os.BinderProxy.transact(Binder.java:503)
10-21 10:52:33.656 14526 14552 W System.err: 	at android.os.IMessenger$Stub$Proxy.send(IMessenger.java:89)
10-21 10:52:33.656 14526 14552 W System.err: 	at android.os.Messenger.send(Messenger.java:57)
10-21 10:52:33.656 14526 14552 W System.err: 	at com.estrongs.android.scanner.service.l.a(Unknown Source)
10-21 10:52:33.656 14526 14552 W System.err: 	at com.estrongs.android.scanner.service.l.a(Unknown Source)
10-21 10:52:33.656 14526 14552 W System.err: 	at com.estrongs.android.scanner.service.c.onEvent(Unknown Source)
10-21 10:52:33.656 14526 14552 W System.err: 	at android.os.FileObserver$ObserverThread.onEvent(FileObserver.java:122)
10-21 10:52:33.656 14526 14552 W System.err: 	at android.os.FileObserver$ObserverThread.observe(Native Method)
10-21 10:52:33.656 14526 14552 W System.err: 	at android.os.FileObserver$ObserverThread.run(FileObserver.java:85)
10-21 10:52:33.656 14526 14552 W System.err: android.os.DeadObjectException
10-21 10:52:33.656 14526 14552 W System.err: 	at android.os.BinderProxy.transactNative(Native Method)
10-21 10:52:33.656 14526 14552 W System.err: 	at android.os.BinderProxy.transact(Binder.java:503)
10-21 10:52:33.656 14526 14552 W System.err: 	at android.os.IMessenger$Stub$Proxy.send(IMessenger.java:89)
10-21 10:52:33.656 14526 14552 W System.err: 	at android.os.Messenger.send(Messenger.java:57)
10-21 10:52:33.656 14526 14552 W System.err: 	at com.estrongs.android.scanner.service.l.a(Unknown Source)
10-21 10:52:33.656 14526 14552 W System.err: 	at com.estrongs.android.scanner.service.l.a(Unknown Source)
10-21 10:52:33.656 14526 14552 W System.err: 	at com.estrongs.android.scanner.service.c.onEvent(Unknown Source)
10-21 10:52:33.656 14526 14552 W System.err: 	at android.os.FileObserver$ObserverThread.onEvent(FileObserver.java:122)
10-21 10:52:33.657 14526 14552 W System.err: 	at android.os.FileObserver$ObserverThread.observe(Native Method)
10-21 10:52:33.657 14526 14552 W System.err: 	at android.os.FileObserver$ObserverThread.run(FileObserver.java:85)
10-21 10:52:33.657 14526 14552 W System.err: android.os.DeadObjectException
10-21 10:52:33.657 14526 14552 W System.err: 	at android.os.BinderProxy.transactNative(Native Method)
10-21 10:52:33.657 14526 14552 W System.err: 	at android.os.BinderProxy.transact(Binder.java:503)
10-21 10:52:33.657 14526 14552 W System.err: 	at android.os.IMessenger$Stub$Proxy.send(IMessenger.java:89)
10-21 10:52:33.657 14526 14552 W System.err: 	at android.os.Messenger.send(Messenger.java:57)
10-21 10:52:33.657 14526 14552 W System.err: 	at com.estrongs.android.scanner.service.l.a(Unknown Source)
10-21 10:52:33.657 14526 14552 W System.err: 	at com.estrongs.android.scanner.service.l.a(Unknown Source)
10-21 10:52:33.657 14526 14552 W System.err: 	at com.estrongs.android.scanner.service.c.onEvent(Unknown Source)
10-21 10:52:33.657 14526 14552 W System.err: 	at android.os.FileObserver$ObserverThread.onEvent(FileObserver.java:122)
10-21 10:52:33.657 14526 14552 W System.err: 	at android.os.FileObserver$ObserverThread.observe(Native Method)
10-21 10:52:33.657 14526 14552 W System.err: 	at android.os.FileObserver$ObserverThread.run(FileObserver.java:85)
10-21 10:52:33.657 14526 14552 W System.err: android.os.DeadObjectException
10-21 10:52:33.657 14526 14552 W System.err: 	at android.os.BinderProxy.transactNative(Native Method)
10-21 10:52:33.657 14526 14552 W System.err: 	at android.os.BinderProxy.transact(Binder.java:503)
10-21 10:52:33.658 14526 14552 W System.err: 	at android.os.IMessenger$Stub$Proxy.send(IMessenger.java:89)
10-21 10:52:33.658 14526 14552 W System.err: 	at android.os.Messenger.send(Messenger.java:57)
10-21 10:52:33.658 14526 14552 W System.err: 	at com.estrongs.android.scanner.service.l.a(Unknown Source)
10-21 10:52:33.658 14526 14552 W System.err: 	at com.estrongs.android.scanner.service.l.a(Unknown Source)
10-21 10:52:33.658 14526 14552 W System.err: 	at com.estrongs.android.scanner.service.c.onEvent(Unknown Source)
10-21 10:52:33.658 14526 14552 W System.err: 	at android.os.FileObserver$ObserverThread.onEvent(FileObserver.java:122)
10-21 10:52:33.658 14526 14552 W System.err: 	at android.os.FileObserver$ObserverThread.observe(Native Method)
10-21 10:52:33.658 14526 14552 W System.err: 	at android.os.FileObserver$ObserverThread.run(FileObserver.java:85)
10-21 10:52:33.658 14526 14552 W System.err: android.os.DeadObjectException
10-21 10:52:33.658 14526 14552 W System.err: 	at android.os.BinderProxy.transactNative(Native Method)
10-21 10:52:33.658 14526 14552 W System.err: 	at android.os.BinderProxy.transact(Binder.java:503)
10-21 10:52:33.658 14526 14552 W System.err: 	at android.os.IMessenger$Stub$Proxy.send(IMessenger.java:89)
10-21 10:52:33.658 14526 14552 W System.err: 	at android.os.Messenger.send(Messenger.java:57)
10-21 10:52:33.658 14526 14552 W System.err: 	at com.estrongs.android.scanner.service.l.a(Unknown Source)
10-21 10:52:33.658 14526 14552 W System.err: 	at com.estrongs.android.scanner.service.l.a(Unknown Source)
10-21 10:52:33.658 14526 14552 W System.err: 	at com.estrongs.android.scanner.service.c.onEvent(Unknown Source)
10-21 10:52:33.658 14526 14552 W System.err: 	at android.os.FileObserver$ObserverThread.onEvent(FileObserver.java:122)
10-21 10:52:33.658 14526 14552 W System.err: 	at android.os.FileObserver$ObserverThread.observe(Native Method)
10-21 10:52:33.658 14526 14552 W System.err: 	at android.os.FileObserver$ObserverThread.run(FileObserver.java:85)
10-21 10:52:33.659 14526 14552 W System.err: android.os.DeadObjectException
10-21 10:52:33.659 14526 14552 W System.err: 	at android.os.BinderProxy.transactNative(Native Method)
10-21 10:52:33.659 14526 14552 W System.err: 	at android.os.BinderProxy.transact(Binder.java:503)
10-21 10:52:33.659 14526 14552 W System.err: 	at android.os.IMessenger$Stub$Proxy.send(IMessenger.java:89)
10-21 10:52:33.659 14526 14552 W System.err: 	at android.os.Messenger.send(Messenger.java:57)
10-21 10:52:33.659 14526 14552 W System.err: 	at com.estrongs.android.scanner.service.l.a(Unknown Source)
10-21 10:52:33.659 14526 14552 W System.err: 	at com.estrongs.android.scanner.service.l.a(Unknown Source)
10-21 10:52:33.659 14526 14552 W System.err: 	at com.estrongs.android.scanner.service.c.onEvent(Unknown Source)
10-21 10:52:33.659 14526 14552 W System.err: 	at android.os.FileObserver$ObserverThread.onEvent(FileObserver.java:122)
10-21 10:52:33.659 14526 14552 W System.err: 	at android.os.FileObserver$ObserverThread.observe(Native Method)
10-21 10:52:33.659 14526 14552 W System.err: 	at android.os.FileObserver$ObserverThread.run(FileObserver.java:85)
10-21 10:52:33.659 14526 14552 W System.err: android.os.DeadObjectException
10-21 10:52:33.659 14526 14552 W System.err: 	at android.os.BinderProxy.transactNative(Native Method)
10-21 10:52:33.659 14526 14552 W System.err: 	at android.os.BinderProxy.transact(Binder.java:503)
10-21 10:52:33.659 14526 14552 W System.err: 	at android.os.IMessenger$Stub$Proxy.send(IMessenger.java:89)
10-21 10:52:33.659 14526 14552 W System.err: 	at android.os.Messenger.send(Messenger.java:57)
10-21 10:52:33.659 14526 14552 W System.err: 	at com.estrongs.android.scanner.service.l.a(Unknown Source)
10-21 10:52:33.659 14526 14552 W System.err: 	at com.estrongs.android.scanner.service.l.a(Unknown Source)
10-21 10:52:33.660 14526 14552 W System.err: 	at com.estrongs.android.scanner.service.c.onEvent(Unknown Source)
10-21 10:52:33.660 14526 14552 W System.err: 	at android.os.FileObserver$ObserverThread.onEvent(FileObserver.java:122)
10-21 10:52:33.660 14526 14552 W System.err: 	at android.os.FileObserver$ObserverThread.observe(Native Method)
10-21 10:52:33.660 14526 14552 W System.err: 	at android.os.FileObserver$ObserverThread.run(FileObserver.java:85)
10-21 10:52:33.660 14526 14552 W System.err: android.os.DeadObjectException
10-21 10:52:33.660 14526 14552 W System.err: 	at android.os.BinderProxy.transactNative(Native Method)
10-21 10:52:33.660 14526 14552 W System.err: 	at android.os.BinderProxy.transact(Binder.java:503)
10-21 10:52:33.660 14526 14552 W System.err: 	at android.os.IMessenger$Stub$Proxy.send(IMessenger.java:89)
10-21 10:52:33.660 14526 14552 W System.err: 	at android.os.Messenger.send(Messenger.java:57)
10-21 10:52:33.660 14526 14552 W System.err: 	at com.estrongs.android.scanner.service.l.a(Unknown Source)
10-21 10:52:33.660 14526 14552 W System.err: 	at com.estrongs.android.scanner.service.l.a(Unknown Source)
10-21 10:52:33.660 14526 14552 W System.err: 	at com.estrongs.android.scanner.service.c.onEvent(Unknown Source)
10-21 10:52:33.660 14526 14552 W System.err: 	at android.os.FileObserver$ObserverThread.onEvent(FileObserver.java:122)
10-21 10:52:33.660 14526 14552 W System.err: 	at android.os.FileObserver$ObserverThread.observe(Native Method)
10-21 10:52:33.660 14526 14552 W System.err: 	at android.os.FileObserver$ObserverThread.run(FileObserver.java:85)
10-21 10:52:33.661 14526 14552 W System.err: android.os.DeadObjectException
10-21 10:52:33.661 14526 14552 W System.err: 	at android.os.BinderProxy.transactNative(Native Method)
10-21 10:52:33.661 14526 14552 W System.err: 	at android.os.BinderProxy.transact(Binder.java:503)
10-21 10:52:33.661 14526 14552 W System.err: 	at android.os.IMessenger$Stub$Proxy.send(IMessenger.java:89)
10-21 10:52:33.661 14526 14552 W System.err: 	at android.os.Messenger.send(Messenger.java:57)
10-21 10:52:33.661 14526 14552 W System.err: 	at com.estrongs.android.scanner.service.l.a(Unknown Source)
10-21 10:52:33.661 14526 14552 W System.err: 	at com.estrongs.android.scanner.service.l.a(Unknown Source)
10-21 10:52:33.661 14526 14552 W System.err: 	at com.estrongs.android.scanner.service.c.onEvent(Unknown Source)
10-21 10:52:33.661 14526 14552 W System.err: 	at android.os.FileObserver$ObserverThread.onEvent(FileObserver.java:122)
10-21 10:52:33.661 14526 14552 W System.err: 	at android.os.FileObserver$ObserverThread.observe(Native Method)
10-21 10:52:33.661 14526 14552 W System.err: 	at android.os.FileObserver$ObserverThread.run(FileObserver.java:85)
10-21 10:52:33.661 14526 14552 W System.err: android.os.DeadObjectException
10-21 10:52:33.661 14526 14552 W System.err: 	at android.os.BinderProxy.transactNative(Native Method)
10-21 10:52:33.661 14526 14552 W System.err: 	at android.os.BinderProxy.transact(Binder.java:503)
10-21 10:52:33.661 14526 14552 W System.err: 	at android.os.IMessenger$Stub$Proxy.send(IMessenger.java:89)
10-21 10:52:33.661 14526 14552 W System.err: 	at android.os.Messenger.send(Messenger.java:57)
10-21 10:52:33.661 14526 14552 W System.err: 	at com.estrongs.android.scanner.service.l.a(Unknown Source)
10-21 10:52:33.661 14526 14552 W System.err: 	at com.estrongs.android.scanner.service.l.a(Unknown Source)
10-21 10:52:33.661 14526 14552 W System.err: 	at com.estrongs.android.scanner.service.c.onEvent(Unknown Source)
10-21 10:52:33.661 14526 14552 W System.err: 	at android.os.FileObserver$ObserverThread.onEvent(FileObserver.java:122)
10-21 10:52:33.662 14526 14552 W System.err: 	at android.os.FileObserver$ObserverThread.observe(Native Method)
10-21 10:52:33.662 14526 14552 W System.err: 	at android.os.FileObserver$ObserverThread.run(FileObserver.java:85)
10-21 10:52:33.662 14526 14552 W System.err: android.os.DeadObjectException
10-21 10:52:33.662 14526 14552 W System.err: 	at android.os.BinderProxy.transactNative(Native Method)
10-21 10:52:33.662 14526 14552 W System.err: 	at android.os.BinderProxy.transact(Binder.java:503)
10-21 10:52:33.662 14526 14552 W System.err: 	at android.os.IMessenger$Stub$Proxy.send(IMessenger.java:89)
10-21 10:52:33.662 14526 14552 W System.err: 	at android.os.Messenger.send(Messenger.java:57)
10-21 10:52:33.662 14526 14552 W System.err: 	at com.estrongs.android.scanner.service.l.a(Unknown Source)
10-21 10:52:33.662 14526 14552 W System.err: 	at com.estrongs.android.scanner.service.l.a(Unknown Source)
10-21 10:52:33.662 14526 14552 W System.err: 	at com.estrongs.android.scanner.service.c.onEvent(Unknown Source)
10-21 10:52:33.662 14526 14552 W System.err: 	at android.os.FileObserver$ObserverThread.onEvent(FileObserver.java:122)
10-21 10:52:33.662 14526 14552 W System.err: 	at android.os.FileObserver$ObserverThread.observe(Native Method)
10-21 10:52:33.662 14526 14552 W System.err: 	at android.os.FileObserver$ObserverThread.run(FileObserver.java:85)
10-21 10:52:33.662 14526 14552 W System.err: android.os.DeadObjectException
10-21 10:52:33.662 14526 14552 W System.err: 	at android.os.BinderProxy.transactNative(Native Method)
10-21 10:52:33.663 14526 14552 W System.err: 	at android.os.BinderProxy.transact(Binder.java:503)
10-21 10:52:33.663 14526 14552 W System.err: 	at android.os.IMessenger$Stub$Proxy.send(IMessenger.java:89)
10-21 10:52:33.663 14526 14552 W System.err: 	at android.os.Messenger.send(Messenger.java:57)
10-21 10:52:33.663 14526 14552 W System.err: 	at com.estrongs.android.scanner.service.l.a(Unknown Source)
10-21 10:52:33.663 14526 14552 W System.err: 	at com.estrongs.android.scanner.service.l.a(Unknown Source)
10-21 10:52:33.663 14526 14552 W System.err: 	at com.estrongs.android.scanner.service.c.onEvent(Unknown Source)
10-21 10:52:33.663 14526 14552 W System.err: 	at android.os.FileObserver$ObserverThread.onEvent(FileObserver.java:122)
10-21 10:52:33.663 14526 14552 W System.err: 	at android.os.FileObserver$ObserverThread.observe(Native Method)
10-21 10:52:33.663 14526 14552 W System.err: 	at android.os.FileObserver$ObserverThread.run(FileObserver.java:85)
10-21 10:52:33.663 14526 14552 W System.err: android.os.DeadObjectException
10-21 10:52:33.663 14526 14552 W System.err: 	at android.os.BinderProxy.transactNative(Native Method)
10-21 10:52:33.663 14526 14552 W System.err: 	at android.os.BinderProxy.transact(Binder.java:503)
10-21 10:52:33.663 14526 14552 W System.err: 	at android.os.IMessenger$Stub$Proxy.send(IMessenger.java:89)
10-21 10:52:33.663 14526 14552 W System.err: 	at android.os.Messenger.send(Messenger.java:57)
10-21 10:52:33.663 14526 14552 W System.err: 	at com.estrongs.android.scanner.service.l.a(Unknown Source)
10-21 10:52:33.663 14526 14552 W System.err: 	at com.estrongs.android.scanner.service.l.a(Unknown Source)
10-21 10:52:33.663 14526 14552 W System.err: 	at com.estrongs.android.scanner.service.c.onEvent(Unknown Source)
10-21 10:52:33.663 14526 14552 W System.err: 	at android.os.FileObserver$ObserverThread.onEvent(FileObserver.java:122)
10-21 10:52:33.663 14526 14552 W System.err: 	at android.os.FileObserver$ObserverThread.observe(Native Method)
10-21 10:52:33.663 14526 14552 W System.err: 	at android.os.FileObserver$ObserverThread.run(FileObserver.java:85)
10-21 10:52:33.664 14526 14552 W System.err: android.os.DeadObjectException
10-21 10:52:33.664 14526 14552 W System.err: 	at android.os.BinderProxy.transactNative(Native Method)
10-21 10:52:33.664 14526 14552 W System.err: 	at android.os.BinderProxy.transact(Binder.java:503)
10-21 10:52:33.664 14526 14552 W System.err: 	at android.os.IMessenger$Stub$Proxy.send(IMessenger.java:89)
10-21 10:52:33.664 14526 14552 W System.err: 	at android.os.Messenger.send(Messenger.java:57)
10-21 10:52:33.664 14526 14552 W System.err: 	at com.estrongs.android.scanner.service.l.a(Unknown Source)
10-21 10:52:33.664 14526 14552 W System.err: 	at com.estrongs.android.scanner.service.l.a(Unknown Source)
10-21 10:52:33.664 14526 14552 W System.err: 	at com.estrongs.android.scanner.service.c.onEvent(Unknown Source)
10-21 10:52:33.664 14526 14552 W System.err: 	at android.os.FileObserver$ObserverThread.onEvent(FileObserver.java:122)
10-21 10:52:33.664 14526 14552 W System.err: 	at android.os.FileObserver$ObserverThread.observe(Native Method)
10-21 10:52:33.664 14526 14552 W System.err: 	at android.os.FileObserver$ObserverThread.run(FileObserver.java:85)
10-21 10:52:33.664 14526 14552 W System.err: android.os.DeadObjectException
10-21 10:52:33.664 14526 14552 W System.err: 	at android.os.BinderProxy.transactNative(Native Method)
10-21 10:52:33.664 14526 14552 W System.err: 	at android.os.BinderProxy.transact(Binder.java:503)
10-21 10:52:33.665 14526 14552 W System.err: 	at android.os.IMessenger$Stub$Proxy.send(IMessenger.java:89)
10-21 10:52:33.665 14526 14552 W System.err: 	at android.os.Messenger.send(Messenger.java:57)
10-21 10:52:33.665 14526 14552 W System.err: 	at com.estrongs.android.scanner.service.l.a(Unknown Source)
10-21 10:52:33.665 14526 14552 W System.err: 	at com.estrongs.android.scanner.service.l.a(Unknown Source)
10-21 10:52:33.665 14526 14552 W System.err: 	at com.estrongs.android.scanner.service.c.onEvent(Unknown Source)
10-21 10:52:33.665 14526 14552 W System.err: 	at android.os.FileObserver$ObserverThread.onEvent(FileObserver.java:122)
10-21 10:52:33.665 14526 14552 W System.err: 	at android.os.FileObserver$ObserverThread.observe(Native Method)
10-21 10:52:33.665 14526 14552 W System.err: 	at android.os.FileObserver$ObserverThread.run(FileObserver.java:85)
10-21 10:52:33.665 14526 14552 W System.err: android.os.DeadObjectException
10-21 10:52:33.665 14526 14552 W System.err: 	at android.os.BinderProxy.transactNative(Native Method)
10-21 10:52:33.665 14526 14552 W System.err: 	at android.os.BinderProxy.transact(Binder.java:503)
10-21 10:52:33.665 14526 14552 W System.err: 	at android.os.IMessenger$Stub$Proxy.send(IMessenger.java:89)
10-21 10:52:33.665 14526 14552 W System.err: 	at android.os.Messenger.send(Messenger.java:57)
10-21 10:52:33.665 14526 14552 W System.err: 	at com.estrongs.android.scanner.service.l.a(Unknown Source)
10-21 10:52:33.665 14526 14552 W System.err: 	at com.estrongs.android.scanner.service.l.a(Unknown Source)
10-21 10:52:33.665 14526 14552 W System.err: 	at com.estrongs.android.scanner.service.c.onEvent(Unknown Source)
10-21 10:52:33.665 14526 14552 W System.err: 	at android.os.FileObserver$ObserverThread.onEvent(FileObserver.java:122)
10-21 10:52:33.665 14526 14552 W System.err: 	at android.os.FileObserver$ObserverThread.observe(Native Method)
10-21 10:52:33.665 14526 14552 W System.err: 	at android.os.FileObserver$ObserverThread.run(FileObserver.java:85)
10-21 10:52:33.666 14526 14552 W System.err: android.os.DeadObjectException
10-21 10:52:33.666 14526 14552 W System.err: 	at android.os.BinderProxy.transactNative(Native Method)
10-21 10:52:33.666 14526 14552 W System.err: 	at android.os.BinderProxy.transact(Binder.java:503)
10-21 10:52:33.666 14526 14552 W System.err: 	at android.os.IMessenger$Stub$Proxy.send(IMessenger.java:89)
10-21 10:52:33.666 14526 14552 W System.err: 	at android.os.Messenger.send(Messenger.java:57)
10-21 10:52:33.666 14526 14552 W System.err: 	at com.estrongs.android.scanner.service.l.a(Unknown Source)
10-21 10:52:33.666 14526 14552 W System.err: 	at com.estrongs.android.scanner.service.l.a(Unknown Source)
10-21 10:52:33.666 14526 14552 W System.err: 	at com.estrongs.android.scanner.service.c.onEvent(Unknown Source)
10-21 10:52:33.666 14526 14552 W System.err: 	at android.os.FileObserver$ObserverThread.onEvent(FileObserver.java:122)
10-21 10:52:33.666 14526 14552 W System.err: 	at android.os.FileObserver$ObserverThread.observe(Native Method)
10-21 10:52:33.666 14526 14552 W System.err: 	at android.os.FileObserver$ObserverThread.run(FileObserver.java:85)
10-21 10:52:33.666 14526 14552 W System.err: android.os.DeadObjectException
10-21 10:52:33.666 14526 14552 W System.err: 	at android.os.BinderProxy.transactNative(Native Method)
10-21 10:52:33.666 14526 14552 W System.err: 	at android.os.BinderProxy.transact(Binder.java:503)
10-21 10:52:33.667 14526 14552 W System.err: 	at android.os.IMessenger$Stub$Proxy.send(IMessenger.java:89)
10-21 10:52:33.667 14526 14552 W System.err: 	at android.os.Messenger.send(Messenger.java:57)
10-21 10:52:33.667 14526 14552 W System.err: 	at com.estrongs.android.scanner.service.l.a(Unknown Source)
10-21 10:52:33.667 14526 14552 W System.err: 	at com.estrongs.android.scanner.service.l.a(Unknown Source)
10-21 10:52:33.667 14526 14552 W System.err: 	at com.estrongs.android.scanner.service.c.onEvent(Unknown Source)
10-21 10:52:33.667 14526 14552 W System.err: 	at android.os.FileObserver$ObserverThread.onEvent(FileObserver.java:122)
10-21 10:52:33.667 14526 14552 W System.err: 	at android.os.FileObserver$ObserverThread.observe(Native Method)
10-21 10:52:33.667 14526 14552 W System.err: 	at android.os.FileObserver$ObserverThread.run(FileObserver.java:85)
10-21 10:52:33.667 14526 14552 W System.err: android.os.DeadObjectException
10-21 10:52:33.667 14526 14552 W System.err: 	at android.os.BinderProxy.transactNative(Native Method)
10-21 10:52:33.667 14526 14552 W System.err: 	at android.os.BinderProxy.transact(Binder.java:503)
10-21 10:52:33.667 14526 14552 W System.err: 	at android.os.IMessenger$Stub$Proxy.send(IMessenger.java:89)
10-21 10:52:33.667 14526 14552 W System.err: 	at android.os.Messenger.send(Messenger.java:57)
10-21 10:52:33.667 14526 14552 W System.err: 	at com.estrongs.android.scanner.service.l.a(Unknown Source)
10-21 10:52:33.667 14526 14552 W System.err: 	at com.estrongs.android.scanner.service.l.a(Unknown Source)
10-21 10:52:33.667 14526 14552 W System.err: 	at com.estrongs.android.scanner.service.c.onEvent(Unknown Source)
10-21 10:52:33.667 14526 14552 W System.err: 	at android.os.FileObserver$ObserverThread.onEvent(FileObserver.java:122)
10-21 10:52:33.667 14526 14552 W System.err: 	at android.os.FileObserver$ObserverThread.observe(Native Method)
10-21 10:52:33.668 14526 14552 W System.err: 	at android.os.FileObserver$ObserverThread.run(FileObserver.java:85)
10-21 10:52:33.668 14526 14552 W System.err: android.os.DeadObjectException
10-21 10:52:33.668 14526 14552 W System.err: 	at android.os.BinderProxy.transactNative(Native Method)
10-21 10:52:33.668 14526 14552 W System.err: 	at android.os.BinderProxy.transact(Binder.java:503)
10-21 10:52:33.668 14526 14552 W System.err: 	at android.os.IMessenger$Stub$Proxy.send(IMessenger.java:89)
10-21 10:52:33.668 14526 14552 W System.err: 	at android.os.Messenger.send(Messenger.java:57)
10-21 10:52:33.668 14526 14552 W System.err: 	at com.estrongs.android.scanner.service.l.a(Unknown Source)
10-21 10:52:33.668 14526 14552 W System.err: 	at com.estrongs.android.scanner.service.l.a(Unknown Source)
10-21 10:52:33.668 14526 14552 W System.err: 	at com.estrongs.android.scanner.service.c.onEvent(Unknown Source)
10-21 10:52:33.668 14526 14552 W System.err: 	at android.os.FileObserver$ObserverThread.onEvent(FileObserver.java:122)
10-21 10:52:33.668 14526 14552 W System.err: 	at android.os.FileObserver$ObserverThread.observe(Native Method)
10-21 10:52:33.668 14526 14552 W System.err: 	at android.os.FileObserver$ObserverThread.run(FileObserver.java:85)
10-21 10:52:33.668 14526 14552 W System.err: android.os.DeadObjectException
10-21 10:52:33.668 14526 14552 W System.err: 	at android.os.BinderProxy.transactNative(Native Method)
10-21 10:52:33.669 14526 14552 W System.err: 	at android.os.BinderProxy.transact(Binder.java:503)
10-21 10:52:33.669 14526 14552 W System.err: 	at android.os.IMessenger$Stub$Proxy.send(IMessenger.java:89)
10-21 10:52:33.669 14526 14552 W System.err: 	at android.os.Messenger.send(Messenger.java:57)
10-21 10:52:33.669 14526 14552 W System.err: 	at com.estrongs.android.scanner.service.l.a(Unknown Source)
10-21 10:52:33.669 14526 14552 W System.err: 	at com.estrongs.android.scanner.service.l.a(Unknown Source)
10-21 10:52:33.669 14526 14552 W System.err: 	at com.estrongs.android.scanner.service.c.onEvent(Unknown Source)
10-21 10:52:33.669 14526 14552 W System.err: 	at android.os.FileObserver$ObserverThread.onEvent(FileObserver.java:122)
10-21 10:52:33.669 14526 14552 W System.err: 	at android.os.FileObserver$ObserverThread.observe(Native Method)
10-21 10:52:33.669 14526 14552 W System.err: 	at android.os.FileObserver$ObserverThread.run(FileObserver.java:85)
10-21 10:52:33.669 14526 14552 W System.err: android.os.DeadObjectException
10-21 10:52:33.669 14526 14552 W System.err: 	at android.os.BinderProxy.transactNative(Native Method)
10-21 10:52:33.669 14526 14552 W System.err: 	at android.os.BinderProxy.transact(Binder.java:503)
10-21 10:52:33.670 14526 14552 W System.err: 	at android.os.IMessenger$Stub$Proxy.send(IMessenger.java:89)
10-21 10:52:33.670 14526 14552 W System.err: 	at android.os.Messenger.send(Messenger.java:57)
10-21 10:52:33.670 14526 14552 W System.err: 	at com.estrongs.android.scanner.service.l.a(Unknown Source)
10-21 10:52:33.670 14526 14552 W System.err: 	at com.estrongs.android.scanner.service.l.a(Unknown Source)
10-21 10:52:33.670 14526 14552 W System.err: 	at com.estrongs.android.scanner.service.c.onEvent(Unknown Source)
10-21 10:52:33.670 14526 14552 W System.err: 	at android.os.FileObserver$ObserverThread.onEvent(FileObserver.java:122)
10-21 10:52:33.670 14526 14552 W System.err: 	at android.os.FileObserver$ObserverThread.observe(Native Method)
10-21 10:52:33.670 14526 14552 W System.err: 	at android.os.FileObserver$ObserverThread.run(FileObserver.java:85)
10-21 10:52:33.670 14526 14552 W System.err: android.os.DeadObjectException
10-21 10:52:33.670 14526 14552 W System.err: 	at android.os.BinderProxy.transactNative(Native Method)
10-21 10:52:33.670 14526 14552 W System.err: 	at android.os.BinderProxy.transact(Binder.java:503)
10-21 10:52:33.670 14526 14552 W System.err: 	at android.os.IMessenger$Stub$Proxy.send(IMessenger.java:89)
10-21 10:52:33.670 14526 14552 W System.err: 	at android.os.Messenger.send(Messenger.java:57)
10-21 10:52:33.670 14526 14552 W System.err: 	at com.estrongs.android.scanner.service.l.a(Unknown Source)
10-21 10:52:33.670 14526 14552 W System.err: 	at com.estrongs.android.scanner.service.l.a(Unknown Source)
10-21 10:52:33.670 14526 14552 W System.err: 	at com.estrongs.android.scanner.service.c.onEvent(Unknown Source)
10-21 10:52:33.670 14526 14552 W System.err: 	at android.os.FileObserver$ObserverThread.onEvent(FileObserver.java:122)
10-21 10:52:33.670 14526 14552 W System.err: 	at android.os.FileObserver$ObserverThread.observe(Native Method)
10-21 10:52:33.671 14526 14552 W System.err: 	at android.os.FileObserver$ObserverThread.run(FileObserver.java:85)
10-21 10:52:33.671 14526 14552 W System.err: android.os.DeadObjectException
10-21 10:52:33.671 14526 14552 W System.err: 	at android.os.BinderProxy.transactNative(Native Method)
10-21 10:52:33.671 14526 14552 W System.err: 	at android.os.BinderProxy.transact(Binder.java:503)
10-21 10:52:33.671 14526 14552 W System.err: 	at android.os.IMessenger$Stub$Proxy.send(IMessenger.java:89)
10-21 10:52:33.671 14526 14552 W System.err: 	at android.os.Messenger.send(Messenger.java:57)
10-21 10:52:33.671 14526 14552 W System.err: 	at com.estrongs.android.scanner.service.l.a(Unknown Source)
10-21 10:52:33.671 14526 14552 W System.err: 	at com.estrongs.android.scanner.service.l.a(Unknown Source)
10-21 10:52:33.671 14526 14552 W System.err: 	at com.estrongs.android.scanner.service.c.onEvent(Unknown Source)
10-21 10:52:33.671 14526 14552 W System.err: 	at android.os.FileObserver$ObserverThread.onEvent(FileObserver.java:122)
10-21 10:52:33.671 14526 14552 W System.err: 	at android.os.FileObserver$ObserverThread.observe(Native Method)
10-21 10:52:33.671 14526 14552 W System.err: 	at android.os.FileObserver$ObserverThread.run(FileObserver.java:85)
10-21 10:52:33.671 14526 14552 W System.err: android.os.DeadObjectException
10-21 10:52:33.672 14526 14552 W System.err: 	at android.os.BinderProxy.transactNative(Native Method)
