10-21 10:52:33.847 14526 14552 W System.err: 	at android.os.FileObserver$ObserverThread.run(FileObserver.java:85)
10-21 10:52:33.848 14526 14552 W System.err: android.os.DeadObjectException
10-21 10:52:33.848 14526 14552 W System.err: 	at android.os.BinderProxy.transactNative(Native Method)
10-21 10:52:33.848 14526 14552 W System.err: 	at android.os.BinderProxy.transact(Binder.java:503)
10-21 10:52:33.848 14526 14552 W System.err: 	at android.os.IMessenger$Stub$Proxy.send(IMessenger.java:89)
10-21 10:52:33.848 14526 14552 W System.err: 	at android.os.Messenger.send(Messenger.java:57)
10-21 10:52:33.848 14526 14552 W System.err: 	at com.estrongs.android.scanner.service.l.a(Unknown Source)
10-21 10:52:33.848 14526 14552 W System.err: 	at com.estrongs.android.scanner.service.l.a(Unknown Source)
10-21 10:52:33.848 14526 14552 W System.err: 	at com.estrongs.android.scanner.service.c.onEvent(Unknown Source)
10-21 10:52:33.848 14526 14552 W System.err: 	at android.os.FileObserver$ObserverThread.onEvent(FileObserver.java:122)
10-21 10:52:33.848 14526 14552 W System.err: 	at android.os.FileObserver$ObserverThread.observe(Native Method)
10-21 10:52:33.848 14526 14552 W System.err: 	at android.os.FileObserver$ObserverThread.run(FileObserver.java:85)
10-21 10:52:33.848 14526 14552 W System.err: android.os.DeadObjectException
10-21 10:52:33.848 14526 14552 W System.err: 	at android.os.BinderProxy.transactNative(Native Method)
10-21 10:52:33.848 14526 14552 W System.err: 	at android.os.BinderProxy.transact(Binder.java:503)
10-21 10:52:33.848 14526 14552 W System.err: 	at android.os.IMessenger$Stub$Proxy.send(IMessenger.java:89)
10-21 10:52:33.848 14526 14552 W System.err: 	at android.os.Messenger.send(Messenger.java:57)
10-21 10:52:33.849 14526 14552 W System.err: 	at com.estrongs.android.scanner.service.l.a(Unknown Source)
10-21 10:52:33.849 14526 14552 W System.err: 	at com.estrongs.android.scanner.service.l.a(Unknown Source)
10-21 10:52:33.849 14526 14552 W System.err: 	at com.estrongs.android.scanner.service.c.onEvent(Unknown Source)
10-21 10:52:33.849 14526 14552 W System.err: 	at android.os.FileObserver$ObserverThread.onEvent(FileObserver.java:122)
10-21 10:52:33.849 14526 14552 W System.err: 	at android.os.FileObserver$ObserverThread.observe(Native Method)
10-21 10:52:33.849 14526 14552 W System.err: 	at android.os.FileObserver$ObserverThread.run(FileObserver.java:85)
10-21 10:52:33.849 14526 14552 W System.err: android.os.DeadObjectException
10-21 10:52:33.849 14526 14552 W System.err: 	at android.os.BinderProxy.transactNative(Native Method)
10-21 10:52:33.853 14526 14552 W System.err: 	at android.os.BinderProxy.transact(Binder.java:503)
10-21 10:52:33.853 14526 14552 W System.err: 	at android.os.IMessenger$Stub$Proxy.send(IMessenger.java:89)
10-21 10:52:33.853 14526 14552 W System.err: 	at android.os.Messenger.send(Messenger.java:57)
10-21 10:52:33.853 14526 14552 W System.err: 	at com.estrongs.android.scanner.service.l.a(Unknown Source)
10-21 10:52:33.853 14526 14552 W System.err: 	at com.estrongs.android.scanner.service.l.a(Unknown Source)
10-21 10:52:33.853 14526 14552 W System.err: 	at com.estrongs.android.scanner.service.c.onEvent(Unknown Source)
10-21 10:52:33.853 14526 14552 W System.err: 	at android.os.FileObserver$ObserverThread.onEvent(FileObserver.java:122)
10-21 10:52:33.853 14526 14552 W System.err: 	at android.os.FileObserver$ObserverThread.observe(Native Method)
10-21 10:52:33.853 14526 14552 W System.err: 	at android.os.FileObserver$ObserverThread.run(FileObserver.java:85)
10-21 10:52:33.853 14526 14552 W System.err: android.os.DeadObjectException
10-21 10:52:33.853 14526 14552 W System.err: 	at android.os.BinderProxy.transactNative(Native Method)
10-21 10:52:33.853 14526 14552 W System.err: 	at android.os.BinderProxy.transact(Binder.java:503)
10-21 10:52:33.853 14526 14552 W System.err: 	at android.os.IMessenger$Stub$Proxy.send(IMessenger.java:89)
10-21 10:52:33.853 14526 14552 W System.err: 	at android.os.Messenger.send(Messenger.java:57)
10-21 10:52:33.853 14526 14552 W System.err: 	at com.estrongs.android.scanner.service.l.a(Unknown Source)
10-21 10:52:33.853 14526 14552 W System.err: 	at com.estrongs.android.scanner.service.l.a(Unknown Source)
10-21 10:52:33.853 14526 14552 W System.err: 	at com.estrongs.android.scanner.service.c.onEvent(Unknown Source)
10-21 10:52:33.854 14526 14552 W System.err: 	at android.os.FileObserver$ObserverThread.onEvent(FileObserver.java:122)
10-21 10:52:33.854 14526 14552 W System.err: 	at android.os.FileObserver$ObserverThread.observe(Native Method)
10-21 10:52:33.854 14526 14552 W System.err: 	at android.os.FileObserver$ObserverThread.run(FileObserver.java:85)
10-21 10:52:33.854 14526 14552 W System.err: android.os.DeadObjectException
10-21 10:52:33.854 14526 14552 W System.err: 	at android.os.BinderProxy.transactNative(Native Method)
10-21 10:52:33.854 14526 14552 W System.err: 	at android.os.BinderProxy.transact(Binder.java:503)
10-21 10:52:33.854 14526 14552 W System.err: 	at android.os.IMessenger$Stub$Proxy.send(IMessenger.java:89)
10-21 10:52:33.854 14526 14552 W System.err: 	at android.os.Messenger.send(Messenger.java:57)
10-21 10:52:33.854 14526 14552 W System.err: 	at com.estrongs.android.scanner.service.l.a(Unknown Source)
10-21 10:52:33.854 14526 14552 W System.err: 	at com.estrongs.android.scanner.service.l.a(Unknown Source)
10-21 10:52:33.854 14526 14552 W System.err: 	at com.estrongs.android.scanner.service.c.onEvent(Unknown Source)
10-21 10:52:33.854 14526 14552 W System.err: 	at android.os.FileObserver$ObserverThread.onEvent(FileObserver.java:122)
10-21 10:52:33.854 14526 14552 W System.err: 	at android.os.FileObserver$ObserverThread.observe(Native Method)
10-21 10:52:33.854 14526 14552 W System.err: 	at android.os.FileObserver$ObserverThread.run(FileObserver.java:85)
10-21 10:52:33.854 14526 14552 W System.err: android.os.DeadObjectException
10-21 10:52:33.855 14526 14552 W System.err: 	at android.os.BinderProxy.transactNative(Native Method)
10-21 10:52:33.855 14526 14552 W System.err: 	at android.os.BinderProxy.transact(Binder.java:503)
10-21 10:52:33.855 14526 14552 W System.err: 	at android.os.IMessenger$Stub$Proxy.send(IMessenger.java:89)
10-21 10:52:33.855 14526 14552 W System.err: 	at android.os.Messenger.send(Messenger.java:57)
10-21 10:52:33.855 14526 14552 W System.err: 	at com.estrongs.android.scanner.service.l.a(Unknown Source)
10-21 10:52:33.855 14526 14552 W System.err: 	at com.estrongs.android.scanner.service.l.a(Unknown Source)
10-21 10:52:33.855 14526 14552 W System.err: 	at com.estrongs.android.scanner.service.c.onEvent(Unknown Source)
10-21 10:52:33.855 14526 14552 W System.err: 	at android.os.FileObserver$ObserverThread.onEvent(FileObserver.java:122)
10-21 10:52:33.855 14526 14552 W System.err: 	at android.os.FileObserver$ObserverThread.observe(Native Method)
10-21 10:52:33.855 14526 14552 W System.err: 	at android.os.FileObserver$ObserverThread.run(FileObserver.java:85)
10-21 10:52:33.855 14526 14552 W System.err: android.os.DeadObjectException
10-21 10:52:33.855 14526 14552 W System.err: 	at android.os.BinderProxy.transactNative(Native Method)
10-21 10:52:33.855 14526 14552 W System.err: 	at android.os.BinderProxy.transact(Binder.java:503)
10-21 10:52:33.855 14526 14552 W System.err: 	at android.os.IMessenger$Stub$Proxy.send(IMessenger.java:89)
10-21 10:52:33.855 14526 14552 W System.err: 	at android.os.Messenger.send(Messenger.java:57)
10-21 10:52:33.855 14526 14552 W System.err: 	at com.estrongs.android.scanner.service.l.a(Unknown Source)
10-21 10:52:33.855 14526 14552 W System.err: 	at com.estrongs.android.scanner.service.l.a(Unknown Source)
10-21 10:52:33.855 14526 14552 W System.err: 	at com.estrongs.android.scanner.service.c.onEvent(Unknown Source)
10-21 10:52:33.856 14526 14552 W System.err: 	at android.os.FileObserver$ObserverThread.onEvent(FileObserver.java:122)
10-21 10:52:33.856 14526 14552 W System.err: 	at android.os.FileObserver$ObserverThread.observe(Native Method)
10-21 10:52:33.856 14526 14552 W System.err: 	at android.os.FileObserver$ObserverThread.run(FileObserver.java:85)
10-21 10:52:33.856 14526 14552 W System.err: android.os.DeadObjectException
10-21 10:52:33.856 14526 14552 W System.err: 	at android.os.BinderProxy.transactNative(Native Method)
10-21 10:52:33.856 14526 14552 W System.err: 	at android.os.BinderProxy.transact(Binder.java:503)
10-21 10:52:33.856 14526 14552 W System.err: 	at android.os.IMessenger$Stub$Proxy.send(IMessenger.java:89)
10-21 10:52:33.856 14526 14552 W System.err: 	at android.os.Messenger.send(Messenger.java:57)
10-21 10:52:33.856 14526 14552 W System.err: 	at com.estrongs.android.scanner.service.l.a(Unknown Source)
10-21 10:52:33.856 14526 14552 W System.err: 	at com.estrongs.android.scanner.service.l.a(Unknown Source)
10-21 10:52:33.856 14526 14552 W System.err: 	at com.estrongs.android.scanner.service.c.onEvent(Unknown Source)
10-21 10:52:33.856 14526 14552 W System.err: 	at android.os.FileObserver$ObserverThread.onEvent(FileObserver.java:122)
10-21 10:52:33.856 14526 14552 W System.err: 	at android.os.FileObserver$ObserverThread.observe(Native Method)
10-21 10:52:33.856 14526 14552 W System.err: 	at android.os.FileObserver$ObserverThread.run(FileObserver.java:85)
10-21 10:52:33.856 14526 14552 W System.err: android.os.DeadObjectException
10-21 10:52:33.857 14526 14552 W System.err: 	at android.os.BinderProxy.transactNative(Native Method)
10-21 10:52:33.857 14526 14552 W System.err: 	at android.os.BinderProxy.transact(Binder.java:503)
10-21 10:52:33.857 14526 14552 W System.err: 	at android.os.IMessenger$Stub$Proxy.send(IMessenger.java:89)
10-21 10:52:33.857 14526 14552 W System.err: 	at android.os.Messenger.send(Messenger.java:57)
10-21 10:52:33.857 14526 14552 W System.err: 	at com.estrongs.android.scanner.service.l.a(Unknown Source)
10-21 10:52:33.857 14526 14552 W System.err: 	at com.estrongs.android.scanner.service.l.a(Unknown Source)
10-21 10:52:33.857 14526 14552 W System.err: 	at com.estrongs.android.scanner.service.c.onEvent(Unknown Source)
10-21 10:52:33.857 14526 14552 W System.err: 	at android.os.FileObserver$ObserverThread.onEvent(FileObserver.java:122)
10-21 10:52:33.857 14526 14552 W System.err: 	at android.os.FileObserver$ObserverThread.observe(Native Method)
10-21 10:52:33.857 14526 14552 W System.err: 	at android.os.FileObserver$ObserverThread.run(FileObserver.java:85)
10-21 10:52:33.857 14526 14552 W System.err: android.os.DeadObjectException
10-21 10:52:33.857 14526 14552 W System.err: 	at android.os.BinderProxy.transactNative(Native Method)
10-21 10:52:33.857 14526 14552 W System.err: 	at android.os.BinderProxy.transact(Binder.java:503)
10-21 10:52:33.857 14526 14552 W System.err: 	at android.os.IMessenger$Stub$Proxy.send(IMessenger.java:89)
10-21 10:52:33.857 14526 14552 W System.err: 	at android.os.Messenger.send(Messenger.java:57)
10-21 10:52:33.857 14526 14552 W System.err: 	at com.estrongs.android.scanner.service.l.a(Unknown Source)
10-21 10:52:33.857 14526 14552 W System.err: 	at com.estrongs.android.scanner.service.l.a(Unknown Source)
10-21 10:52:33.857 14526 14552 W System.err: 	at com.estrongs.android.scanner.service.c.onEvent(Unknown Source)
10-21 10:52:33.857 14526 14552 W System.err: 	at android.os.FileObserver$ObserverThread.onEvent(FileObserver.java:122)
10-21 10:52:33.857 14526 14552 W System.err: 	at android.os.FileObserver$ObserverThread.observe(Native Method)
10-21 10:52:33.858 14526 14552 W System.err: 	at android.os.FileObserver$ObserverThread.run(FileObserver.java:85)
10-21 10:52:33.858 14526 14552 W System.err: android.os.DeadObjectException
10-21 10:52:33.858 14526 14552 W System.err: 	at android.os.BinderProxy.transactNative(Native Method)
10-21 10:52:33.858 14526 14552 W System.err: 	at android.os.BinderProxy.transact(Binder.java:503)
10-21 10:52:33.858 14526 14552 W System.err: 	at android.os.IMessenger$Stub$Proxy.send(IMessenger.java:89)
10-21 10:52:33.858 14526 14552 W System.err: 	at android.os.Messenger.send(Messenger.java:57)
10-21 10:52:33.858 14526 14552 W System.err: 	at com.estrongs.android.scanner.service.l.a(Unknown Source)
10-21 10:52:33.858 14526 14552 W System.err: 	at com.estrongs.android.scanner.service.l.a(Unknown Source)
10-21 10:52:33.858 14526 14552 W System.err: 	at com.estrongs.android.scanner.service.c.onEvent(Unknown Source)
10-21 10:52:33.858 14526 14552 W System.err: 	at android.os.FileObserver$ObserverThread.onEvent(FileObserver.java:122)
10-21 10:52:33.858 14526 14552 W System.err: 	at android.os.FileObserver$ObserverThread.observe(Native Method)
10-21 10:52:33.858 14526 14552 W System.err: 	at android.os.FileObserver$ObserverThread.run(FileObserver.java:85)
10-21 10:52:33.858 14526 14552 W System.err: android.os.DeadObjectException
10-21 10:52:33.859 14526 14552 W System.err: 	at android.os.BinderProxy.transactNative(Native Method)
10-21 10:52:33.859 14526 14552 W System.err: 	at android.os.BinderProxy.transact(Binder.java:503)
10-21 10:52:33.859 14526 14552 W System.err: 	at android.os.IMessenger$Stub$Proxy.send(IMessenger.java:89)
10-21 10:52:33.859 14526 14552 W System.err: 	at android.os.Messenger.send(Messenger.java:57)
10-21 10:52:33.859 14526 14552 W System.err: 	at com.estrongs.android.scanner.service.l.a(Unknown Source)
10-21 10:52:33.859 14526 14552 W System.err: 	at com.estrongs.android.scanner.service.l.a(Unknown Source)
10-21 10:52:33.859 14526 14552 W System.err: 	at com.estrongs.android.scanner.service.c.onEvent(Unknown Source)
10-21 10:52:33.859 14526 14552 W System.err: 	at android.os.FileObserver$ObserverThread.onEvent(FileObserver.java:122)
10-21 10:52:33.859 14526 14552 W System.err: 	at android.os.FileObserver$ObserverThread.observe(Native Method)
10-21 10:52:33.859 14526 14552 W System.err: 	at android.os.FileObserver$ObserverThread.run(FileObserver.java:85)
10-21 10:52:33.859 14526 14552 W System.err: android.os.DeadObjectException
10-21 10:52:33.859 14526 14552 W System.err: 	at android.os.BinderProxy.transactNative(Native Method)
10-21 10:52:33.859 14526 14552 W System.err: 	at android.os.BinderProxy.transact(Binder.java:503)
10-21 10:52:33.859 14526 14552 W System.err: 	at android.os.IMessenger$Stub$Proxy.send(IMessenger.java:89)
10-21 10:52:33.859 14526 14552 W System.err: 	at android.os.Messenger.send(Messenger.java:57)
10-21 10:52:33.859 14526 14552 W System.err: 	at com.estrongs.android.scanner.service.l.a(Unknown Source)
10-21 10:52:33.859 14526 14552 W System.err: 	at com.estrongs.android.scanner.service.l.a(Unknown Source)
10-21 10:52:33.859 14526 14552 W System.err: 	at com.estrongs.android.scanner.service.c.onEvent(Unknown Source)
10-21 10:52:33.860 14526 14552 W System.err: 	at android.os.FileObserver$ObserverThread.onEvent(FileObserver.java:122)
10-21 10:52:33.860 14526 14552 W System.err: 	at android.os.FileObserver$ObserverThread.observe(Native Method)
10-21 10:52:33.860 14526 14552 W System.err: 	at android.os.FileObserver$ObserverThread.run(FileObserver.java:85)
10-21 10:52:33.860 14526 14552 W System.err: android.os.DeadObjectException
10-21 10:52:33.860 14526 14552 W System.err: 	at android.os.BinderProxy.transactNative(Native Method)
10-21 10:52:33.860 14526 14552 W System.err: 	at android.os.BinderProxy.transact(Binder.java:503)
10-21 10:52:33.860 14526 14552 W System.err: 	at android.os.IMessenger$Stub$Proxy.send(IMessenger.java:89)
10-21 10:52:33.860 14526 14552 W System.err: 	at android.os.Messenger.send(Messenger.java:57)
10-21 10:52:33.860 14526 14552 W System.err: 	at com.estrongs.android.scanner.service.l.a(Unknown Source)
10-21 10:52:33.860 14526 14552 W System.err: 	at com.estrongs.android.scanner.service.l.a(Unknown Source)
10-21 10:52:33.861 14526 14552 W System.err: 	at com.estrongs.android.scanner.service.c.onEvent(Unknown Source)
10-21 10:52:33.861 14526 14552 W System.err: 	at android.os.FileObserver$ObserverThread.onEvent(FileObserver.java:122)
10-21 10:52:33.861 14526 14552 W System.err: 	at android.os.FileObserver$ObserverThread.observe(Native Method)
10-21 10:52:33.861 14526 14552 W System.err: 	at android.os.FileObserver$ObserverThread.run(FileObserver.java:85)
10-21 10:52:33.861 14526 14552 W System.err: android.os.DeadObjectException
10-21 10:52:33.861 14526 14552 W System.err: 	at android.os.BinderProxy.transactNative(Native Method)
10-21 10:52:33.861 14526 14552 W System.err: 	at android.os.BinderProxy.transact(Binder.java:503)
10-21 10:52:33.861 14526 14552 W System.err: 	at android.os.IMessenger$Stub$Proxy.send(IMessenger.java:89)
10-21 10:52:33.862 14526 14552 W System.err: 	at android.os.Messenger.send(Messenger.java:57)
10-21 10:52:33.862 14526 14552 W System.err: 	at com.estrongs.android.scanner.service.l.a(Unknown Source)
10-21 10:52:33.862 14526 14552 W System.err: 	at com.estrongs.android.scanner.service.l.a(Unknown Source)
10-21 10:52:33.862 14526 14552 W System.err: 	at com.estrongs.android.scanner.service.c.onEvent(Unknown Source)
10-21 10:52:33.862 14526 14552 W System.err: 	at android.os.FileObserver$ObserverThread.onEvent(FileObserver.java:122)
10-21 10:52:33.862 14526 14552 W System.err: 	at android.os.FileObserver$ObserverThread.observe(Native Method)
10-21 10:52:33.862 14526 14552 W System.err: 	at android.os.FileObserver$ObserverThread.run(FileObserver.java:85)
10-21 10:52:33.862 14526 14552 W System.err: android.os.DeadObjectException
10-21 10:52:33.862 14526 14552 W System.err: 	at android.os.BinderProxy.transactNative(Native Method)
10-21 10:52:33.862 14526 14552 W System.err: 	at android.os.BinderProxy.transact(Binder.java:503)
10-21 10:52:33.862 14526 14552 W System.err: 	at android.os.IMessenger$Stub$Proxy.send(IMessenger.java:89)
10-21 10:52:33.862 14526 14552 W System.err: 	at android.os.Messenger.send(Messenger.java:57)
10-21 10:52:33.862 14526 14552 W System.err: 	at com.estrongs.android.scanner.service.l.a(Unknown Source)
10-21 10:52:33.862 14526 14552 W System.err: 	at com.estrongs.android.scanner.service.l.a(Unknown Source)
10-21 10:52:33.862 14526 14552 W System.err: 	at com.estrongs.android.scanner.service.c.onEvent(Unknown Source)
10-21 10:52:33.862 14526 14552 W System.err: 	at android.os.FileObserver$ObserverThread.onEvent(FileObserver.java:122)
10-21 10:52:33.862 14526 14552 W System.err: 	at android.os.FileObserver$ObserverThread.observe(Native Method)
10-21 10:52:33.862 14526 14552 W System.err: 	at android.os.FileObserver$ObserverThread.run(FileObserver.java:85)
10-21 10:52:33.863 14526 14552 W System.err: android.os.DeadObjectException
10-21 10:52:33.863 14526 14552 W System.err: 	at android.os.BinderProxy.transactNative(Native Method)
10-21 10:52:33.863 14526 14552 W System.err: 	at android.os.BinderProxy.transact(Binder.java:503)
10-21 10:52:33.863 14526 14552 W System.err: 	at android.os.IMessenger$Stub$Proxy.send(IMessenger.java:89)
10-21 10:52:33.863 14526 14552 W System.err: 	at android.os.Messenger.send(Messenger.java:57)
10-21 10:52:33.863 14526 14552 W System.err: 	at com.estrongs.android.scanner.service.l.a(Unknown Source)
10-21 10:52:33.863 14526 14552 W System.err: 	at com.estrongs.android.scanner.service.l.a(Unknown Source)
10-21 10:52:33.863 14526 14552 W System.err: 	at com.estrongs.android.scanner.service.c.onEvent(Unknown Source)
10-21 10:52:33.863 14526 14552 W System.err: 	at android.os.FileObserver$ObserverThread.onEvent(FileObserver.java:122)
10-21 10:52:33.863 14526 14552 W System.err: 	at android.os.FileObserver$ObserverThread.observe(Native Method)
10-21 10:52:33.863 14526 14552 W System.err: 	at android.os.FileObserver$ObserverThread.run(FileObserver.java:85)
10-21 10:52:33.863 14526 14552 W System.err: android.os.DeadObjectException
10-21 10:52:33.864 14526 14552 W System.err: 	at android.os.BinderProxy.transactNative(Native Method)
10-21 10:52:33.864 14526 14552 W System.err: 	at android.os.BinderProxy.transact(Binder.java:503)
10-21 10:52:33.864 14526 14552 W System.err: 	at android.os.IMessenger$Stub$Proxy.send(IMessenger.java:89)
10-21 10:52:33.864 14526 14552 W System.err: 	at android.os.Messenger.send(Messenger.java:57)
10-21 10:52:33.864 14526 14552 W System.err: 	at com.estrongs.android.scanner.service.l.a(Unknown Source)
10-21 10:52:33.864 14526 14552 W System.err: 	at com.estrongs.android.scanner.service.l.a(Unknown Source)
10-21 10:52:33.864 14526 14552 W System.err: 	at com.estrongs.android.scanner.service.c.onEvent(Unknown Source)
10-21 10:52:33.864 14526 14552 W System.err: 	at android.os.FileObserver$ObserverThread.onEvent(FileObserver.java:122)
10-21 10:52:33.864 14526 14552 W System.err: 	at android.os.FileObserver$ObserverThread.observe(Native Method)
10-21 10:52:33.864 14526 14552 W System.err: 	at android.os.FileObserver$ObserverThread.run(FileObserver.java:85)
10-21 10:52:33.864 14526 14552 W System.err: android.os.DeadObjectException
10-21 10:52:33.864 14526 14552 W System.err: 	at android.os.BinderProxy.transactNative(Native Method)
10-21 10:52:33.864 14526 14552 W System.err: 	at android.os.BinderProxy.transact(Binder.java:503)
10-21 10:52:33.864 14526 14552 W System.err: 	at android.os.IMessenger$Stub$Proxy.send(IMessenger.java:89)
10-21 10:52:33.864 14526 14552 W System.err: 	at android.os.Messenger.send(Messenger.java:57)
10-21 10:52:33.864 14526 14552 W System.err: 	at com.estrongs.android.scanner.service.l.a(Unknown Source)
10-21 10:52:33.864 14526 14552 W System.err: 	at com.estrongs.android.scanner.service.l.a(Unknown Source)
10-21 10:52:33.864 14526 14552 W System.err: 	at com.estrongs.android.scanner.service.c.onEvent(Unknown Source)
10-21 10:52:33.864 14526 14552 W System.err: 	at android.os.FileObserver$ObserverThread.onEvent(FileObserver.java:122)
10-21 10:52:33.865 14526 14552 W System.err: 	at android.os.FileObserver$ObserverThread.observe(Native Method)
10-21 10:52:33.865 14526 14552 W System.err: 	at android.os.FileObserver$ObserverThread.run(FileObserver.java:85)
10-21 10:52:33.865 14526 14552 W System.err: android.os.DeadObjectException
10-21 10:52:33.865 14526 14552 W System.err: 	at android.os.BinderProxy.transactNative(Native Method)
10-21 10:52:33.865 13082 13082 D AndroidRuntime: Shutting down VM
10-21 10:52:33.865 14526 14552 W System.err: 	at android.os.BinderProxy.transact(Binder.java:503)
10-21 10:52:33.865 14526 14552 W System.err: 	at android.os.IMessenger$Stub$Proxy.send(IMessenger.java:89)
10-21 10:52:33.865 14526 14552 W System.err: 	at android.os.Messenger.send(Messenger.java:57)
10-21 10:52:33.866 14526 14552 W System.err: 	at com.estrongs.android.scanner.service.l.a(Unknown Source)
10-21 10:52:33.866 14526 14552 W System.err: 	at com.estrongs.android.scanner.service.l.a(Unknown Source)
10-21 10:52:33.866 14526 14552 W System.err: 	at com.estrongs.android.scanner.service.c.onEvent(Unknown Source)
10-21 10:52:33.866 14526 14552 W System.err: 	at android.os.FileObserver$ObserverThread.onEvent(FileObserver.java:122)
10-21 10:52:33.866 14526 14552 W System.err: 	at android.os.FileObserver$ObserverThread.observe(Native Method)
10-21 10:52:33.866 14526 14552 W System.err: 	at android.os.FileObserver$ObserverThread.run(FileObserver.java:85)
10-21 10:52:33.867   595   744 W ActivityManager: Spurious death for ProcessRecord{5ca2ae3 0:com.android.chrome:privileged_process0/u0a35}, curProc for 12705: null
10-21 10:52:33.867   595  5635 W ActivityManager: Unbind failed: could not find connection for android.os.BinderProxy@2f0ef03
10-21 10:52:33.871   595  2267 W ActivityManager: Spurious death for ProcessRecord{97e0e77 0:com.android.chrome/u0a35}, curProc for 12630: null
10-21 10:52:33.872   595   613 I Choreographer: Skipped 30 frames!  The application may be doing too much work on its main thread.
10-21 10:52:33.881   595   661 D WifiService: New client listening to asynchronous messages
10-21 10:52:33.884   595   605 E ActivityManager: Service done with onDestroy, but not inDestroying: ServiceRecord{bed153d u0 com.android.chrome/org.chromium.content.app.SandboxedProcessService1}
10-21 10:52:33.884   595   605 E ActivityManager: android.util.Log$TerribleFailure: Service done with onDestroy, but not inDestroying: ServiceRecord{bed153d u0 com.android.chrome/org.chromium.content.app.SandboxedProcessService1}
10-21 10:52:33.884   595   605 E ActivityManager: 	at android.util.Log.wtf(Log.java:291)
10-21 10:52:33.884   595   605 E ActivityManager: 	at android.util.Slog.wtfStack(Slog.java:98)
10-21 10:52:33.884   595   605 E ActivityManager: 	at com.android.server.am.ActiveServices.serviceDoneExecutingLocked(ActiveServices.java:1953)
10-21 10:52:33.884   595   605 E ActivityManager: 	at com.android.server.am.ActivityManagerService.serviceDoneExecuting(ActivityManagerService.java:16035)
10-21 10:52:33.884   595   605 E ActivityManager: 	at android.app.ActivityManagerNative.onTransact(ActivityManagerNative.java:1028)
10-21 10:52:33.884   595   605 E ActivityManager: 	at com.android.server.am.ActivityManagerService.onTransact(ActivityManagerService.java:2484)
10-21 10:52:33.884   595   605 E ActivityManager: 	at android.os.Binder.execTransact(Binder.java:453)
10-21 10:52:33.886   595   605 E ActivityManager: Service done with onDestroy, but not inDestroying: ServiceRecord{a9c8150 u0 com.android.chrome/org.chromium.content.app.SandboxedProcessService0}
10-21 10:52:33.886   595   605 E ActivityManager: android.util.Log$TerribleFailure: Service done with onDestroy, but not inDestroying: ServiceRecord{a9c8150 u0 com.android.chrome/org.chromium.content.app.SandboxedProcessService0}
10-21 10:52:33.886   595   605 E ActivityManager: 	at android.util.Log.wtf(Log.java:291)
10-21 10:52:33.886   595   605 E ActivityManager: 	at android.util.Slog.wtfStack(Slog.java:98)
10-21 10:52:33.886   595   605 E ActivityManager: 	at com.android.server.am.ActiveServices.serviceDoneExecutingLocked(ActiveServices.java:1953)
10-21 10:52:33.886   595   605 E ActivityManager: 	at com.android.server.am.ActivityManagerService.serviceDoneExecuting(ActivityManagerService.java:16035)
10-21 10:52:33.886   595   605 E ActivityManager: 	at android.app.ActivityManagerNative.onTransact(ActivityManagerNative.java:1028)
10-21 10:52:33.886   595   605 E ActivityManager: 	at com.android.server.am.ActivityManagerService.onTransact(ActivityManagerService.java:2484)
10-21 10:52:33.886   595   605 E ActivityManager: 	at android.os.Binder.execTransact(Binder.java:453)
10-21 10:52:33.898   595 13558 W ActivityManager: Permission Denial: Accessing service ComponentInfo{com.google.android.music/com.google.android.music.dial.DialMediaRouteProviderService} from pid=24025, uid=10008 that is not exported from uid 10058
10-21 10:52:33.902 26237 26262 I Adreno-EGL: <qeglDrvAPI_eglInitialize:379>: QUALCOMM Build: 10/21/15, 369a2ea, I96aee987eb
10-21 10:52:33.902 26237 26262 I OpenGLRenderer: Initialized EGL, version 1.4
10-21 10:52:33.962  2268  2268 W Binder_B: type=1400 audit(0.0:91251): avc: denied { ioctl } for path="socket:[2139433]" dev="sockfs" ino=2139433 ioctlcmd=7704 scontext=u:r:system_server:s0 tcontext=u:r:system_server:s0 tclass=unix_stream_socket permissive=0
10-21 10:52:33.962  2268  2268 W Binder_B: type=1400 audit(0.0:91252): avc: denied { ioctl } for path="socket:[2139433]" dev="sockfs" ino=2139433 ioctlcmd=7704 scontext=u:r:system_server:s0 tcontext=u:r:system_server:s0 tclass=unix_stream_socket permissive=0
10-21 10:52:33.973   595  2268 W InputMethodManagerService: Got RemoteException sending setActive(false) notification to pid 12630 uid 10035
10-21 10:52:33.978 17430 17430 I Keyboard.Facilitator: onFinishInput()
10-21 10:52:34.013 13089 13153 I internationalization:  SDK V3.9 - 2017.05.23 - UI
10-21 10:52:34.018   595   612 D BluetoothManagerService: Added callback: android.bluetooth.IBluetoothManagerCallback$Stub$Proxy@7f8fd68:true
10-21 10:52:34.039 26237 26262 V RenderScript: 0xa0acf000 Launching thread(s), CPUs 4
10-21 10:52:34.157 13089 13153 I internationalization: SDK 2.5
10-21 10:52:34.182 13089 13193 I AppsFlyer_3.2: AsendTrackingWithEvent from activity: com.estrongs.android.pop.FexApplication
10-21 10:52:34.216 13089 13193 E ActivityThread: Failed to find provider info for com.facebook.katana.provider.AttributionIdProvider
10-21 10:52:34.273 13089 13193 I System.out: AppsFlyerLib.sendTrackingWithEvent
10-21 10:52:34.357 13089 13153 W System.err: java.lang.UnsatisfiedLinkError: dlopen failed: library "/data/user/0/com.estrongs.android.pop/files/lib/libacceleratecoreproxy.so" not found
10-21 10:52:34.357 13089 13153 W System.err: 	at java.lang.Runtime.load(Runtime.java:332)
10-21 10:52:34.357 13089 13153 W System.err: 	at java.lang.System.load(System.java:1069)
10-21 10:52:34.357 13089 13153 W System.err: 	at com.dianxinos.a.c.a.g(Unknown Source)
10-21 10:52:34.357 13089 13153 W System.err: 	at com.dianxinos.a.c.a.e(Unknown Source)
10-21 10:52:34.357 13089 13153 W System.err: 	at com.dianxinos.a.c.a.c(Unknown Source)
10-21 10:52:34.357 13089 13153 W System.err: 	at com.dianxinos.a.a.a(Unknown Source)
10-21 10:52:34.357 13089 13153 W System.err: 	at com.duapps.scene.h.a(Unknown Source)
10-21 10:52:34.357 13089 13153 W System.err: 	at com.estrongs.android.pop.app.b.a.a(Unknown Source)
10-21 10:52:34.357 13089 13153 W System.err: 	at com.estrongs.android.pop.FexApplication.s(Unknown Source)
10-21 10:52:34.357 13089 13153 W System.err: 	at com.estrongs.android.pop.FexApplication.a(Unknown Source)
10-21 10:52:34.357 13089 13153 W System.err: 	at com.estrongs.android.pop.c.run(Unknown Source)
10-21 10:52:34.509 26237 26262 W OpenGLRenderer: Incorrectly called buildLayer on View: ShortcutAndWidgetContainer, destroying layer...
10-21 10:52:34.509 26237 26262 W OpenGLRenderer: Incorrectly called buildLayer on View: ShortcutAndWidgetContainer, destroying layer...
10-21 10:52:34.992 13185 13185 D AndroidRuntime: >>>>>> START com.android.internal.os.RuntimeInit uid 2000 <<<<<<
10-21 10:52:34.998 13185 13185 D AndroidRuntime: CheckJNI is OFF
10-21 10:52:35.032 13089 13208 W System.err: java.lang.InterruptedException
10-21 10:52:35.032 13089 13207 W System.err: java.lang.InterruptedException
10-21 10:52:35.032 13089 13207 W System.err: 	at java.util.concurrent.locks.AbstractQueuedSynchronizer$ConditionObject.reportInterruptAfterWait(AbstractQueuedSynchronizer.java:1988)
10-21 10:52:35.032 13089 13207 W System.err: 	at java.util.concurrent.locks.AbstractQueuedSynchronizer$ConditionObject.await(AbstractQueuedSynchronizer.java:2022)
10-21 10:52:35.032 13089 13207 W System.err: 	at java.util.concurrent.LinkedBlockingQueue.take(LinkedBlockingQueue.java:410)
10-21 10:52:35.032 13089 13207 W System.err: 	at com.estrongs.android.scanner.al.run(Unknown Source)
10-21 10:52:35.032 13089 13207 W System.err: 	at java.util.concurrent.ThreadPoolExecutor.runWorker(ThreadPoolExecutor.java:1113)
10-21 10:52:35.032 13089 13208 W System.err: 	at java.util.concurrent.locks.AbstractQueuedSynchronizer$ConditionObject.reportInterruptAfterWait(AbstractQueuedSynchronizer.java:1988)
10-21 10:52:35.032 13089 13208 W System.err: 	at java.util.concurrent.locks.AbstractQueuedSynchronizer$ConditionObject.await(AbstractQueuedSynchronizer.java:2022)
10-21 10:52:35.032 13089 13208 W System.err: 	at 	at java.util.concurrent.LinkedBlockingQueue.take(LinkedBlockingQueue.java:410)
10-21 10:52:35.032 13089 13207 W System.err: 	at java.util.concurrent.ThreadPoolExecutor$Worker.run(ThreadPoolExecutor.java:588)
10-21 10:52:35.032 13089 13207 W System.err: 	at java.lang.Thread.run(Thread.java:818)
10-21 10:52:35.032 13089 13208 W System.err: com.estrongs.android.scanner.al.run(Unknown Source)
10-21 10:52:35.032 13089 13208 W System.err: 	at java.util.concurrent.ThreadPoolExecutor.runWorker(ThreadPoolExecutor.java:1113)
10-21 10:52:35.032 13089 13208 W System.err: 	at java.util.concurrent.ThreadPoolExecutor$Worker.run(ThreadPoolExecutor.java:588)
10-21 10:52:35.032 13089 13208 W System.err: 	at java.lang.Thread.run(Thread.java:818)
10-21 10:52:35.033 13089 13213 W System.err: java.lang.InterruptedException
10-21 10:52:35.033 13089 13213 W System.err: 	at java.util.concurrent.locks.AbstractQueuedSynchronizer$ConditionObject.reportInterruptAfterWait(AbstractQueuedSynchronizer.java:1988)
10-21 10:52:35.033 13089 13213 W System.err: 	at java.util.concurrent.locks.AbstractQueuedSynchronizer$ConditionObject.await(AbstractQueuedSynchronizer.java:2022)
10-21 10:52:35.033 13089 13213 W System.err: 	at java.util.concurrent.LinkedBlockingQueue.take(LinkedBlockingQueue.java:410)
10-21 10:52:35.033 13089 13213 W System.err: 	at com.estrongs.android.scanner.al.run(Unknown Source)
10-21 10:52:35.033 13089 13213 W System.err: 	at java.util.concurrent.ThreadPoolExecutor.runWorker(ThreadPoolExecutor.java:1113)
10-21 10:52:35.033 13089 13213 W System.err: 	at java.util.concurrent.ThreadPoolExecutor$Worker.run(ThreadPoolExecutor.java:588)
10-21 10:52:35.033 13089 13213 W System.err: 	at java.lang.Thread.run(Thread.java:818)
10-21 10:52:35.033 13089 13210 W System.err: java.lang.InterruptedException
10-21 10:52:35.033 13089 13214 W System.err: java.lang.InterruptedException
10-21 10:52:35.033 13089 13210 W System.err: 	at java.util.concurrent.locks.AbstractQueuedSynchronizer$ConditionObject.reportInterruptAfterWait(AbstractQueuedSynchronizer.java:1988)
10-21 10:52:35.034 13089 13210 W System.err: 	at 	at java.util.concurrent.locks.AbstractQueuedSynchronizer$ConditionObject.await(AbstractQueuedSynchronizer.java:2022)
10-21 10:52:35.034 13089 13214 W System.err: 	at java.util.concurrent.locks.AbstractQueuedSynchronizer$ConditionObject.reportInterruptAfterWait(AbstractQueuedSynchronizer.java:1988)
10-21 10:52:35.034 13089 13210 W System.err: 	at java.util.concurrent.LinkedBlockingQueue.take(LinkedBlockingQueue.java:410)
10-21 10:52:35.034 13089 13214 W System.err: 	at java.util.concurrent.locks.AbstractQueuedSynchronizer$ConditionObject.await(AbstractQueuedSynchronizer.java:2022)
10-21 10:52:35.034 13089 13210 W System.err: 	at com.estrongs.android.scanner.al.run(Unknown Source)
10-21 10:52:35.034 13089 13214 W System.err: 	at java.util.concurrent.LinkedBlockingQueue.take(LinkedBlockingQueue.java:410)
10-21 10:52:35.034 13089 13210 W System.err: 	at java.util.concurrent.ThreadPoolExecutor.runWorker(ThreadPoolExecutor.java:1113)
10-21 10:52:35.034 13089 13214 W System.err: com.estrongs.android.scanner.al.run(Unknown Source)
10-21 10:52:35.034 13089 13210 W System.err: 	at 	at java.util.concurrent.ThreadPoolExecutor$Worker.run(ThreadPoolExecutor.java:588)
10-21 10:52:35.034 13089 13214 W System.err: 	at java.util.concurrent.ThreadPoolExecutor.runWorker(ThreadPoolExecutor.java:1113)
10-21 10:52:35.034 13089 13210 W System.err: 	at java.lang.Thread.run(Thread.java:818)
10-21 10:52:35.034 13089 13214 W System.err: java.util.concurrent.ThreadPoolExecutor$Worker.run(ThreadPoolExecutor.java:588)
10-21 10:52:35.034 13089 13214 W System.err: 	at java.lang.Thread.run(Thread.java:818)
10-21 10:52:35.034 13089 13212 W System.err: java.lang.InterruptedException
10-21 10:52:35.034 13089 13212 W System.err: 	at java.util.concurrent.locks.AbstractQueuedSynchronizer$ConditionObject.reportInterruptAfterWait(AbstractQueuedSynchronizer.java:1988)
10-21 10:52:35.034 13089 13212 W System.err: 	at java.util.concurrent.locks.AbstractQueuedSynchronizer$ConditionObject.await(AbstractQueuedSynchronizer.java:2022)
10-21 10:52:35.034 13089 13212 W System.err: 	at java.util.concurrent.LinkedBlockingQueue.take(LinkedBlockingQueue.java:410)
10-21 10:52:35.034 13089 13212 W System.err: 	at com.estrongs.android.scanner.al.run(Unknown Source)
10-21 10:52:35.034 13089 13212 W System.err: 	at java.util.concurrent.ThreadPoolExecutor.runWorker(ThreadPoolExecutor.java:1113)
10-21 10:52:35.035 13089 13212 W System.err: 	at java.util.concurrent.ThreadPoolExecutor$Worker.run(ThreadPoolExecutor.java:588)
10-21 10:52:35.035 13089 13212 W System.err: 	at java.lang.Thread.run(Thread.java:818)
10-21 10:52:35.035 13089 13209 W System.err: java.lang.InterruptedException
10-21 10:52:35.035 13089 13209 W System.err: 	at java.util.concurrent.locks.AbstractQueuedSynchronizer$ConditionObject.reportInterruptAfterWait(AbstractQueuedSynchronizer.java:1988)
10-21 10:52:35.035 13089 13209 W System.err: 	at java.util.concurrent.locks.AbstractQueuedSynchronizer$ConditionObject.await(AbstractQueuedSynchronizer.java:2022)
10-21 10:52:35.035 13089 13209 W System.err: 	at java.util.concurrent.LinkedBlockingQueue.take(LinkedBlockingQueue.java:410)
10-21 10:52:35.035 13089 13209 W System.err: 	at com.estrongs.android.scanner.al.run(Unknown Source)
10-21 10:52:35.035 13089 13209 W System.err: 	at java.util.concurrent.ThreadPoolExecutor.runWorker(ThreadPoolExecutor.java:1113)
10-21 10:52:35.035 13089 13209 W System.err: 	at java.util.concurrent.ThreadPoolExecutor$Worker.run(ThreadPoolExecutor.java:588)
10-21 10:52:35.035 13089 13209 W System.err: 	at java.lang.Thread.run(Thread.java:818)
10-21 10:52:35.056 13185 13185 D ICU     : No timezone override file found: /data/misc/zoneinfo/current/icu/icu_tzdata.dat
10-21 10:52:35.111 13185 13185 I Radio-JNI: register_android_hardware_Radio DONE
10-21 10:52:35.143 13185 13185 D AndroidRuntime: Calling main entry com.android.commands.pm.Pm
10-21 10:52:35.148   595  2267 I ActivityManager: Force stopping com.android.chrome appid=10035 user=0: clear data
10-21 10:52:35.154  1506  1506 I GeofencerStateMachine: removeGeofences: removeRequest=RemoveGeofencingRequest[REMOVE_ALL packageName=com.android.chrome]
10-21 10:52:35.160   595 13560 W ActivityManager: Permission Denial: Accessing service ComponentInfo{com.google.android.music/com.google.android.music.dial.DialMediaRouteProviderService} from pid=24025, uid=10008 that is not exported from uid 10058
10-21 10:52:35.160 14721 16740 D Documents: Update found 8 roots in 2ms
10-21 10:52:35.189 24025 13168 I LocationSettingsChecker: Removing dialog suppression flag for package com.android.chrome
10-21 10:52:35.203 24025 24496 I Icing   : doRemovePackageData com.android.chrome
10-21 10:52:35.203 24025 24496 I Icing   : Removing corpus key com.android.chrome-omnibox for package com.android.chrome
10-21 10:52:35.226 13185 13185 I art     : System.exit called, status: 0
10-21 10:52:35.226 13185 13185 I AndroidRuntime: VM exiting with result code 0.
10-21 10:52:35.464 24025 24496 I Icing   : updateResources: need to parse zjt{com.android.chrome}
10-21 10:52:35.674 24025 24496 I Icing   : Indexing com.android.chrome-omnibox from com.android.chrome
10-21 10:52:35.693   595   606 I ActivityManager: Start proc 13244:com.android.chrome/u0a35 for content provider com.android.chrome/com.google.android.apps.chrome.icing.IcingProvider
10-21 10:52:35.815 24025 24496 I Icing   : Indexing done com.android.chrome-omnibox
10-21 10:52:39.403 13292 13292 D AndroidRuntime: >>>>>> START com.android.internal.os.RuntimeInit uid 2000 <<<<<<
10-21 10:52:39.410 13292 13292 D AndroidRuntime: CheckJNI is OFF
10-21 10:52:39.467 13292 13292 D ICU     : No timezone override file found: /data/misc/zoneinfo/current/icu/icu_tzdata.dat
10-21 10:52:39.525 13292 13292 I Radio-JNI: register_android_hardware_Radio DONE
10-21 10:52:39.556 13292 13292 D AndroidRuntime: Calling main entry com.android.commands.am.Am
10-21 10:52:39.562 21269 21269 I Trepn   : Trepn 6.2s: Received intent: com.quicinc.trepn.export_to_csv; filename: Trepn_2018.10.21_105212.db; filename: 07d9031e_Trepn_2018.10.21_105212.csv
10-21 10:52:39.565 13292 13292 D AndroidRuntime: Shutting down VM
10-21 10:52:39.573   595   595 V NotificationService: pkg=com.quicinc.trepn canInterrupt=false intercept=true
10-21 10:52:39.645 21269 13300 W FileUtils: Failed to chmod(/storage/emulated/0/trepn/Trepn_2018.10.21_105212.db): android.system.ErrnoException: chmod failed: EPERM (Operation not permitted)
10-21 10:52:40.020   595   595 V NotificationService: pkg=com.quicinc.trepn canInterrupt=false intercept=true
10-21 10:52:41.674 13089 13268 W System.err: android.content.pm.PackageManager$NameNotFoundException
10-21 10:52:41.674 13089 13268 W System.err: 	at android.app.ApplicationPackageManager.getPackageInfo(ApplicationPackageManager.java:137)
10-21 10:52:41.675 13089 13268 W System.err: 	at com.estrongs.android.pop.app.c.ai.c(Unknown Source)
10-21 10:52:41.675 13089 13268 W System.err: 	at com.estrongs.android.pop.app.c.ai.a(Unknown Source)
10-21 10:52:41.675 13089 13268 W System.err: 	at com.estrongs.android.pop.app.scene.e.q.a(Unknown Source)
10-21 10:52:41.675 13089 13268 W System.err: 	at com.estrongs.android.scanner.c.m.run(Unknown Source)
10-21 10:52:41.675 13089 13268 W System.err: 	at java.util.concurrent.ThreadPoolExecutor.runWorker(ThreadPoolExecutor.java:1113)
10-21 10:52:41.675 13089 13268 W System.err: 	at java.util.concurrent.ThreadPoolExecutor$Worker.run(ThreadPoolExecutor.java:588)
10-21 10:52:41.675 13089 13268 W System.err: 	at java.lang.Thread.run(Thread.java:818)
10-21 10:52:41.708 13089 13268 W System.err: android.content.pm.PackageManager$NameNotFoundException
10-21 10:52:41.709 13089 13268 W System.err: 	at android.app.ApplicationPackageManager.getPackageInfo(ApplicationPackageManager.java:137)
10-21 10:52:41.709 13089 13268 W System.err: 	at com.estrongs.android.pop.app.c.ai.c(Unknown Source)
10-21 10:52:41.709 13089 13268 W System.err: 	at com.estrongs.android.pop.app.c.ai.a(Unknown Source)
10-21 10:52:41.709 13089 13268 W System.err: 	at com.estrongs.android.pop.app.scene.e.q.a(Unknown Source)
10-21 10:52:41.711 13089 13268 W System.err: 	at com.estrongs.android.scanner.c.m.run(Unknown Source)
10-21 10:52:41.711 13089 13268 W System.err: 	at java.util.concurrent.ThreadPoolExecutor.runWorker(ThreadPoolExecutor.java:1113)
10-21 10:52:41.713 13089 13268 W System.err: 	at java.util.concurrent.ThreadPoolExecutor$Worker.run(ThreadPoolExecutor.java:588)
10-21 10:52:41.713 13089 13268 W System.err: 	at java.lang.Thread.run(Thread.java:818)
10-21 10:52:41.720 13089 13268 W System.err: android.content.pm.PackageManager$NameNotFoundException
10-21 10:52:41.720 13089 13268 W System.err: 	at android.app.ApplicationPackageManager.getPackageInfo(ApplicationPackageManager.java:137)
10-21 10:52:41.720 13089 13268 W System.err: 	at com.estrongs.android.pop.app.c.ai.c(Unknown Source)
10-21 10:52:41.720 13089 13268 W System.err: 	at com.estrongs.android.pop.app.c.ai.a(Unknown Source)
10-21 10:52:41.720 13089 13268 W System.err: 	at com.estrongs.android.pop.app.scene.e.q.a(Unknown Source)
10-21 10:52:41.720 13089 13268 W System.err: 	at com.estrongs.android.scanner.c.m.run(Unknown Source)
10-21 10:52:41.720 13089 13268 W System.err: 	at java.util.concurrent.ThreadPoolExecutor.runWorker(ThreadPoolExecutor.java:1113)
10-21 10:52:41.720 13089 13268 W System.err: 	at java.util.concurrent.ThreadPoolExecutor$Worker.run(ThreadPoolExecutor.java:588)
10-21 10:52:41.720 13089 13268 W System.err: 	at java.lang.Thread.run(Thread.java:818)
10-21 10:52:41.723 13089 13268 W System.err: android.content.pm.PackageManager$NameNotFoundException
10-21 10:52:41.723 13089 13268 W System.err: 	at android.app.ApplicationPackageManager.getPackageInfo(ApplicationPackageManager.java:137)
10-21 10:52:41.723 13089 13268 W System.err: 	at com.estrongs.android.pop.app.c.ai.c(Unknown Source)
10-21 10:52:41.723 13089 13268 W System.err: 	at com.estrongs.android.pop.app.c.ai.a(Unknown Source)
10-21 10:52:41.723 13089 13268 W System.err: 	at com.estrongs.android.pop.app.scene.e.q.a(Unknown Source)
10-21 10:52:41.723 13089 13268 W System.err: 	at com.estrongs.android.scanner.c.m.run(Unknown Source)
10-21 10:52:41.723 13089 13268 W System.err: 	at java.util.concurrent.ThreadPoolExecutor.runWorker(ThreadPoolExecutor.java:1113)
10-21 10:52:41.723 13089 13268 W System.err: 	at java.util.concurrent.ThreadPoolExecutor$Worker.run(ThreadPoolExecutor.java:588)
10-21 10:52:41.723 13089 13268 W System.err: 	at java.lang.Thread.run(Thread.java:818)
