10-22 01:16:35.316  7231  7250 W System.err: 	at android.os.FileObserver$ObserverThread.onEvent(FileObserver.java:122)
10-22 01:16:35.316  7231  7250 W System.err: 	at android.os.FileObserver$ObserverThread.observe(Native Method)
10-22 01:16:35.316  7231  7250 W System.err: 	at android.os.FileObserver$ObserverThread.run(FileObserver.java:85)
10-22 01:16:35.316  7231  7250 W System.err: android.os.DeadObjectException
10-22 01:16:35.316  7231  7250 W System.err: 	at android.os.BinderProxy.transactNative(Native Method)
10-22 01:16:35.316  7231  7250 W System.err: 	at android.os.BinderProxy.transact(Binder.java:503)
10-22 01:16:35.316  7231  7250 W System.err: 	at android.os.IMessenger$Stub$Proxy.send(IMessenger.java:89)
10-22 01:16:35.316  7231  7250 W System.err: 	at android.os.Messenger.send(Messenger.java:57)
10-22 01:16:35.316  7231  7250 W System.err: 	at com.estrongs.android.scanner.service.l.a(Unknown Source)
10-22 01:16:35.316  7231  7250 W System.err: 	at com.estrongs.android.scanner.service.l.a(Unknown Source)
10-22 01:16:35.316  7231  7250 W System.err: 	at com.estrongs.android.scanner.service.c.onEvent(Unknown Source)
10-22 01:16:35.316  7231  7250 W System.err: 	at android.os.FileObserver$ObserverThread.onEvent(FileObserver.java:122)
10-22 01:16:35.317  7231  7250 W System.err: 	at android.os.FileObserver$ObserverThread.observe(Native Method)
10-22 01:16:35.317  7231  7250 W System.err: 	at android.os.FileObserver$ObserverThread.run(FileObserver.java:85)
10-22 01:16:35.317  7231  7250 W System.err: android.os.DeadObjectException
10-22 01:16:35.317  7231  7250 W System.err: 	at android.os.BinderProxy.transactNative(Native Method)
10-22 01:16:35.317  7231  7250 W System.err: 	at android.os.BinderProxy.transact(Binder.java:503)
10-22 01:16:35.317  7231  7250 W System.err: 	at android.os.IMessenger$Stub$Proxy.send(IMessenger.java:89)
10-22 01:16:35.317  7231  7250 W System.err: 	at android.os.Messenger.send(Messenger.java:57)
10-22 01:16:35.317  7231  7250 W System.err: 	at com.estrongs.android.scanner.service.l.a(Unknown Source)
10-22 01:16:35.317  7231  7250 W System.err: 	at com.estrongs.android.scanner.service.l.a(Unknown Source)
10-22 01:16:35.317  7231  7250 W System.err: 	at com.estrongs.android.scanner.service.c.onEvent(Unknown Source)
10-22 01:16:35.317  7231  7250 W System.err: 	at android.os.FileObserver$ObserverThread.onEvent(FileObserver.java:122)
10-22 01:16:35.317  7231  7250 W System.err: 	at android.os.FileObserver$ObserverThread.observe(Native Method)
10-22 01:16:35.317  7231  7250 W System.err: 	at android.os.FileObserver$ObserverThread.run(FileObserver.java:85)
10-22 01:16:35.317  7231  7250 W System.err: android.os.DeadObjectException
10-22 01:16:35.318  7231  7250 W System.err: 	at android.os.BinderProxy.transactNative(Native Method)
10-22 01:16:35.318  7231  7250 W System.err: 	at android.os.BinderProxy.transact(Binder.java:503)
10-22 01:16:35.318  7231  7250 W System.err: 	at android.os.IMessenger$Stub$Proxy.send(IMessenger.java:89)
10-22 01:16:35.318  7231  7250 W System.err: 	at android.os.Messenger.send(Messenger.java:57)
10-22 01:16:35.318  7231  7250 W System.err: 	at com.estrongs.android.scanner.service.l.a(Unknown Source)
10-22 01:16:35.318  7231  7250 W System.err: 	at com.estrongs.android.scanner.service.l.a(Unknown Source)
10-22 01:16:35.318  7231  7250 W System.err: 	at com.estrongs.android.scanner.service.c.onEvent(Unknown Source)
10-22 01:16:35.318  7231  7250 W System.err: 	at android.os.FileObserver$ObserverThread.onEvent(FileObserver.java:122)
10-22 01:16:35.318  7231  7250 W System.err: 	at android.os.FileObserver$ObserverThread.observe(Native Method)
10-22 01:16:35.318  7231  7250 W System.err: 	at android.os.FileObserver$ObserverThread.run(FileObserver.java:85)
10-22 01:16:35.318  7231  7250 W System.err: android.os.DeadObjectException
10-22 01:16:35.318  7231  7250 W System.err: 	at android.os.BinderProxy.transactNative(Native Method)
10-22 01:16:35.318  7231  7250 W System.err: 	at android.os.BinderProxy.transact(Binder.java:503)
10-22 01:16:35.318  7231  7250 W System.err: 	at android.os.IMessenger$Stub$Proxy.send(IMessenger.java:89)
10-22 01:16:35.318  7231  7250 W System.err: 	at android.os.Messenger.send(Messenger.java:57)
10-22 01:16:35.318  7231  7250 W System.err: 	at com.estrongs.android.scanner.service.l.a(Unknown Source)
10-22 01:16:35.318  7231  7250 W System.err: 	at com.estrongs.android.scanner.service.l.a(Unknown Source)
10-22 01:16:35.318  7231  7250 W System.err: 	at com.estrongs.android.scanner.service.c.onEvent(Unknown Source)
10-22 01:16:35.318  7231  7250 W System.err: 	at android.os.FileObserver$ObserverThread.onEvent(FileObserver.java:122)
10-22 01:16:35.318  7231  7250 W System.err: 	at android.os.FileObserver$ObserverThread.observe(Native Method)
10-22 01:16:35.319  7231  7250 W System.err: 	at android.os.FileObserver$ObserverThread.run(FileObserver.java:85)
10-22 01:16:35.319  7231  7250 W System.err: android.os.DeadObjectException
10-22 01:16:35.319  7231  7250 W System.err: 	at android.os.BinderProxy.transactNative(Native Method)
10-22 01:16:35.319  7231  7250 W System.err: 	at android.os.BinderProxy.transact(Binder.java:503)
10-22 01:16:35.319  7231  7250 W System.err: 	at android.os.IMessenger$Stub$Proxy.send(IMessenger.java:89)
10-22 01:16:35.319  7231  7250 W System.err: 	at android.os.Messenger.send(Messenger.java:57)
10-22 01:16:35.319  7231  7250 W System.err: 	at com.estrongs.android.scanner.service.l.a(Unknown Source)
10-22 01:16:35.319  7231  7250 W System.err: 	at com.estrongs.android.scanner.service.l.a(Unknown Source)
10-22 01:16:35.319  7231  7250 W System.err: 	at com.estrongs.android.scanner.service.c.onEvent(Unknown Source)
10-22 01:16:35.319  7231  7250 W System.err: 	at android.os.FileObserver$ObserverThread.onEvent(FileObserver.java:122)
10-22 01:16:35.319  7231  7250 W System.err: 	at android.os.FileObserver$ObserverThread.observe(Native Method)
10-22 01:16:35.319  7231  7250 W System.err: 	at android.os.FileObserver$ObserverThread.run(FileObserver.java:85)
10-22 01:16:35.325  7231  7250 W System.err: android.os.DeadObjectException
10-22 01:16:35.325  7231  7250 W System.err: 	at android.os.BinderProxy.transactNative(Native Method)
10-22 01:16:35.325  7231  7250 W System.err: 	at android.os.BinderProxy.transact(Binder.java:503)
10-22 01:16:35.325  7231  7250 W System.err: 	at android.os.IMessenger$Stub$Proxy.send(IMessenger.java:89)
10-22 01:16:35.325  7231  7250 W System.err: 	at android.os.Messenger.send(Messenger.java:57)
10-22 01:16:35.325  7231  7250 W System.err: 	at com.estrongs.android.scanner.service.l.a(Unknown Source)
10-22 01:16:35.326  7231  7250 W System.err: 	at com.estrongs.android.scanner.service.l.a(Unknown Source)
10-22 01:16:35.326  7231  7250 W System.err: 	at com.estrongs.android.scanner.service.c.onEvent(Unknown Source)
10-22 01:16:35.326  7231  7250 W System.err: 	at android.os.FileObserver$ObserverThread.onEvent(FileObserver.java:122)
10-22 01:16:35.326  7231  7250 W System.err: 	at android.os.FileObserver$ObserverThread.observe(Native Method)
10-22 01:16:35.326  7231  7250 W System.err: 	at android.os.FileObserver$ObserverThread.run(FileObserver.java:85)
10-22 01:16:35.326  7231  7250 W System.err: android.os.DeadObjectException
10-22 01:16:35.326  7231  7250 W System.err: 	at android.os.BinderProxy.transactNative(Native Method)
10-22 01:16:35.326  7231  7250 W System.err: 	at android.os.BinderProxy.transact(Binder.java:503)
10-22 01:16:35.326  7231  7250 W System.err: 	at android.os.IMessenger$Stub$Proxy.send(IMessenger.java:89)
10-22 01:16:35.326  7231  7250 W System.err: 	at android.os.Messenger.send(Messenger.java:57)
10-22 01:16:35.326  7231  7250 W System.err: 	at com.estrongs.android.scanner.service.l.a(Unknown Source)
10-22 01:16:35.326  7231  7250 W System.err: 	at com.estrongs.android.scanner.service.l.a(Unknown Source)
10-22 01:16:35.326  7231  7250 W System.err: 	at com.estrongs.android.scanner.service.c.onEvent(Unknown Source)
10-22 01:16:35.326  7231  7250 W System.err: 	at android.os.FileObserver$ObserverThread.onEvent(FileObserver.java:122)
10-22 01:16:35.326  7231  7250 W System.err: 	at android.os.FileObserver$ObserverThread.observe(Native Method)
10-22 01:16:35.326  7231  7250 W System.err: 	at android.os.FileObserver$ObserverThread.run(FileObserver.java:85)
10-22 01:16:35.327  7231  7250 W System.err: android.os.DeadObjectException
10-22 01:16:35.327  7231  7250 W System.err: 	at android.os.BinderProxy.transactNative(Native Method)
10-22 01:16:35.327  7231  7250 W System.err: 	at android.os.BinderProxy.transact(Binder.java:503)
10-22 01:16:35.327  7231  7250 W System.err: 	at android.os.IMessenger$Stub$Proxy.send(IMessenger.java:89)
10-22 01:16:35.327  7231  7250 W System.err: 	at android.os.Messenger.send(Messenger.java:57)
10-22 01:16:35.327  7231  7250 W System.err: 	at com.estrongs.android.scanner.service.l.a(Unknown Source)
10-22 01:16:35.327  7231  7250 W System.err: 	at com.estrongs.android.scanner.service.l.a(Unknown Source)
10-22 01:16:35.327  7231  7250 W System.err: 	at com.estrongs.android.scanner.service.c.onEvent(Unknown Source)
10-22 01:16:35.327  7231  7250 W System.err: 	at android.os.FileObserver$ObserverThread.onEvent(FileObserver.java:122)
10-22 01:16:35.327  7231  7250 W System.err: 	at android.os.FileObserver$ObserverThread.observe(Native Method)
10-22 01:16:35.327  7231  7250 W System.err: 	at android.os.FileObserver$ObserverThread.run(FileObserver.java:85)
10-22 01:16:35.327  7231  7250 W System.err: android.os.DeadObjectException
10-22 01:16:35.327  7231  7250 W System.err: 	at android.os.BinderProxy.transactNative(Native Method)
10-22 01:16:35.327  7231  7250 W System.err: 	at android.os.BinderProxy.transact(Binder.java:503)
10-22 01:16:35.327  7231  7250 W System.err: 	at android.os.IMessenger$Stub$Proxy.send(IMessenger.java:89)
10-22 01:16:35.327  7231  7250 W System.err: 	at android.os.Messenger.send(Messenger.java:57)
10-22 01:16:35.328  7231  7250 W System.err: 	at com.estrongs.android.scanner.service.l.a(Unknown Source)
10-22 01:16:35.328  7231  7250 W System.err: 	at com.estrongs.android.scanner.service.l.a(Unknown Source)
10-22 01:16:35.328  7231  7250 W System.err: 	at com.estrongs.android.scanner.service.c.onEvent(Unknown Source)
10-22 01:16:35.328  7231  7250 W System.err: 	at android.os.FileObserver$ObserverThread.onEvent(FileObserver.java:122)
10-22 01:16:35.328  7231  7250 W System.err: 	at android.os.FileObserver$ObserverThread.observe(Native Method)
10-22 01:16:35.328  7231  7250 W System.err: 	at android.os.FileObserver$ObserverThread.run(FileObserver.java:85)
10-22 01:16:35.328  7231  7250 W System.err: android.os.DeadObjectException
10-22 01:16:35.328  7231  7250 W System.err: 	at android.os.BinderProxy.transactNative(Native Method)
10-22 01:16:35.328  7231  7250 W System.err: 	at android.os.BinderProxy.transact(Binder.java:503)
10-22 01:16:35.328  7231  7250 W System.err: 	at android.os.IMessenger$Stub$Proxy.send(IMessenger.java:89)
10-22 01:16:35.328  7231  7250 W System.err: 	at android.os.Messenger.send(Messenger.java:57)
10-22 01:16:35.328  7231  7250 W System.err: 	at com.estrongs.android.scanner.service.l.a(Unknown Source)
10-22 01:16:35.328  7231  7250 W System.err: 	at com.estrongs.android.scanner.service.l.a(Unknown Source)
10-22 01:16:35.328  7231  7250 W System.err: 	at com.estrongs.android.scanner.service.c.onEvent(Unknown Source)
10-22 01:16:35.328  7231  7250 W System.err: 	at android.os.FileObserver$ObserverThread.onEvent(FileObserver.java:122)
10-22 01:16:35.328  7231  7250 W System.err: 	at android.os.FileObserver$ObserverThread.observe(Native Method)
10-22 01:16:35.328  7231  7250 W System.err: 	at android.os.FileObserver$ObserverThread.run(FileObserver.java:85)
10-22 01:16:35.329  7231  7250 W System.err: android.os.DeadObjectException
10-22 01:16:35.329  7231  7250 W System.err: 	at android.os.BinderProxy.transactNative(Native Method)
10-22 01:16:35.329  7231  7250 W System.err: 	at android.os.BinderProxy.transact(Binder.java:503)
10-22 01:16:35.329  7231  7250 W System.err: 	at android.os.IMessenger$Stub$Proxy.send(IMessenger.java:89)
10-22 01:16:35.329  7231  7250 W System.err: 	at android.os.Messenger.send(Messenger.java:57)
10-22 01:16:35.329  7231  7250 W System.err: 	at com.estrongs.android.scanner.service.l.a(Unknown Source)
10-22 01:16:35.329  7231  7250 W System.err: 	at com.estrongs.android.scanner.service.l.a(Unknown Source)
10-22 01:16:35.329  7231  7250 W System.err: 	at com.estrongs.android.scanner.service.c.onEvent(Unknown Source)
10-22 01:16:35.329  7231  7250 W System.err: 	at android.os.FileObserver$ObserverThread.onEvent(FileObserver.java:122)
10-22 01:16:35.329  7231  7250 W System.err: 	at android.os.FileObserver$ObserverThread.observe(Native Method)
10-22 01:16:35.329  7231  7250 W System.err: 	at android.os.FileObserver$ObserverThread.run(FileObserver.java:85)
10-22 01:16:35.329  7231  7250 W System.err: android.os.DeadObjectException
10-22 01:16:35.329  7231  7250 W System.err: 	at android.os.BinderProxy.transactNative(Native Method)
10-22 01:16:35.329  7231  7250 W System.err: 	at android.os.BinderProxy.transact(Binder.java:503)
10-22 01:16:35.330  7231  7250 W System.err: 	at android.os.IMessenger$Stub$Proxy.send(IMessenger.java:89)
10-22 01:16:35.330  7231  7250 W System.err: 	at android.os.Messenger.send(Messenger.java:57)
10-22 01:16:35.330  7231  7250 W System.err: 	at com.estrongs.android.scanner.service.l.a(Unknown Source)
10-22 01:16:35.330  7231  7250 W System.err: 	at com.estrongs.android.scanner.service.l.a(Unknown Source)
10-22 01:16:35.330  7231  7250 W System.err: 	at com.estrongs.android.scanner.service.c.onEvent(Unknown Source)
10-22 01:16:35.330  7231  7250 W System.err: 	at android.os.FileObserver$ObserverThread.onEvent(FileObserver.java:122)
10-22 01:16:35.330  7231  7250 W System.err: 	at android.os.FileObserver$ObserverThread.observe(Native Method)
10-22 01:16:35.330  7231  7250 W System.err: 	at android.os.FileObserver$ObserverThread.run(FileObserver.java:85)
10-22 01:16:35.330  7231  7250 W System.err: android.os.DeadObjectException
10-22 01:16:35.330  7231  7250 W System.err: 	at android.os.BinderProxy.transactNative(Native Method)
10-22 01:16:35.330  7231  7250 W System.err: 	at android.os.BinderProxy.transact(Binder.java:503)
10-22 01:16:35.330  7231  7250 W System.err: 	at android.os.IMessenger$Stub$Proxy.send(IMessenger.java:89)
10-22 01:16:35.330  7231  7250 W System.err: 	at android.os.Messenger.send(Messenger.java:57)
10-22 01:16:35.330  7231  7250 W System.err: 	at com.estrongs.android.scanner.service.l.a(Unknown Source)
10-22 01:16:35.330  7231  7250 W System.err: 	at com.estrongs.android.scanner.service.l.a(Unknown Source)
10-22 01:16:35.330  7231  7250 W System.err: 	at com.estrongs.android.scanner.service.c.onEvent(Unknown Source)
10-22 01:16:35.330  7231  7250 W System.err: 	at android.os.FileObserver$ObserverThread.onEvent(FileObserver.java:122)
10-22 01:16:35.330  7231  7250 W System.err: 	at android.os.FileObserver$ObserverThread.observe(Native Method)
10-22 01:16:35.330  7231  7250 W System.err: 	at android.os.FileObserver$ObserverThread.run(FileObserver.java:85)
10-22 01:16:35.331  7231  7250 W System.err: android.os.DeadObjectException
10-22 01:16:35.331  7231  7250 W System.err: 	at android.os.BinderProxy.transactNative(Native Method)
10-22 01:16:35.331  7231  7250 W System.err: 	at android.os.BinderProxy.transact(Binder.java:503)
10-22 01:16:35.331  7231  7250 W System.err: 	at android.os.IMessenger$Stub$Proxy.send(IMessenger.java:89)
10-22 01:16:35.331  7231  7250 W System.err: 	at android.os.Messenger.send(Messenger.java:57)
10-22 01:16:35.331  7231  7250 W System.err: 	at com.estrongs.android.scanner.service.l.a(Unknown Source)
10-22 01:16:35.331  7231  7250 W System.err: 	at com.estrongs.android.scanner.service.l.a(Unknown Source)
10-22 01:16:35.331  7231  7250 W System.err: 	at com.estrongs.android.scanner.service.c.onEvent(Unknown Source)
10-22 01:16:35.331  7231  7250 W System.err: 	at android.os.FileObserver$ObserverThread.onEvent(FileObserver.java:122)
10-22 01:16:35.331  7231  7250 W System.err: 	at android.os.FileObserver$ObserverThread.observe(Native Method)
10-22 01:16:35.331  7231  7250 W System.err: 	at android.os.FileObserver$ObserverThread.run(FileObserver.java:85)
10-22 01:16:35.331  7231  7250 W System.err: android.os.DeadObjectException
10-22 01:16:35.332  7231  7250 W System.err: 	at android.os.BinderProxy.transactNative(Native Method)
10-22 01:16:35.332  7231  7250 W System.err: 	at android.os.BinderProxy.transact(Binder.java:503)
10-22 01:16:35.332  7231  7250 W System.err: 	at android.os.IMessenger$Stub$Proxy.send(IMessenger.java:89)
10-22 01:16:35.332  7231  7250 W System.err: 	at android.os.Messenger.send(Messenger.java:57)
10-22 01:16:35.332  7231  7250 W System.err: 	at com.estrongs.android.scanner.service.l.a(Unknown Source)
10-22 01:16:35.332  7231  7250 W System.err: 	at com.estrongs.android.scanner.service.l.a(Unknown Source)
10-22 01:16:35.332  7231  7250 W System.err: 	at com.estrongs.android.scanner.service.c.onEvent(Unknown Source)
10-22 01:16:35.332  7231  7250 W System.err: 	at android.os.FileObserver$ObserverThread.onEvent(FileObserver.java:122)
10-22 01:16:35.332  7231  7250 W System.err: 	at android.os.FileObserver$ObserverThread.observe(Native Method)
10-22 01:16:35.332  7231  7250 W System.err: 	at android.os.FileObserver$ObserverThread.run(FileObserver.java:85)
10-22 01:16:35.332  7231  7250 W System.err: android.os.DeadObjectException
10-22 01:16:35.332  7231  7250 W System.err: 	at android.os.BinderProxy.transactNative(Native Method)
10-22 01:16:35.332  7231  7250 W System.err: 	at android.os.BinderProxy.transact(Binder.java:503)
10-22 01:16:35.332  7231  7250 W System.err: 	at android.os.IMessenger$Stub$Proxy.send(IMessenger.java:89)
10-22 01:16:35.332  7231  7250 W System.err: 	at android.os.Messenger.send(Messenger.java:57)
10-22 01:16:35.332  7231  7250 W System.err: 	at com.estrongs.android.scanner.service.l.a(Unknown Source)
10-22 01:16:35.332  7231  7250 W System.err: 	at com.estrongs.android.scanner.service.l.a(Unknown Source)
10-22 01:16:35.332  7231  7250 W System.err: 	at com.estrongs.android.scanner.service.c.onEvent(Unknown Source)
10-22 01:16:35.333  7231  7250 W System.err: 	at android.os.FileObserver$ObserverThread.onEvent(FileObserver.java:122)
10-22 01:16:35.333  7231  7250 W System.err: 	at android.os.FileObserver$ObserverThread.observe(Native Method)
10-22 01:16:35.333  7231  7250 W System.err: 	at android.os.FileObserver$ObserverThread.run(FileObserver.java:85)
10-22 01:16:35.333  7231  7250 W System.err: android.os.DeadObjectException
10-22 01:16:35.333  7231  7250 W System.err: 	at android.os.BinderProxy.transactNative(Native Method)
10-22 01:16:35.333  7231  7250 W System.err: 	at android.os.BinderProxy.transact(Binder.java:503)
10-22 01:16:35.333  7231  7250 W System.err: 	at android.os.IMessenger$Stub$Proxy.send(IMessenger.java:89)
10-22 01:16:35.333  7231  7250 W System.err: 	at android.os.Messenger.send(Messenger.java:57)
10-22 01:16:35.333  7231  7250 W System.err: 	at com.estrongs.android.scanner.service.l.a(Unknown Source)
10-22 01:16:35.333  7231  7250 W System.err: 	at com.estrongs.android.scanner.service.l.a(Unknown Source)
10-22 01:16:35.333  7231  7250 W System.err: 	at com.estrongs.android.scanner.service.c.onEvent(Unknown Source)
10-22 01:16:35.333  7231  7250 W System.err: 	at android.os.FileObserver$ObserverThread.onEvent(FileObserver.java:122)
10-22 01:16:35.333  7231  7250 W System.err: 	at android.os.FileObserver$ObserverThread.observe(Native Method)
10-22 01:16:35.333  7231  7250 W System.err: 	at android.os.FileObserver$ObserverThread.run(FileObserver.java:85)
10-22 01:16:35.334  7231  7250 W System.err: android.os.DeadObjectException
10-22 01:16:35.334  7231  7250 W System.err: 	at android.os.BinderProxy.transactNative(Native Method)
10-22 01:16:35.334  7231  7250 W System.err: 	at android.os.BinderProxy.transact(Binder.java:503)
10-22 01:16:35.334  7231  7250 W System.err: 	at android.os.IMessenger$Stub$Proxy.send(IMessenger.java:89)
10-22 01:16:35.334  7231  7250 W System.err: 	at android.os.Messenger.send(Messenger.java:57)
10-22 01:16:35.334  7231  7250 W System.err: 	at com.estrongs.android.scanner.service.l.a(Unknown Source)
10-22 01:16:35.334  7231  7250 W System.err: 	at com.estrongs.android.scanner.service.l.a(Unknown Source)
10-22 01:16:35.334  7231  7250 W System.err: 	at com.estrongs.android.scanner.service.c.onEvent(Unknown Source)
10-22 01:16:35.334  7231  7250 W System.err: 	at android.os.FileObserver$ObserverThread.onEvent(FileObserver.java:122)
10-22 01:16:35.334  7231  7250 W System.err: 	at android.os.FileObserver$ObserverThread.observe(Native Method)
10-22 01:16:35.334  7231  7250 W System.err: 	at android.os.FileObserver$ObserverThread.run(FileObserver.java:85)
10-22 01:16:35.334  7231  7250 W System.err: android.os.DeadObjectException
10-22 01:16:35.334  7231  7250 W System.err: 	at android.os.BinderProxy.transactNative(Native Method)
10-22 01:16:35.334  7231  7250 W System.err: 	at android.os.BinderProxy.transact(Binder.java:503)
10-22 01:16:35.334  7231  7250 W System.err: 	at android.os.IMessenger$Stub$Proxy.send(IMessenger.java:89)
10-22 01:16:35.334  7231  7250 W System.err: 	at android.os.Messenger.send(Messenger.java:57)
10-22 01:16:35.334  7231  7250 W System.err: 	at com.estrongs.android.scanner.service.l.a(Unknown Source)
10-22 01:16:35.335  7231  7250 W System.err: 	at com.estrongs.android.scanner.service.l.a(Unknown Source)
10-22 01:16:35.335  7231  7250 W System.err: 	at com.estrongs.android.scanner.service.c.onEvent(Unknown Source)
10-22 01:16:35.335  7231  7250 W System.err: 	at android.os.FileObserver$ObserverThread.onEvent(FileObserver.java:122)
10-22 01:16:35.335  7231  7250 W System.err: 	at android.os.FileObserver$ObserverThread.observe(Native Method)
10-22 01:16:35.335  7231  7250 W System.err: 	at android.os.FileObserver$ObserverThread.run(FileObserver.java:85)
10-22 01:16:35.335  7231  7250 W System.err: android.os.DeadObjectException
10-22 01:16:35.335  7231  7250 W System.err: 	at android.os.BinderProxy.transactNative(Native Method)
10-22 01:16:35.335  7231  7250 W System.err: 	at android.os.BinderProxy.transact(Binder.java:503)
10-22 01:16:35.335  7231  7250 W System.err: 	at android.os.IMessenger$Stub$Proxy.send(IMessenger.java:89)
10-22 01:16:35.335  7231  7250 W System.err: 	at android.os.Messenger.send(Messenger.java:57)
10-22 01:16:35.335  7231  7250 W System.err: 	at com.estrongs.android.scanner.service.l.a(Unknown Source)
10-22 01:16:35.335  7231  7250 W System.err: 	at com.estrongs.android.scanner.service.l.a(Unknown Source)
10-22 01:16:35.335  7231  7250 W System.err: 	at com.estrongs.android.scanner.service.c.onEvent(Unknown Source)
10-22 01:16:35.335  7231  7250 W System.err: 	at android.os.FileObserver$ObserverThread.onEvent(FileObserver.java:122)
10-22 01:16:35.335  7231  7250 W System.err: 	at android.os.FileObserver$ObserverThread.observe(Native Method)
10-22 01:16:35.335  7231  7250 W System.err: 	at android.os.FileObserver$ObserverThread.run(FileObserver.java:85)
10-22 01:16:35.336  7231  7250 W System.err: android.os.DeadObjectException
10-22 01:16:35.336  7231  7250 W System.err: 	at android.os.BinderProxy.transactNative(Native Method)
10-22 01:16:35.336  7231  7250 W System.err: 	at android.os.BinderProxy.transact(Binder.java:503)
10-22 01:16:35.336  7231  7250 W System.err: 	at android.os.IMessenger$Stub$Proxy.send(IMessenger.java:89)
10-22 01:16:35.336  7231  7250 W System.err: 	at android.os.Messenger.send(Messenger.java:57)
10-22 01:16:35.336  7231  7250 W System.err: 	at com.estrongs.android.scanner.service.l.a(Unknown Source)
10-22 01:16:35.336  7231  7250 W System.err: 	at com.estrongs.android.scanner.service.l.a(Unknown Source)
10-22 01:16:35.336  7231  7250 W System.err: 	at com.estrongs.android.scanner.service.c.onEvent(Unknown Source)
10-22 01:16:35.336  7231  7250 W System.err: 	at android.os.FileObserver$ObserverThread.onEvent(FileObserver.java:122)
10-22 01:16:35.336  7231  7250 W System.err: 	at android.os.FileObserver$ObserverThread.observe(Native Method)
10-22 01:16:35.336  7231  7250 W System.err: 	at android.os.FileObserver$ObserverThread.run(FileObserver.java:85)
10-22 01:16:35.336  7231  7250 W System.err: android.os.DeadObjectException
10-22 01:16:35.336  7231  7250 W System.err: 	at android.os.BinderProxy.transactNative(Native Method)
10-22 01:16:35.337  7231  7250 W System.err: 	at android.os.BinderProxy.transact(Binder.java:503)
10-22 01:16:35.338  7231  7250 W System.err: 	at android.os.IMessenger$Stub$Proxy.send(IMessenger.java:89)
10-22 01:16:35.338  7231  7250 W System.err: 	at android.os.Messenger.send(Messenger.java:57)
10-22 01:16:35.338  7231  7250 W System.err: 	at com.estrongs.android.scanner.service.l.a(Unknown Source)
10-22 01:16:35.338  7231  7250 W System.err: 	at com.estrongs.android.scanner.service.l.a(Unknown Source)
10-22 01:16:35.339  7231  7250 W System.err: 	at com.estrongs.android.scanner.service.c.onEvent(Unknown Source)
10-22 01:16:35.339  7231  7250 W System.err: 	at android.os.FileObserver$ObserverThread.onEvent(FileObserver.java:122)
10-22 01:16:35.339  7231  7250 W System.err: 	at android.os.FileObserver$ObserverThread.observe(Native Method)
10-22 01:16:35.339  7231  7250 W System.err: 	at android.os.FileObserver$ObserverThread.run(FileObserver.java:85)
10-22 01:16:35.342  7231  7250 W System.err: android.os.DeadObjectException
10-22 01:16:35.342  7231  7250 W System.err: 	at android.os.BinderProxy.transactNative(Native Method)
10-22 01:16:35.342  7231  7250 W System.err: 	at android.os.BinderProxy.transact(Binder.java:503)
10-22 01:16:35.342  7231  7250 W System.err: 	at android.os.IMessenger$Stub$Proxy.send(IMessenger.java:89)
10-22 01:16:35.343  7231  7250 W System.err: 	at android.os.Messenger.send(Messenger.java:57)
10-22 01:16:35.343  7231  7250 W System.err: 	at com.estrongs.android.scanner.service.l.a(Unknown Source)
10-22 01:16:35.343  7231  7250 W System.err: 	at com.estrongs.android.scanner.service.l.a(Unknown Source)
10-22 01:16:35.343  7231  7250 W System.err: 	at com.estrongs.android.scanner.service.c.onEvent(Unknown Source)
10-22 01:16:35.343  7231  7250 W System.err: 	at android.os.FileObserver$ObserverThread.onEvent(FileObserver.java:122)
10-22 01:16:35.343  7231  7250 W System.err: 	at android.os.FileObserver$ObserverThread.observe(Native Method)
10-22 01:16:35.343  7231  7250 W System.err: 	at android.os.FileObserver$ObserverThread.run(FileObserver.java:85)
10-22 01:16:35.343  7231  7250 W System.err: android.os.DeadObjectException
10-22 01:16:35.343  7231  7250 W System.err: 	at android.os.BinderProxy.transactNative(Native Method)
10-22 01:16:35.343  7231  7250 W System.err: 	at android.os.BinderProxy.transact(Binder.java:503)
10-22 01:16:35.343  7231  7250 W System.err: 	at android.os.IMessenger$Stub$Proxy.send(IMessenger.java:89)
10-22 01:16:35.343  7231  7250 W System.err: 	at android.os.Messenger.send(Messenger.java:57)
10-22 01:16:35.343  7231  7250 W System.err: 	at com.estrongs.android.scanner.service.l.a(Unknown Source)
10-22 01:16:35.343  7231  7250 W System.err: 	at com.estrongs.android.scanner.service.l.a(Unknown Source)
10-22 01:16:35.343  7231  7250 W System.err: 	at com.estrongs.android.scanner.service.c.onEvent(Unknown Source)
10-22 01:16:35.344  7231  7250 W System.err: 	at android.os.FileObserver$ObserverThread.onEvent(FileObserver.java:122)
10-22 01:16:35.344  7231  7250 W System.err: 	at android.os.FileObserver$ObserverThread.observe(Native Method)
10-22 01:16:35.344  7231  7250 W System.err: 	at android.os.FileObserver$ObserverThread.run(FileObserver.java:85)
10-22 01:16:35.355   595   661 D WifiService: New client listening to asynchronous messages
10-22 01:16:35.510   595   612 D BluetoothManagerService: Added callback: android.bluetooth.IBluetoothManagerCallback$Stub$Proxy@ca91acf:true
10-22 01:16:35.582 30974 31030 I internationalization:  SDK V3.9 - 2017.05.23 - UI
10-22 01:16:35.657 30974 31030 I internationalization: SDK 2.5
10-22 01:16:35.667 30974 31055 I AppsFlyer_3.2: AsendTrackingWithEvent from activity: com.estrongs.android.pop.FexApplication
10-22 01:16:35.683 30974 31055 E ActivityThread: Failed to find provider info for com.facebook.katana.provider.AttributionIdProvider
10-22 01:16:35.741 30974 31055 I System.out: AppsFlyerLib.sendTrackingWithEvent
10-22 01:16:35.848 30974 31030 W System.err: java.lang.UnsatisfiedLinkError: dlopen failed: library "/data/user/0/com.estrongs.android.pop/files/lib/libacceleratecoreproxy.so" not found
10-22 01:16:35.849 30974 31030 W System.err: 	at java.lang.Runtime.load(Runtime.java:332)
10-22 01:16:35.849 30974 31030 W System.err: 	at java.lang.System.load(System.java:1069)
10-22 01:16:35.849 30974 31030 W System.err: 	at com.dianxinos.a.c.a.g(Unknown Source)
10-22 01:16:35.849 30974 31030 W System.err: 	at com.dianxinos.a.c.a.e(Unknown Source)
10-22 01:16:35.849 30974 31030 W System.err: 	at com.dianxinos.a.c.a.c(Unknown Source)
10-22 01:16:35.849 30974 31030 W System.err: 	at com.dianxinos.a.a.a(Unknown Source)
10-22 01:16:35.849 30974 31030 W System.err: 	at com.duapps.scene.h.a(Unknown Source)
10-22 01:16:35.849 30974 31030 W System.err: 	at com.estrongs.android.pop.app.b.a.a(Unknown Source)
10-22 01:16:35.849 30974 31030 W System.err: 	at com.estrongs.android.pop.FexApplication.s(Unknown Source)
10-22 01:16:35.849 30974 31030 W System.err: 	at com.estrongs.android.pop.FexApplication.a(Unknown Source)
10-22 01:16:35.849 30974 31030 W System.err: 	at com.estrongs.android.pop.c.run(Unknown Source)
10-22 01:16:36.842 30974 31071 W System.err: java.lang.InterruptedException
10-22 01:16:36.842 30974 31075 W System.err: java.lang.InterruptedException
10-22 01:16:36.842 30974 31075 W System.err: 	at java.util.concurrent.locks.AbstractQueuedSynchronizer$ConditionObject.reportInterruptAfterWait(AbstractQueuedSynchronizer.java:1988)
10-22 01:16:36.842 30974 31075 W System.err: 	at java.util.concurrent.locks.AbstractQueuedSynchronizer$ConditionObject.await(AbstractQueuedSynchronizer.java:2022)
10-22 01:16:36.842 30974 31075 W System.err: 	at java.util.concurrent.LinkedBlockingQueue.take(LinkedBlockingQueue.java:410)
10-22 01:16:36.842 30974 31072 W System.err: 	at java.lang.InterruptedException
10-22 01:16:36.842 30974 31075 W System.err: 	at com.estrongs.android.scanner.al.run(Unknown Source)
10-22 01:16:36.842 30974 31072 W System.err: 	at java.util.concurrent.locks.AbstractQueuedSynchronizer$ConditionObject.reportInterruptAfterWait(AbstractQueuedSynchronizer.java:1988)
10-22 01:16:36.842 30974 31072 W System.err: 	at java.util.concurrent.locks.AbstractQueuedSynchronizer$ConditionObject.await(AbstractQueuedSynchronizer.java:2022)
10-22 01:16:36.842 30974 31075 W System.err: java.util.concurrent.ThreadPoolExecutor.runWorker(ThreadPoolExecutor.java:1113)
10-22 01:16:36.842 30974 31075 W System.err: 	at 	at java.util.concurrent.ThreadPoolExecutor$Worker.run(ThreadPoolExecutor.java:588)
10-22 01:16:36.842 30974 31072 W System.err: java.util.concurrent.LinkedBlockingQueue.take(LinkedBlockingQueue.java:410)
10-22 01:16:36.843 30974 31072 W System.err: 	at 	at com.estrongs.android.scanner.al.run(Unknown Source)
10-22 01:16:36.843 30974 31075 W System.err: 	at java.lang.Thread.run(Thread.java:818)
10-22 01:16:36.843 30974 31073 W System.err: java.lang.InterruptedException
10-22 01:16:36.843 30974 31073 W System.err: 	at java.util.concurrent.locks.AbstractQueuedSynchronizer$ConditionObject.reportInterruptAfterWait(AbstractQueuedSynchronizer.java:1988)
10-22 01:16:36.843 30974 31073 W System.err: 	at java.util.concurrent.locks.AbstractQueuedSynchronizer$ConditionObject.await(AbstractQueuedSynchronizer.java:2022)
10-22 01:16:36.843 30974 31073 W System.err: 	at java.util.concurrent.LinkedBlockingQueue.take(LinkedBlockingQueue.java:410)
10-22 01:16:36.843 30974 31073 W System.err: 	at com.estrongs.android.scanner.al.run(Unknown Source)
10-22 01:16:36.843 30974 31070 W System.err: 	at java.lang.InterruptedException
10-22 01:16:36.843 30974 31068 W System.err: 	at java.lang.InterruptedException
10-22 01:16:36.843 30974 31070 W System.err: java.util.concurrent.locks.AbstractQueuedSynchronizer$ConditionObject.reportInterruptAfterWait(AbstractQueuedSynchronizer.java:1988)
10-22 01:16:36.843 30974 31070 W System.err: 	at java.util.concurrent.locks.AbstractQueuedSynchronizer$ConditionObject.await(AbstractQueuedSynchronizer.java:2022)
10-22 01:16:36.843 30974 31071 W System.err: 	at 	at java.util.concurrent.locks.AbstractQueuedSynchronizer$ConditionObject.reportInterruptAfterWait(AbstractQueuedSynchronizer.java:1988)
10-22 01:16:36.843 30974 31070 W System.err: 	at java.util.concurrent.LinkedBlockingQueue.take(LinkedBlockingQueue.java:410)
10-22 01:16:36.843 30974 31073 W System.err: 	at java.util.concurrent.ThreadPoolExecutor.runWorker(ThreadPoolExecutor.java:1113)
10-22 01:16:36.843 30974 31070 W System.err: 	at com.estrongs.android.scanner.al.run(Unknown Source)
10-22 01:16:36.843 30974 31070 W System.err: 	at 	at java.util.concurrent.ThreadPoolExecutor.runWorker(ThreadPoolExecutor.java:1113)
10-22 01:16:36.843 30974 31072 W System.err: 	at java.util.concurrent.ThreadPoolExecutor.runWorker(ThreadPoolExecutor.java:1113)
10-22 01:16:36.843 30974 31070 W System.err: 	at java.util.concurrent.ThreadPoolExecutor$Worker.run(ThreadPoolExecutor.java:588)
10-22 01:16:36.843 30974 31073 W System.err: 	at java.util.concurrent.ThreadPoolExecutor$Worker.run(ThreadPoolExecutor.java:588)
10-22 01:16:36.843 30974 31070 W System.err: 	at java.lang.Thread.run(Thread.java:818)
10-22 01:16:36.843 30974 31068 W System.err: java.util.concurrent.locks.AbstractQueuedSynchronizer$ConditionObject.reportInterruptAfterWait(AbstractQueuedSynchronizer.java:1988)
10-22 01:16:36.844 30974 31068 W System.err: 	at java.util.concurrent.locks.AbstractQueuedSynchronizer$ConditionObject.await(AbstractQueuedSynchronizer.java:2022)
10-22 01:16:36.844 30974 31068 W System.err: 	at java.util.concurrent.LinkedBlockingQueue.take(LinkedBlockingQueue.java:410)
10-22 01:16:36.844 30974 31068 W System.err: 	at com.estrongs.android.scanner.al.run(Unknown Source)
10-22 01:16:36.844 30974 31068 W System.err: 	at java.util.concurrent.ThreadPoolExecutor.runWorker(ThreadPoolExecutor.java:1113)
10-22 01:16:36.844 30974 31068 W System.err: 	at java.util.concurrent.ThreadPoolExecutor$Worker.run(ThreadPoolExecutor.java:588)
10-22 01:16:36.844 30974 31068 W System.err: 	at java.lang.Thread.run(Thread.java:818)
10-22 01:16:36.844 30974 31071 W System.err: java.util.concurrent.locks.AbstractQueuedSynchronizer$ConditionObject.await(AbstractQueuedSynchronizer.java:2022)
10-22 01:16:36.844 30974 31071 W System.err: 	at java.util.concurrent.LinkedBlockingQueue.take(LinkedBlockingQueue.java:410)
10-22 01:16:36.844 30974 31071 W System.err: 	at com.estrongs.android.scanner.al.run(Unknown Source)
10-22 01:16:36.844 30974 31071 W System.err: 	at java.util.concurrent.ThreadPoolExecutor.runWorker(ThreadPoolExecutor.java:1113)
10-22 01:16:36.844 30974 31071 W System.err: 	at java.util.concurrent.ThreadPoolExecutor$Worker.run(ThreadPoolExecutor.java:588)
10-22 01:16:36.844 30974 31071 W System.err: 	at java.lang.Thread.run(Thread.java:818)
10-22 01:16:36.844 30974 31073 W System.err: java.lang.Thread.run(Thread.java:818)
10-22 01:16:36.844 30974 31072 W System.err: java.util.concurrent.ThreadPoolExecutor$Worker.run(ThreadPoolExecutor.java:588)
10-22 01:16:36.844 30974 31072 W System.err: 	at java.lang.Thread.run(Thread.java:818)
10-22 01:16:36.846 30974 31074 W System.err: java.lang.InterruptedException
10-22 01:16:36.848 30974 31074 W System.err: 	at java.util.concurrent.locks.AbstractQueuedSynchronizer$ConditionObject.reportInterruptAfterWait(AbstractQueuedSynchronizer.java:1988)
10-22 01:16:36.848 30974 31074 W System.err: 	at java.util.concurrent.locks.AbstractQueuedSynchronizer$ConditionObject.await(AbstractQueuedSynchronizer.java:2022)
10-22 01:16:36.848 30974 31074 W System.err: 	at java.util.concurrent.LinkedBlockingQueue.take(LinkedBlockingQueue.java:410)
10-22 01:16:36.848 30974 31074 W System.err: 	at com.estrongs.android.scanner.al.run(Unknown Source)
10-22 01:16:36.848 30974 31074 W System.err: 	at java.util.concurrent.ThreadPoolExecutor.runWorker(ThreadPoolExecutor.java:1113)
10-22 01:16:36.848 30974 31074 W System.err: 	at java.util.concurrent.ThreadPoolExecutor$Worker.run(ThreadPoolExecutor.java:588)
10-22 01:16:36.848 30974 31074 W System.err: 	at java.lang.Thread.run(Thread.java:818)
10-22 01:16:37.723   192   192 E         : invalid crash request of size 4 (from pid=29916 uid=0)
10-22 01:16:37.817   595   632 W qcom_sensors_hal: hal_sensor1_data_cb: SENSOR1_MSG_TYPE_BROKEN_PIPE
10-22 01:16:37.838 31085 31085 E Diag_Lib:  Diag_LSM_Init: Failed to open handle to diag driver, error = 2
10-22 01:16:37.838 31085 31085 E Sensors : sns_fsa_la.c(386):fsa: fflush failed, 9
10-22 01:16:37.839 31085 31085 E Sensors : sns_fsa_la.c(386):fsa: fflush failed, 9
10-22 01:16:37.869 31085 31087 W Sensors : sns_smr_la.c(446):smr_la: smr_apps_la_thread_main is starting, fd=11, sns_smr.en_rx_msg_ptr=b6f96a04
10-22 01:16:37.877 31085 31089 W Sensors : sns_sam_app.c(6827):sns_sam_reg_algo: Registering algo service 16, err 0
10-22 01:16:37.882 31085 31091 E Sensors : sns_debug_main.c(565):Debug Config File missing in EFS!
10-22 01:16:43.962   595   660 E native  : do suspend false
10-22 01:16:44.004   595 14263 D DhcpClient: Unicasting DHCPREQUEST ciaddr=192.168.178.38 request=0.0.0.0 serverid=null to /192.168.178.1:67
10-22 01:16:44.029   595 23916 D DhcpClient: Received packet: d8:50:e6:7d:2c:f1 ACK: your new IP /192.168.178.38, netmask /255.255.255.0, gateways [/192.168.178.1] DNS servers: /62.179.104.196 /213.46.228.196 , lease time 3600
10-22 01:16:44.031   595 14263 D DhcpClient: Scheduling renewal in 1799s
10-22 01:16:44.037   595   660 D WifiConfigStore: No blacklist allowed without epno enabled
10-22 01:16:44.037   595   662 D ConnectivityService: notifyType CAP_CHANGED for NetworkAgentInfo [WIFI () - 101]
10-22 01:16:44.038   595   660 D WifiStateMachine: WifiStateMachine: Leaving Connected state
10-22 01:16:44.199   595   660 D WifiStateMachine: L2Connected CMD_START_SCAN source -2 4665, 4666 -> obsolete
10-22 01:16:49.008   595 23915 D NetlinkSocketObserver: NeighborEvent{elapsedMs=207817959, 192.168.178.1, [AC22055443EB], RTM_NEWNEIGH, NUD_PROBE}
10-22 01:16:49.519   186   186 E SELinux : avc:  denied  { find } for service=android.service.gatekeeper.IGateKeeperService scontext=u:r:shell:s0 tcontext=u:object_r:gatekeeper_service:s0 tclass=service_manager
10-22 01:16:50.113 31155 31155 D AndroidRuntime: >>>>>> START com.android.internal.os.RuntimeInit uid 2000 <<<<<<
10-22 01:16:50.119 31155 31155 D AndroidRuntime: CheckJNI is OFF
10-22 01:16:50.176 31155 31155 D ICU     : No timezone override file found: /data/misc/zoneinfo/current/icu/icu_tzdata.dat
10-22 01:16:50.241 31155 31155 I Radio-JNI: register_android_hardware_Radio DONE
10-22 01:16:50.271 31155 31155 D AndroidRuntime: Calling main entry com.android.commands.am.Am
10-22 01:16:50.278 13876 13876 I Trepn   : Trepn 6.2s: Received intent: com.quicinc.trepn.stop_profiling
10-22 01:16:50.285   595   595 V NotificationService: pkg=com.quicinc.trepn canInterrupt=false intercept=true
10-22 01:16:50.303 13876 13876 I Trepn   : Trepn 6.2s: Trepn has Stopped Profiling.
10-22 01:16:50.571 31155 31155 D AndroidRuntime: Shutting down VM
10-22 01:16:50.588   595   739 W AppOps  : Finishing op nesting under-run: uid 10078 pkg com.quicinc.trepn code 24 time=0 duration=0 nesting=0
10-22 01:16:51.020   186   186 E SELinux : avc:  denied  { find } for service=android.service.gatekeeper.IGateKeeperService scontext=u:r:shell:s0 tcontext=u:object_r:gatekeeper_service:s0 tclass=service_manager
10-22 01:16:51.965 31193 31193 D AndroidRuntime: >>>>>> START com.android.internal.os.RuntimeInit uid 2000 <<<<<<
10-22 01:16:51.972 31193 31193 D AndroidRuntime: CheckJNI is OFF
10-22 01:16:52.030 31193 31193 D ICU     : No timezone override file found: /data/misc/zoneinfo/current/icu/icu_tzdata.dat
10-22 01:16:52.099 31193 31193 I Radio-JNI: register_android_hardware_Radio DONE
10-22 01:16:52.129 31193 31193 D AndroidRuntime: Calling main entry com.android.commands.am.Am
10-22 01:16:52.131   595  2268 I ActivityManager: Force stopping com.android.chrome appid=10035 user=0: from pid 31193
10-22 01:16:52.131   595  2268 I ActivityManager: Killing 30533:com.android.chrome:privileged_process0/u0a35 (adj 0): stop com.android.chrome
10-22 01:16:52.148 30464 30464 W ChildProcessConnection: onServiceDisconnected (crash or killed by oom): pid=30533
10-22 01:16:52.247   595  2268 W ActivityManager: Scheduling restart of crashed service com.android.chrome/org.chromium.content.app.PrivilegedProcessService0 in 1000ms
10-22 01:16:52.248   595  2268 I ActivityManager: Killing 30464:com.android.chrome/u0a35 (adj 0): stop com.android.chrome
10-22 01:16:52.296   595   739 I WindowState: WIN DEATH: Window{6995a07 u0 com.android.chrome/org.chromium.chrome.browser.ChromeTabbedActivity}
10-22 01:16:52.296   595   739 W WindowManager: Force-removing child win Window{c6034b5 u0 SurfaceView} from container Window{6995a07 u0 com.android.chrome/org.chromium.chrome.browser.ChromeTabbedActivity}
10-22 01:16:52.297   595  1296 D GraphicsStats: Buffer count: 5
10-22 01:16:52.308   595  5635 W WindowManager: Failed looking up window
10-22 01:16:52.308   595  5635 W WindowManager: java.lang.IllegalArgumentException: Requested window android.os.BinderProxy@123a734 does not exist
10-22 01:16:52.308   595  5635 W WindowManager: 	at com.android.server.wm.WindowManagerService.windowForClientLocked(WindowManagerService.java:8736)
10-22 01:16:52.308   595  5635 W WindowManager: 	at com.android.server.wm.WindowManagerService.windowForClientLocked(WindowManagerService.java:8727)
10-22 01:16:52.308   595  5635 W WindowManager: 	at com.android.server.wm.WindowState$DeathRecipient.binderDied(WindowState.java:1209)
10-22 01:16:52.308   595  5635 W WindowManager: 	at android.os.BinderProxy.sendDeathNotice(Binder.java:558)
10-22 01:16:52.308   595  5635 I WindowState: WIN DEATH: null
10-22 01:16:52.459   595  2268 E libprocessgroup: failed to kill 1 processes for processgroup 30464
10-22 01:16:52.465 30502 30502 I ChildProcessService: Destroying ChildProcessService pid=30502
10-22 01:16:52.467   595  2268 W ActivityManager: Force removing ActivityRecord{bf5e09c u0 com.android.chrome/org.chromium.chrome.browser.ChromeTabbedActivity t1467}: app died, no saved state
10-22 01:16:52.476   595  2268 I ActivityManager: Killing 30953:com.android.chrome:sandboxed_process2/u0a35i813 (adj 0): isolated not needed
10-22 01:16:52.523 30502 30566 E chromium: [ERROR:channel.cc(300)] RawChannel read error (connection broken)
10-22 01:16:52.597   595  2268 I ActivityManager: Killing 30502:com.android.chrome:sandboxed_process0/u0a35i811 (adj 0): isolated not needed
10-22 01:16:52.644   595  2267 W ActivityManager: Spurious death for ProcessRecord{fd56a9 0:com.android.chrome:privileged_process0/u0a35}, curProc for 30533: null
10-22 01:16:52.644 31193 31193 D AndroidRuntime: Shutting down VM
10-22 01:16:52.644   595   606 W ActivityManager: Unbind failed: could not find connection for android.os.BinderProxy@2983fc9
10-22 01:16:52.645   595  1296 W ActivityManager: Spurious death for ProcessRecord{f58395d 0:com.android.chrome/u0a35}, curProc for 30464: null
10-22 01:16:52.676   595  5635 W ActivityManager: Permission Denial: Accessing service ComponentInfo{com.google.android.music/com.google.android.music.dial.DialMediaRouteProviderService} from pid=5203, uid=10008 that is not exported from uid 10058
10-22 01:16:52.676 31661 31661 I BackgroundMemoryTrimmer: Trimming objects from memory, since app is in the background.
10-22 01:16:52.677   595 13560 E ActivityManager: Service done with onDestroy, but not inDestroying: ServiceRecord{84f6a1e u0 com.android.chrome/org.chromium.content.app.SandboxedProcessService0}
10-22 01:16:52.677   595 13560 E ActivityManager: android.util.Log$TerribleFailure: Service done with onDestroy, but not inDestroying: ServiceRecord{84f6a1e u0 com.android.chrome/org.chromium.content.app.SandboxedProcessService0}
10-22 01:16:52.677   595 13560 E ActivityManager: 	at android.util.Log.wtf(Log.java:291)
10-22 01:16:52.677   595 13560 E ActivityManager: 	at android.util.Slog.wtfStack(Slog.java:98)
10-22 01:16:52.677   595 13560 E ActivityManager: 	at com.android.server.am.ActiveServices.serviceDoneExecutingLocked(ActiveServices.java:1953)
10-22 01:16:52.677   595 13560 E ActivityManager: 	at com.android.server.am.ActivityManagerService.serviceDoneExecuting(ActivityManagerService.java:16035)
10-22 01:16:52.677   595 13560 E ActivityManager: 	at android.app.ActivityManagerNative.onTransact(ActivityManagerNative.java:1028)
10-22 01:16:52.677   595 13560 E ActivityManager: 	at com.android.server.am.ActivityManagerService.onTransact(ActivityManagerService.java:2484)
10-22 01:16:52.677   595 13560 E ActivityManager: 	at android.os.Binder.execTransact(Binder.java:453)
10-22 01:16:52.702  5603  5629 I Adreno-EGL: <qeglDrvAPI_eglInitialize:379>: QUALCOMM Build: 10/21/15, 369a2ea, I96aee987eb
10-22 01:16:52.703  5603  5629 I OpenGLRenderer: Initialized EGL, version 1.4
10-22 01:16:52.784 13560 13560 W Binder_F: type=1400 audit(0.0:121789): avc: denied { ioctl } for path="socket:[3942353]" dev="sockfs" ino=3942353 ioctlcmd=7704 scontext=u:r:system_server:s0 tcontext=u:r:system_server:s0 tclass=unix_stream_socket permissive=0
10-22 01:16:52.794 13560 13560 W Binder_F: type=1400 audit(0.0:121790): avc: denied { ioctl } for path="socket:[3942353]" dev="sockfs" ino=3942353 ioctlcmd=7704 scontext=u:r:system_server:s0 tcontext=u:r:system_server:s0 tclass=unix_stream_socket permissive=0
10-22 01:16:52.795   595 13560 W InputMethodManagerService: Got RemoteException sending setActive(false) notification to pid 30464 uid 10035
10-22 01:16:52.798 17430 17430 I Keyboard.Facilitator: onFinishInput()
10-22 01:16:52.856  5603  5629 V RenderScript: 0xa12a9000 Launching thread(s), CPUs 4
10-22 01:16:53.321  5603  5629 W OpenGLRenderer: Incorrectly called buildLayer on View: ShortcutAndWidgetContainer, destroying layer...
10-22 01:16:53.321  5603  5629 W OpenGLRenderer: Incorrectly called buildLayer on View: ShortcutAndWidgetContainer, destroying layer...
10-22 01:16:53.829 31225 31225 D AndroidRuntime: >>>>>> START com.android.internal.os.RuntimeInit uid 2000 <<<<<<
10-22 01:16:53.835 31225 31225 D AndroidRuntime: CheckJNI is OFF
10-22 01:16:53.893 31225 31225 D ICU     : No timezone override file found: /data/misc/zoneinfo/current/icu/icu_tzdata.dat
10-22 01:16:53.949 31225 31225 I Radio-JNI: register_android_hardware_Radio DONE
10-22 01:16:53.981 31225 31225 D AndroidRuntime: Calling main entry com.android.commands.pm.Pm
10-22 01:16:53.987   595 13558 I ActivityManager: Force stopping com.android.chrome appid=10035 user=0: clear data
10-22 01:16:54.000  1506  1506 I GeofencerStateMachine: removeGeofences: removeRequest=RemoveGeofencingRequest[REMOVE_ALL packageName=com.android.chrome]
10-22 01:16:54.008   595   606 W ActivityManager: Permission Denial: Accessing service ComponentInfo{com.google.android.music/com.google.android.music.dial.DialMediaRouteProviderService} from pid=5203, uid=10008 that is not exported from uid 10058
10-22 01:16:54.027 31661 31661 I BackgroundMemoryTrimmer: Trimming objects from memory, since app is in the background.
10-22 01:16:54.031 12797 12820 D Documents: Update found 8 roots in 14ms
10-22 01:16:54.076  5203 31245 I LocationSettingsChecker: Removing dialog suppression flag for package com.android.chrome
10-22 01:16:54.080  5203  5412 I Icing   : doRemovePackageData com.android.chrome
10-22 01:16:54.080  5203  5412 I Icing   : Removing corpus key com.android.chrome-omnibox for package com.android.chrome
10-22 01:16:54.085 31225 31225 I art     : System.exit called, status: 0
10-22 01:16:54.085 31225 31225 I AndroidRuntime: VM exiting with result code 0.
10-22 01:16:54.375  5203  5412 I Icing   : updateResources: need to parse zjt{com.android.chrome}
10-22 01:16:54.617  5203  5412 I Icing   : Indexing com.android.chrome-omnibox from com.android.chrome
10-22 01:16:54.638   595  5635 I ActivityManager: Start proc 31261:com.android.chrome/u0a35 for content provider com.android.chrome/com.google.android.apps.chrome.icing.IcingProvider
10-22 01:16:54.735  5203  5412 I Icing   : Indexing done com.android.chrome-omnibox
10-22 01:16:58.267 31300 31300 D AndroidRuntime: >>>>>> START com.android.internal.os.RuntimeInit uid 2000 <<<<<<
10-22 01:16:58.273 31300 31300 D AndroidRuntime: CheckJNI is OFF
10-22 01:16:58.331 31300 31300 D ICU     : No timezone override file found: /data/misc/zoneinfo/current/icu/icu_tzdata.dat
10-22 01:16:58.399 31300 31300 I Radio-JNI: register_android_hardware_Radio DONE
10-22 01:16:58.430 31300 31300 D AndroidRuntime: Calling main entry com.android.commands.am.Am
10-22 01:16:58.436 13876 13876 I Trepn   : Trepn 6.2s: Received intent: com.quicinc.trepn.export_to_csv; filename: Trepn_2018.10.22_011631.db; filename: 07d9031e_Trepn_2018.10.22_011631.csv
10-22 01:16:58.439 31300 31300 D AndroidRuntime: Shutting down VM
10-22 01:16:58.444   595   595 V NotificationService: pkg=com.quicinc.trepn canInterrupt=false intercept=true
10-22 01:16:58.517 13876 31308 W FileUtils: Failed to chmod(/storage/emulated/0/trepn/Trepn_2018.10.22_011631.db): android.system.ErrnoException: chmod failed: EPERM (Operation not permitted)
10-22 01:16:58.883   595   595 V NotificationService: pkg=com.quicinc.trepn canInterrupt=false intercept=true
