--------- beginning of system
10-22 01:16:01.255   595   605 I ActivityManager: Force stopping com.android.chrome appid=10035 user=0: from pid 30451
10-22 01:16:01.256   595   605 I ActivityManager: Killing 30350:com.android.chrome/u0a35 (adj 9): stop com.android.chrome
10-22 01:16:01.350   595  1495 W ActivityManager: Spurious death for ProcessRecord{d905d70 0:com.android.chrome/u0a35}, curProc for 30350: null
10-22 01:16:01.355   595   744 W ActivityManager: Permission Denial: Accessing service ComponentInfo{com.google.android.music/com.google.android.music.dial.DialMediaRouteProviderService} from pid=5203, uid=10008 that is not exported from uid 10058
10-22 01:16:01.603   595  1155 I ActivityManager: START u0 {act=android.intent.action.VIEW flg=0x10008000 cmp=com.android.chrome/com.google.android.apps.chrome.Main} from uid 2000 on display 0
10-22 01:16:01.678   595  2268 I ActivityManager: Start proc 30464:com.android.chrome/u0a35 for activity com.android.chrome/com.google.android.apps.chrome.Main
10-22 01:16:01.817   595   606 I ActivityManager: START u0 {act=android.intent.action.VIEW flg=0x14002000 cmp=com.android.chrome/org.chromium.chrome.browser.ChromeTabbedActivity} from uid 10035 on display 0
10-22 01:16:02.206   595  1391 I ActivityManager: Start proc 30502:com.android.chrome:sandboxed_process0/u0i811 for service com.android.chrome/org.chromium.content.app.SandboxedProcessService0
10-22 01:16:02.267 30502 30516 W FileUtils: Failed to chmod(/data/user/0/com.android.chrome/app_chrome): android.system.ErrnoException: chmod failed: EACCES (Permission denied)
10-22 01:16:02.454   595 13559 I ActivityManager: Start proc 30533:com.android.chrome:privileged_process0/u0a35 for service com.android.chrome/org.chromium.content.app.PrivilegedProcessService0
10-22 01:16:02.870   595  5635 I ActivityManager: START u0 {cmp=com.android.chrome/org.chromium.chrome.browser.firstrun.FirstRunActivityStaging (has extras)} from uid 10035 on display 0
10-22 01:16:04.269   595   739 W ActivityManager: Unable to start service Intent { act=com.google.android.gms.playlog.service.START pkg=com.google.android.gms } U=0: not found
10-22 01:16:04.271   595  5635 W ActivityManager: Unbind failed: could not find connection for android.os.BinderProxy@68fd3a7
10-22 01:16:13.670   595  1296 I ActivityManager: START u0 {cmp=com.android.chrome/org.chromium.chrome.browser.preferences.PreferencesStaging} from uid 10035 on display 0
10-22 01:16:13.851 30464 30464 E ActivityThread: Failed to find provider info for browser
10-22 01:16:15.160   595 13560 I ActivityManager: START u0 {act=android.intent.action.MAIN cmp=com.android.chrome/org.chromium.chrome.browser.preferences.PreferencesStaging (has extras)} from uid 10035 on display 0
10-22 01:16:16.631   595  1389 I ActivityManager: START u0 {act=android.intent.action.MAIN cmp=com.android.chrome/org.chromium.chrome.browser.preferences.PreferencesStaging (has extras)} from uid 10035 on display 0
--------- beginning of main
10-22 01:16:21.001 30762 30762 I Input   : injectMotionEvent: MotionEvent { action=ACTION_DOWN, actionButton=0, id[0]=0, x[0]=60.0, y[0]=125.0, toolType[0]=TOOL_TYPE_UNKNOWN, buttonState=0, metaState=0, flags=0x0, edgeFlags=0x0, pointerCount=1, historySize=0, eventTime=168877953, downTime=168877953, deviceId=0, source=0x1002 }
10-22 01:16:21.004 30762 30762 I Input   : injectMotionEvent: MotionEvent { action=ACTION_UP, actionButton=0, id[0]=0, x[0]=60.0, y[0]=125.0, toolType[0]=TOOL_TYPE_UNKNOWN, buttonState=0, metaState=0, flags=0x0, edgeFlags=0x0, pointerCount=1, historySize=0, eventTime=168877953, downTime=168877953, deviceId=0, source=0x1002 }
10-22 01:16:21.007 30762 30762 D AndroidRuntime: Shutting down VM
10-22 01:16:21.034   194   624 D audio_hw_primary: out_set_parameters: enter: usecase(1: low-latency-playback) kvpairs: routing=2
10-22 01:16:21.103   744   744 W Binder_4: type=1400 audit(0.0:121727): avc: denied { ioctl } for path="socket:[4481803]" dev="sockfs" ino=4481803 ioctlcmd=7704 scontext=u:r:system_server:s0 tcontext=u:r:system_server:s0 tclass=unix_stream_socket permissive=0
10-22 01:16:21.103   744   744 W Binder_4: type=1400 audit(0.0:121728): avc: denied { ioctl } for path="socket:[4481803]" dev="sockfs" ino=4481803 ioctlcmd=7704 scontext=u:r:system_server:s0 tcontext=u:r:system_server:s0 tclass=unix_stream_socket permissive=0
10-22 01:16:21.112 17430 17430 I Keyboard.Facilitator: onFinishInput()
10-22 01:16:21.190 30464 30496 D OpenGLRenderer: endAllStagingAnimators on 0x99d8eb00 (RippleDrawable) with handle 0x9e6f94e0
10-22 01:16:22.327 30772 30772 D AndroidRuntime: >>>>>> START com.android.internal.os.RuntimeInit uid 2000 <<<<<<
10-22 01:16:22.334 30772 30772 D AndroidRuntime: CheckJNI is OFF
10-22 01:16:22.391 30772 30772 D ICU     : No timezone override file found: /data/misc/zoneinfo/current/icu/icu_tzdata.dat
10-22 01:16:22.457 30772 30772 I Radio-JNI: register_android_hardware_Radio DONE
10-22 01:16:22.500 30772 30772 D AndroidRuntime: Calling main entry com.android.commands.input.Input
10-22 01:16:22.502 30772 30772 I Input   : injectMotionEvent: MotionEvent { action=ACTION_DOWN, actionButton=0, id[0]=0, x[0]=60.0, y[0]=125.0, toolType[0]=TOOL_TYPE_UNKNOWN, buttonState=0, metaState=0, flags=0x0, edgeFlags=0x0, pointerCount=1, historySize=0, eventTime=168879454, downTime=168879454, deviceId=0, source=0x1002 }
10-22 01:16:22.504 30772 30772 I Input   : injectMotionEvent: MotionEvent { action=ACTION_UP, actionButton=0, id[0]=0, x[0]=60.0, y[0]=125.0, toolType[0]=TOOL_TYPE_UNKNOWN, buttonState=0, metaState=0, flags=0x0, edgeFlags=0x0, pointerCount=1, historySize=0, eventTime=168879454, downTime=168879454, deviceId=0, source=0x1002 }
10-22 01:16:22.507 30772 30772 D AndroidRuntime: Shutting down VM
10-22 01:16:22.532   194   624 D audio_hw_primary: out_set_parameters: enter: usecase(1: low-latency-playback) kvpairs: routing=2
10-22 01:16:22.654   739   739 W Binder_3: type=1400 audit(0.0:121729): avc: denied { ioctl } for path="socket:[4481803]" dev="sockfs" ino=4481803 ioctlcmd=7704 scontext=u:r:system_server:s0 tcontext=u:r:system_server:s0 tclass=unix_stream_socket permissive=0
10-22 01:16:22.654   739   739 W Binder_3: type=1400 audit(0.0:121730): avc: denied { ioctl } for path="socket:[4481803]" dev="sockfs" ino=4481803 ioctlcmd=7704 scontext=u:r:system_server:s0 tcontext=u:r:system_server:s0 tclass=unix_stream_socket permissive=0
10-22 01:16:22.658 17430 17430 I Keyboard.Facilitator: onFinishInput()
10-22 01:16:22.713 30464 30496 D OpenGLRenderer: endAllStagingAnimators on 0x9e345100 (RippleDrawable) with handle 0x9e6f97b0
10-22 01:16:23.635 30786 30786 D AndroidRuntime: >>>>>> START com.android.internal.os.RuntimeInit uid 2000 <<<<<<
10-22 01:16:23.642 30786 30786 D AndroidRuntime: CheckJNI is OFF
10-22 01:16:23.702 30786 30786 D ICU     : No timezone override file found: /data/misc/zoneinfo/current/icu/icu_tzdata.dat
10-22 01:16:23.772 30786 30786 I Radio-JNI: register_android_hardware_Radio DONE
10-22 01:16:23.809 30786 30786 D AndroidRuntime: Calling main entry com.android.commands.am.Am
10-22 01:16:23.812   595   605 I ActivityManager: START u0 {act=android.intent.action.VIEW dat=https://wiki-offline.jakearchibald.com/... flg=0x10000000 cmp=com.android.chrome/com.google.android.apps.chrome.Main} from uid 2000 on display 0
10-22 01:16:23.822 30786 30786 D AndroidRuntime: Shutting down VM
10-22 01:16:23.839   595  1391 I ActivityManager: START u0 {act=android.intent.action.VIEW dat=https://wiki-offline.jakearchibald.com/... flg=0x14002000 cmp=com.android.chrome/org.chromium.chrome.browser.ChromeTabbedActivity} from uid 10035 on display 0
10-22 01:16:23.845   595  2268 W ActivityManager: Duplicate finish request for ActivityRecord{e97ced3 u0 com.android.chrome/com.google.android.apps.chrome.Main t1467 f}
10-22 01:16:23.857   595 13559 W InputMethodManagerService: Window already focused, ignoring focus gain of: com.android.internal.view.IInputMethodClient$Stub$Proxy@261d61a attribute=null, token = android.os.BinderProxy@dab9846
10-22 01:16:23.899   595 13558 I ActivityManager: Start proc 30806:com.android.chrome:sandboxed_process1/u0i812 for service com.android.chrome/org.chromium.content.app.SandboxedProcessService1
10-22 01:16:23.906  2267  2267 W Binder_A: type=1400 audit(0.0:121731): avc: denied { ioctl } for path="socket:[4481803]" dev="sockfs" ino=4481803 ioctlcmd=7704 scontext=u:r:system_server:s0 tcontext=u:r:system_server:s0 tclass=unix_stream_socket permissive=0
10-22 01:16:23.906  2267  2267 W Binder_A: type=1400 audit(0.0:121732): avc: denied { ioctl } for path="socket:[4481803]" dev="sockfs" ino=4481803 ioctlcmd=7704 scontext=u:r:system_server:s0 tcontext=u:r:system_server:s0 tclass=unix_stream_socket permissive=0
10-22 01:16:23.909 17430 17430 I Keyboard.Facilitator: onFinishInput()
10-22 01:16:23.976 30820 30820 W com.android.chrome: type=1400 audit(0.0:121733): avc: denied { search } for comm=4173796E635461736B202331 name="com.android.chrome" dev="mmcblk0p30" ino=122895 scontext=u:r:isolated_app:s0:c512,c768 tcontext=u:object_r:app_data_file:s0:c512,c768 tclass=dir permissive=0
10-22 01:16:23.976 30820 30820 W com.android.chrome: type=1400 audit(0.0:121734): avc: denied { search } for comm=4173796E635461736B202331 name="com.android.chrome" dev="mmcblk0p30" ino=122895 scontext=u:r:isolated_app:s0:c512,c768 tcontext=u:object_r:app_data_file:s0:c512,c768 tclass=dir permissive=0
10-22 01:16:23.976 30820 30820 W com.android.chrome: type=1400 audit(0.0:121735): avc: denied { search } for comm=4173796E635461736B202331 name="com.android.chrome" dev="mmcblk0p30" ino=122895 scontext=u:r:isolated_app:s0:c512,c768 tcontext=u:object_r:app_data_file:s0:c512,c768 tclass=dir permissive=0
10-22 01:16:23.976 30820 30820 W com.android.chrome: type=1400 audit(0.0:121736): avc: denied { search } for comm=4173796E635461736B202331 name="com.android.chrome" dev="mmcblk0p30" ino=122895 scontext=u:r:isolated_app:s0:c512,c768 tcontext=u:object_r:app_data_file:s0:c512,c768 tclass=dir permissive=0
10-22 01:16:23.976 30820 30820 W com.android.chrome: type=1400 audit(0.0:121737): avc: denied { search } for comm=4173796E635461736B202331 name="com.android.chrome" dev="mmcblk0p30" ino=122895 scontext=u:r:isolated_app:s0:c512,c768 tcontext=u:object_r:app_data_file:s0:c512,c768 tclass=dir permissive=0
10-22 01:16:23.976 30820 30820 W com.android.chrome: type=1400 audit(0.0:121738): avc: denied { search } for comm=4173796E635461736B202331 name="com.android.chrome" dev="mmcblk0p30" ino=122895 scontext=u:r:isolated_app:s0:c512,c768 tcontext=u:object_r:app_data_file:s0:c512,c768 tclass=dir permissive=0
10-22 01:16:23.982 30806 30820 W FileUtils: Failed to chmod(/data/user/0/com.android.chrome/app_chrome): android.system.ErrnoException: chmod failed: EACCES (Permission denied)
10-22 01:16:23.984 30806 30820 W ContextImpl: Unable to create files subdir /data/user/0/com.android.chrome/cache
10-22 01:16:23.986 30464 30464 W .android.chrome: type=1400 audit(0.0:121739): avc: denied { ioctl } for path="socket:[4489751]" dev="sockfs" ino=4489751 ioctlcmd=7704 scontext=u:r:untrusted_app:s0:c512,c768 tcontext=u:r:untrusted_app:s0:c512,c768 tclass=unix_stream_socket permissive=0
10-22 01:16:23.986 30817 30817 W Binder_1: type=1400 audit(0.0:121740): avc: denied { ioctl } for path="socket:[4489751]" dev="sockfs" ino=4489751 ioctlcmd=7704 scontext=u:r:isolated_app:s0:c512,c768 tcontext=u:r:untrusted_app:s0:c512,c768 tclass=unix_stream_socket permissive=0
10-22 01:16:23.986 30817 30817 W Binder_1: type=1400 audit(0.0:121741): avc: denied { ioctl } for path="/data/data/com.android.chrome/app_chrome/natives_blob.bin" dev="mmcblk0p30" ino=122943 ioctlcmd=7704 scontext=u:r:isolated_app:s0:c512,c768 tcontext=u:object_r:app_data_file:s0:c512,c768 tclass=file permissive=0
10-22 01:16:23.991 30806 30806 I ChildProcessService: Creating new ChildProcessService pid=30806
10-22 01:16:23.996 30817 30817 W Binder_1: type=1400 audit(0.0:121742): avc: denied { ioctl } for path="/data/data/com.android.chrome/app_chrome/snapshot_blob.bin" dev="mmcblk0p30" ino=122951 ioctlcmd=7704 scontext=u:r:isolated_app:s0:c512,c768 tcontext=u:object_r:app_data_file:s0:c512,c768 tclass=file permissive=0
10-22 01:16:23.996 30817 30817 W Binder_1: type=1400 audit(0.0:121743): avc: denied { ioctl } for path="/data/data/com.android.chrome/app_chrome/paks/chrome_100_percent.pak" dev="mmcblk0p30" ino=122920 ioctlcmd=7704 scontext=u:r:isolated_app:s0:c512,c768 tcontext=u:object_r:app_data_file:s0:c512,c768 tclass=file permissive=0
10-22 01:16:23.996 30817 30817 W Binder_1: type=1400 audit(0.0:121744): avc: denied { ioctl } for path="/data/data/com.android.chrome/app_chrome/paks/en-US.pak" dev="mmcblk0p30" ino=122939 ioctlcmd=7704 scontext=u:r:isolated_app:s0:c512,c768 tcontext=u:object_r:app_data_file:s0:c512,c768 tclass=file permissive=0
10-22 01:16:23.996 30817 30817 W Binder_1: type=1400 audit(0.0:121745): avc: denied { ioctl } for path="/data/data/com.android.chrome/app_chrome/paks/resources.pak" dev="mmcblk0p30" ino=122949 ioctlcmd=7704 scontext=u:r:isolated_app:s0:c512,c768 tcontext=u:object_r:app_data_file:s0:c512,c768 tclass=file permissive=0
10-22 01:16:23.996 30817 30817 W Binder_1: type=1400 audit(0.0:121746): avc: denied { ioctl } for path="/data/data/com.android.chrome/cache/.com.google.Chrome.ALPvQg" dev="mmcblk0p30" ino=123045 ioctlcmd=7704 scontext=u:r:isolated_app:s0:c512,c768 tcontext=u:object_r:app_data_file:s0:c512,c768 tclass=file permissive=0
10-22 01:16:23.996 30817 30817 W Binder_1: type=1400 audit(0.0:121747): avc: denied { ioctl } for path="/data/data/com.android.chrome/app_chrome/icudtl.dat" dev="mmcblk0p30" ino=122941 ioctlcmd=7704 scontext=u:r:isolated_app:s0:c512,c768 tcontext=u:object_r:app_data_file:s0:c512,c768 tclass=file permissive=0
10-22 01:16:23.996 30817 30817 W Binder_1: type=1400 audit(0.0:121748): avc: denied { ioctl } for path="/data/data/com.android.chrome/app_chrome/icudtl.dat" dev="mmcblk0p30" ino=122941 ioctlcmd=7704 scontext=u:r:isolated_app:s0:c512,c768 tcontext=u:object_r:app_data_file:s0:c512,c768 tclass=file permissive=0
10-22 01:16:23.996 30817 30817 W Binder_1: type=1400 audit(0.0:121749): avc: denied { ioctl } for path="/data/data/com.android.chrome/cache/.com.google.Chrome.ALPvQg" dev="mmcblk0p30" ino=123045 ioctlcmd=7704 scontext=u:r:isolated_app:s0:c512,c768 tcontext=u:object_r:app_data_file:s0:c512,c768 tclass=file permissive=0
10-22 01:16:23.996 30817 30817 W Binder_1: type=1400 audit(0.0:121750): avc: denied { ioctl } for path="/data/data/com.android.chrome/app_chrome/paks/resources.pak" dev="mmcblk0p30" ino=122949 ioctlcmd=7704 scontext=u:r:isolated_app:s0:c512,c768 tcontext=u:object_r:app_data_file:s0:c512,c768 tclass=file permissive=0
10-22 01:16:23.996 30817 30817 W Binder_1: type=1400 audit(0.0:121751): avc: denied { ioctl } for path="/data/data/com.android.chrome/app_chrome/paks/en-US.pak" dev="mmcblk0p30" ino=122939 ioctlcmd=7704 scontext=u:r:isolated_app:s0:c512,c768 tcontext=u:object_r:app_data_file:s0:c512,c768 tclass=file permissive=0
10-22 01:16:23.996 30817 30817 W Binder_1: type=1400 audit(0.0:121752): avc: denied { ioctl } for path="/data/data/com.android.chrome/app_chrome/paks/chrome_100_percent.pak" dev="mmcblk0p30" ino=122920 ioctlcmd=7704 scontext=u:r:isolated_app:s0:c512,c768 tcontext=u:object_r:app_data_file:s0:c512,c768 tclass=file permissive=0
10-22 01:16:23.996 30817 30817 W Binder_1: type=1400 audit(0.0:121753): avc: denied { ioctl } for path="/data/data/com.android.chrome/app_chrome/snapshot_blob.bin" dev="mmcblk0p30" ino=122951 ioctlcmd=7704 scontext=u:r:isolated_app:s0:c512,c768 tcontext=u:object_r:app_data_file:s0:c512,c768 tclass=file permissive=0
10-22 01:16:23.996 30817 30817 W Binder_1: type=1400 audit(0.0:121754): avc: denied { ioctl } for path="/data/data/com.android.chrome/app_chrome/natives_blob.bin" dev="mmcblk0p30" ino=122943 ioctlcmd=7704 scontext=u:r:isolated_app:s0:c512,c768 tcontext=u:object_r:app_data_file:s0:c512,c768 tclass=file permissive=0
10-22 01:16:23.996 30817 30817 W Binder_1: type=1400 audit(0.0:121755): avc: denied { ioctl } for path="socket:[4489751]" dev="sockfs" ino=4489751 ioctlcmd=7704 scontext=u:r:isolated_app:s0:c512,c768 tcontext=u:r:untrusted_app:s0:c512,c768 tclass=unix_stream_socket permissive=0
10-22 01:16:24.026 30464 30464 W .android.chrome: type=1400 audit(0.0:121756): avc: denied { ioctl } for path="socket:[4489751]" dev="sockfs" ino=4489751 ioctlcmd=7704 scontext=u:r:untrusted_app:s0:c512,c768 tcontext=u:r:untrusted_app:s0:c512,c768 tclass=unix_stream_socket permissive=0
10-22 01:16:24.038 30806 30821 I LibraryLoader: Loading chrome directly from within /system/app/Chrome/Chrome.apk
10-22 01:16:24.047   595   604 I art     : Background partial concurrent mark sweep GC freed 46502(2MB) AllocSpace objects, 27(780KB) LOS objects, 33% free, 24MB/36MB, paused 1.556ms total 115.570ms
10-22 01:16:24.141 30806 30821 I LibraryLoader: Time to load native libraries: 107 ms (timestamps 987-1094)
10-22 01:16:24.142 30806 30821 I LibraryLoader: Expected native library version number "44.0.2403.133",actual native library version number "44.0.2403.133"
10-22 01:16:24.142 30806 30821 I chromium: [INFO:library_loader_hooks.cc(120)] Chromium logging enabled: level = 0, default verbosity = 0
10-22 01:16:24.199   595   660 D WifiStateMachine: starting scan for "Airstation10"WPA_PSK with 2422,2412,2462
10-22 01:16:24.383   595   660 D WifiStateMachine: shouldSwitchNetwork  txSuccessRate=3.34 rxSuccessRate=3.25 delta 999 -> 999
10-22 01:16:24.385   595   660 D WifiStateMachine: CMD_AUTO_ROAM sup state CompletedState my state ConnectedState nid=8 config "Airstation10"WPA_PSK roam=1 to any targetRoamBSSID any
10-22 01:16:24.385   595   660 D WifiStateMachine: AUTO_ROAM nothing to do
10-22 01:16:25.119 30464 30464 I chromium: [INFO:CONSOLE(90)] "The regenerator/runtime module is deprecated; please import regenerator-runtime/runtime instead.", source: https://wiki-offline.jakearchibald.com/js/page-7fc7e1b5.js (90)
10-22 01:16:25.269 30464 30464 I chromium: [INFO:CONSOLE(0)] "Uncaught (in promise) UnknownError: Failed to register a ServiceWorker: The user denied permission to use Service Worker.", source: https://wiki-offline.jakearchibald.com/ (0)
10-22 01:16:25.722   194   624 D audio_hw_primary: disable_audio_route: reset and update mixer path: low-latency-playback
10-22 01:16:25.723   194   624 D audio_hw_primary: disable_snd_device: snd_device(2: speaker)
10-22 01:16:29.956 30848 30848 D AndroidRuntime: >>>>>> START com.android.internal.os.RuntimeInit uid 2000 <<<<<<
10-22 01:16:29.963 30848 30848 D AndroidRuntime: CheckJNI is OFF
10-22 01:16:30.020 30848 30848 D ICU     : No timezone override file found: /data/misc/zoneinfo/current/icu/icu_tzdata.dat
10-22 01:16:30.077 30848 30848 I Radio-JNI: register_android_hardware_Radio DONE
10-22 01:16:30.108 30848 30848 D AndroidRuntime: Calling main entry com.android.commands.input.Input
10-22 01:16:30.110 30848 30848 I Input   : injectMotionEvent: MotionEvent { action=ACTION_DOWN, actionButton=0, id[0]=0, x[0]=950.0, y[0]=108.0, toolType[0]=TOOL_TYPE_UNKNOWN, buttonState=0, metaState=0, flags=0x0, edgeFlags=0x0, pointerCount=1, historySize=0, eventTime=168887063, downTime=168887063, deviceId=0, source=0x1002 }
10-22 01:16:30.114 30848 30848 I Input   : injectMotionEvent: MotionEvent { action=ACTION_UP, actionButton=0, id[0]=0, x[0]=950.0, y[0]=108.0, toolType[0]=TOOL_TYPE_UNKNOWN, buttonState=0, metaState=0, flags=0x0, edgeFlags=0x0, pointerCount=1, historySize=0, eventTime=168887063, downTime=168887063, deviceId=0, source=0x1002 }
10-22 01:16:30.119 30848 30848 D AndroidRuntime: Shutting down VM
10-22 01:16:30.292 13559 13559 W Binder_E: type=1400 audit(0.0:121757): avc: denied { ioctl } for path="socket:[4481803]" dev="sockfs" ino=4481803 ioctlcmd=7704 scontext=u:r:system_server:s0 tcontext=u:r:system_server:s0 tclass=unix_stream_socket permissive=0
10-22 01:16:30.292 13559 13559 W Binder_E: type=1400 audit(0.0:121758): avc: denied { ioctl } for path="socket:[4481803]" dev="sockfs" ino=4481803 ioctlcmd=7704 scontext=u:r:system_server:s0 tcontext=u:r:system_server:s0 tclass=unix_stream_socket permissive=0
10-22 01:16:30.303 17430 17430 I Keyboard.Facilitator: onFinishInput()
10-22 01:16:30.312   739   739 W Binder_3: type=1400 audit(0.0:121759): avc: denied { ioctl } for path="socket:[4490470]" dev="sockfs" ino=4490470 ioctlcmd=7704 scontext=u:r:system_server:s0 tcontext=u:r:system_server:s0 tclass=unix_stream_socket permissive=0
10-22 01:16:30.312   739   739 W Binder_3: type=1400 audit(0.0:121760): avc: denied { ioctl } for path="socket:[4490470]" dev="sockfs" ino=4490470 ioctlcmd=7704 scontext=u:r:system_server:s0 tcontext=u:r:system_server:s0 tclass=unix_stream_socket permissive=0
10-22 01:16:31.506 30880 30880 D AndroidRuntime: >>>>>> START com.android.internal.os.RuntimeInit uid 2000 <<<<<<
10-22 01:16:31.512 30880 30880 D AndroidRuntime: CheckJNI is OFF
10-22 01:16:31.569 30880 30880 D ICU     : No timezone override file found: /data/misc/zoneinfo/current/icu/icu_tzdata.dat
10-22 01:16:31.638 30880 30880 I Radio-JNI: register_android_hardware_Radio DONE
10-22 01:16:31.671 30880 30880 D AndroidRuntime: Calling main entry com.android.commands.am.Am
10-22 01:16:31.677 13876 13876 I Trepn   : Trepn 6.2s: Received intent: com.quicinc.trepn.start_profiling
10-22 01:16:31.684   595   595 V NotificationService: pkg=com.quicinc.trepn canInterrupt=false intercept=true
10-22 01:16:31.754 13876 13876 W FileUtils: Failed to chmod(/storage/emulated/0/trepn/Trepn_2018.10.22_011631.db): android.system.ErrnoException: chmod failed: EPERM (Operation not permitted)
10-22 01:16:31.783   595   595 V NotificationService: pkg=com.quicinc.trepn canInterrupt=false intercept=true
10-22 01:16:31.813   606   606 W Binder_2: type=1400 audit(0.0:121761): avc: denied { ioctl } for path="socket:[4489829]" dev="sockfs" ino=4489829 ioctlcmd=7704 scontext=u:r:system_server:s0 tcontext=u:r:system_server:s0 tclass=unix_stream_socket permissive=0
10-22 01:16:31.813   606   606 W Binder_2: type=1400 audit(0.0:121762): avc: denied { ioctl } for path="socket:[4489829]" dev="sockfs" ino=4489829 ioctlcmd=7704 scontext=u:r:system_server:s0 tcontext=u:r:system_server:s0 tclass=unix_stream_socket permissive=0
10-22 01:16:31.856 13876 13876 I Trepn   : Trepn 6.2s: Trepn has Started Profiling.
10-22 01:16:31.857 30880 30880 D AndroidRuntime: Shutting down VM
10-22 01:16:32.173   595   608 W ProcessCpuTracker: Skipping unknown process pid 30897
10-22 01:16:32.861   595   595 V NotificationService: pkg=com.quicinc.trepn canInterrupt=false intercept=true
10-22 01:16:33.330 30464 30464 W ScreenOrientationListener: Removing an inexistent observer!
10-22 01:16:33.332 30806 30822 W chromium: [WARNING:channel.cc(549)] Failed to send message to ack remove remote endpoint (local ID 1, remote ID 1)
10-22 01:16:33.335 30806 30822 W chromium: [WARNING:channel.cc(549)] Failed to send message to ack remove remote endpoint (local ID 3, remote ID 2147483649)
10-22 01:16:33.335 30806 30822 W chromium: [WARNING:channel.cc(549)] Failed to send message to ack remove remote endpoint (local ID 2, remote ID 2147483648)
10-22 01:16:33.352 30464 30464 W ChildProcessConnection: onServiceDisconnected (crash or killed by oom): pid=30806
10-22 01:16:33.378 30907 30907 D AndroidRuntime: >>>>>> START com.android.internal.os.RuntimeInit uid 2000 <<<<<<
10-22 01:16:33.384 30907 30907 D AndroidRuntime: CheckJNI is OFF
10-22 01:16:33.440 30907 30907 D ICU     : No timezone override file found: /data/misc/zoneinfo/current/icu/icu_tzdata.dat
10-22 01:16:33.477   595  5635 I ActivityManager: Process com.android.chrome:sandboxed_process1 (pid 30806) has died
10-22 01:16:33.477   595  5635 W ActivityManager: Scheduling restart of crashed service com.android.chrome/org.chromium.content.app.SandboxedProcessService1 in 1000ms
10-22 01:16:33.504 30907 30907 I Radio-JNI: register_android_hardware_Radio DONE
10-22 01:16:33.538 30907 30907 D AndroidRuntime: Calling main entry com.android.commands.am.Am
10-22 01:16:33.544   595   606 I ActivityManager: START u0 {act=android.intent.action.VIEW dat=https://wiki-offline.jakearchibald.com/... flg=0x10000000 cmp=com.android.chrome/com.google.android.apps.chrome.Main} from uid 2000 on display 0
10-22 01:16:33.553 30907 30907 D AndroidRuntime: Shutting down VM
10-22 01:16:33.571   595  2267 I ActivityManager: START u0 {act=android.intent.action.VIEW dat=https://wiki-offline.jakearchibald.com/... flg=0x14002000 cmp=com.android.chrome/org.chromium.chrome.browser.ChromeTabbedActivity} from uid 10035 on display 0
10-22 01:16:33.578   595  2267 E WifiService: Multicaster binderDied
10-22 01:16:33.578   595   661 D WifiService: Client connection lost with reason: 4
10-22 01:16:33.580  7231  7250 I chatty  : uid=10081(com.estrongs.android.pop) FileObserver expire 15805 lines
10-22 01:16:33.707   595 13559 I ActivityManager: Process com.estrongs.android.pop (pid 7108) has died
10-22 01:16:33.709   595 13559 W ActivityManager: Scheduling restart of crashed service com.estrongs.android.pop/com.android.apps.pros.LocalMService in 1000ms
10-22 01:16:33.709   595 13559 W ActivityManager: Scheduling restart of crashed service com.estrongs.android.pop/com.estrongs.android.scanner.service.FileScannerService in 11000ms
10-22 01:16:33.710   595  2267 W ActivityManager: Duplicate finish request for ActivityRecord{86b746e u0 com.android.chrome/com.google.android.apps.chrome.Main t1467 f}
10-22 01:16:33.715   595  5635 W InputMethodManagerService: Window already focused, ignoring focus gain of: com.android.internal.view.IInputMethodClient$Stub$Proxy@44c5321 attribute=null, token = android.os.BinderProxy@dab9846
10-22 01:16:33.723   186   186 E SELinux : avc:  denied  { find } for service=android.service.gatekeeper.IGateKeeperService scontext=u:r:shell:s0 tcontext=u:object_r:gatekeeper_service:s0 tclass=service_manager
10-22 01:16:33.775  2268  2268 W Binder_B: type=1400 audit(0.0:121763): avc: denied { ioctl } for path="socket:[4481803]" dev="sockfs" ino=4481803 ioctlcmd=7704 scontext=u:r:system_server:s0 tcontext=u:r:system_server:s0 tclass=unix_stream_socket permissive=0
10-22 01:16:33.775  2268  2268 W Binder_B: type=1400 audit(0.0:121764): avc: denied { ioctl } for path="socket:[4481803]" dev="sockfs" ino=4481803 ioctlcmd=7704 scontext=u:r:system_server:s0 tcontext=u:r:system_server:s0 tclass=unix_stream_socket permissive=0
10-22 01:16:33.845 30965 30965 W com.android.chrome:sandboxed_process2: type=1400 audit(0.0:121765): avc: denied { search } for comm=4173796E635461736B202331 name="com.android.chrome" dev="mmcblk0p30" ino=122895 scontext=u:r:isolated_app:s0:c512,c768 tcontext=u:object_r:app_data_file:s0:c512,c768 tclass=dir permissive=0
10-22 01:16:33.845 30965 30965 W com.android.chrome:sandboxed_process2: type=1400 audit(0.0:121766): avc: denied { search } for comm=4173796E635461736B202331 name="com.android.chrome" dev="mmcblk0p30" ino=122895 scontext=u:r:isolated_app:s0:c512,c768 tcontext=u:object_r:app_data_file:s0:c512,c768 tclass=dir permissive=0
10-22 01:16:33.845 30965 30965 W com.android.chrome:sandboxed_process2: type=1400 audit(0.0:121767): avc: denied { search } for comm=4173796E635461736B202331 name="com.android.chrome" dev="mmcblk0p30" ino=122895 scontext=u:r:isolated_app:s0:c512,c768 tcontext=u:object_r:app_data_file:s0:c512,c768 tclass=dir permissive=0
10-22 01:16:33.845 30965 30965 W com.android.chrome:sandboxed_process2: type=1400 audit(0.0:121768): avc: denied { search } for comm=4173796E635461736B202331 name="com.android.chrome" dev="mmcblk0p30" ino=122895 scontext=u:r:isolated_app:s0:c512,c768 tcontext=u:object_r:app_data_file:s0:c512,c768 tclass=dir permissive=0
10-22 01:16:33.845 30965 30965 W com.android.chrome:sandboxed_process2: type=1400 audit(0.0:121769): avc: denied { search } for comm=4173796E635461736B202331 name="com.android.chrome" dev="mmcblk0p30" ino=122895 scontext=u:r:isolated_app:s0:c512,c768 tcontext=u:object_r:app_data_file:s0:c512,c768 tclass=dir permissive=0
10-22 01:16:33.845 30965 30965 W com.android.chrome:sandboxed_process2: type=1400 audit(0.0:121770): avc: denied { search } for comm=4173796E635461736B202331 name="com.android.chrome" dev="mmcblk0p30" ino=122895 scontext=u:r:isolated_app:s0:c512,c768 tcontext=u:object_r:app_data_file:s0:c512,c768 tclass=dir permissive=0
10-22 01:16:33.849 30953 30965 W FileUtils: Failed to chmod(/data/user/0/com.android.chrome/app_chrome): android.system.ErrnoException: chmod failed: EACCES (Permission denied)
10-22 01:16:33.849 30953 30965 W ContextImpl: Unable to create files subdir /data/user/0/com.android.chrome/cache
10-22 01:16:33.852 30953 30953 I ChildProcessService: Creating new ChildProcessService pid=30953
10-22 01:16:33.855 30464 30464 W .android.chrome: type=1400 audit(0.0:121771): avc: denied { ioctl } for path="socket:[4491562]" dev="sockfs" ino=4491562 ioctlcmd=7704 scontext=u:r:untrusted_app:s0:c512,c768 tcontext=u:r:untrusted_app:s0:c512,c768 tclass=unix_stream_socket permissive=0
10-22 01:16:33.865 30963 30963 W Binder_1: type=1400 audit(0.0:121772): avc: denied { ioctl } for path="socket:[4491562]" dev="sockfs" ino=4491562 ioctlcmd=7704 scontext=u:r:isolated_app:s0:c512,c768 tcontext=u:r:untrusted_app:s0:c512,c768 tclass=unix_stream_socket permissive=0
10-22 01:16:33.865 30963 30963 W Binder_1: type=1400 audit(0.0:121773): avc: denied { ioctl } for path="/data/data/com.android.chrome/app_chrome/natives_blob.bin" dev="mmcblk0p30" ino=122943 ioctlcmd=7704 scontext=u:r:isolated_app:s0:c512,c768 tcontext=u:object_r:app_data_file:s0:c512,c768 tclass=file permissive=0
10-22 01:16:33.865 30963 30963 W Binder_1: type=1400 audit(0.0:121774): avc: denied { ioctl } for path="/data/data/com.android.chrome/app_chrome/snapshot_blob.bin" dev="mmcblk0p30" ino=122951 ioctlcmd=7704 scontext=u:r:isolated_app:s0:c512,c768 tcontext=u:object_r:app_data_file:s0:c512,c768 tclass=file permissive=0
10-22 01:16:33.865 30963 30963 W Binder_1: type=1400 audit(0.0:121775): avc: denied { ioctl } for path="/data/data/com.android.chrome/app_chrome/paks/chrome_100_percent.pak" dev="mmcblk0p30" ino=122920 ioctlcmd=7704 scontext=u:r:isolated_app:s0:c512,c768 tcontext=u:object_r:app_data_file:s0:c512,c768 tclass=file permissive=0
10-22 01:16:33.865 30963 30963 W Binder_1: type=1400 audit(0.0:121776): avc: denied { ioctl } for path="/data/data/com.android.chrome/app_chrome/paks/en-US.pak" dev="mmcblk0p30" ino=122939 ioctlcmd=7704 scontext=u:r:isolated_app:s0:c512,c768 tcontext=u:object_r:app_data_file:s0:c512,c768 tclass=file permissive=0
10-22 01:16:33.865 30963 30963 W Binder_1: type=1400 audit(0.0:121777): avc: denied { ioctl } for path="/data/data/com.android.chrome/app_chrome/paks/resources.pak" dev="mmcblk0p30" ino=122949 ioctlcmd=7704 scontext=u:r:isolated_app:s0:c512,c768 tcontext=u:object_r:app_data_file:s0:c512,c768 tclass=file permissive=0
10-22 01:16:33.865 30963 30963 W Binder_1: type=1400 audit(0.0:121778): avc: denied { ioctl } for path="/data/data/com.android.chrome/cache/.com.google.Chrome.MOgjpm" dev="mmcblk0p30" ino=123012 ioctlcmd=7704 scontext=u:r:isolated_app:s0:c512,c768 tcontext=u:object_r:app_data_file:s0:c512,c768 tclass=file permissive=0
10-22 01:16:33.865 30963 30963 W Binder_1: type=1400 audit(0.0:121779): avc: denied { ioctl } for path="/data/data/com.android.chrome/app_chrome/icudtl.dat" dev="mmcblk0p30" ino=122941 ioctlcmd=7704 scontext=u:r:isolated_app:s0:c512,c768 tcontext=u:object_r:app_data_file:s0:c512,c768 tclass=file permissive=0
10-22 01:16:33.865 30963 30963 W Binder_1: type=1400 audit(0.0:121780): avc: denied { ioctl } for path="/data/data/com.android.chrome/app_chrome/icudtl.dat" dev="mmcblk0p30" ino=122941 ioctlcmd=7704 scontext=u:r:isolated_app:s0:c512,c768 tcontext=u:object_r:app_data_file:s0:c512,c768 tclass=file permissive=0
10-22 01:16:33.865 30963 30963 W Binder_1: type=1400 audit(0.0:121781): avc: denied { ioctl } for path="/data/data/com.android.chrome/cache/.com.google.Chrome.MOgjpm" dev="mmcblk0p30" ino=123012 ioctlcmd=7704 scontext=u:r:isolated_app:s0:c512,c768 tcontext=u:object_r:app_data_file:s0:c512,c768 tclass=file permissive=0
10-22 01:16:33.865 30963 30963 W Binder_1: type=1400 audit(0.0:121782): avc: denied { ioctl } for path="/data/data/com.android.chrome/app_chrome/paks/resources.pak" dev="mmcblk0p30" ino=122949 ioctlcmd=7704 scontext=u:r:isolated_app:s0:c512,c768 tcontext=u:object_r:app_data_file:s0:c512,c768 tclass=file permissive=0
10-22 01:16:33.865 30963 30963 W Binder_1: type=1400 audit(0.0:121783): avc: denied { ioctl } for path="/data/data/com.android.chrome/app_chrome/paks/en-US.pak" dev="mmcblk0p30" ino=122939 ioctlcmd=7704 scontext=u:r:isolated_app:s0:c512,c768 tcontext=u:object_r:app_data_file:s0:c512,c768 tclass=file permissive=0
10-22 01:16:33.865 30963 30963 W Binder_1: type=1400 audit(0.0:121784): avc: denied { ioctl } for path="/data/data/com.android.chrome/app_chrome/paks/chrome_100_percent.pak" dev="mmcblk0p30" ino=122920 ioctlcmd=7704 scontext=u:r:isolated_app:s0:c512,c768 tcontext=u:object_r:app_data_file:s0:c512,c768 tclass=file permissive=0
10-22 01:16:33.865 30963 30963 W Binder_1: type=1400 audit(0.0:121785): avc: denied { ioctl } for path="/data/data/com.android.chrome/app_chrome/snapshot_blob.bin" dev="mmcblk0p30" ino=122951 ioctlcmd=7704 scontext=u:r:isolated_app:s0:c512,c768 tcontext=u:object_r:app_data_file:s0:c512,c768 tclass=file permissive=0
10-22 01:16:33.865 30963 30963 W Binder_1: type=1400 audit(0.0:121786): avc: denied { ioctl } for path="/data/data/com.android.chrome/app_chrome/natives_blob.bin" dev="mmcblk0p30" ino=122943 ioctlcmd=7704 scontext=u:r:isolated_app:s0:c512,c768 tcontext=u:object_r:app_data_file:s0:c512,c768 tclass=file permissive=0
10-22 01:16:33.911 30953 30966 I LibraryLoader: Loading chrome directly from within /system/app/Chrome/Chrome.apk
10-22 01:16:34.009 30953 30966 I LibraryLoader: Time to load native libraries: 100 ms (timestamps 862-962)
10-22 01:16:34.010 30953 30966 I LibraryLoader: Expected native library version number "44.0.2403.133",actual native library version number "44.0.2403.133"
10-22 01:16:34.010 30953 30966 I chromium: [INFO:library_loader_hooks.cc(120)] Chromium logging enabled: level = 0, default verbosity = 0
10-22 01:16:34.433 30464 30464 I chromium: [INFO:CONSOLE(90)] "The regenerator/runtime module is deprecated; please import regenerator-runtime/runtime instead.", source: https://wiki-offline.jakearchibald.com/js/page-7fc7e1b5.js (90)
10-22 01:16:34.586 30464 30464 I chromium: [INFO:CONSOLE(0)] "Uncaught (in promise) UnknownError: Failed to register a ServiceWorker: The user denied permission to use Service Worker.", source: https://wiki-offline.jakearchibald.com/ (0)
10-22 01:16:34.720   595   608 I ActivityManager: Start proc 30974:com.estrongs.android.pop/u0a81 for service com.estrongs.android.pop/com.android.apps.pros.LocalMService
10-22 01:16:34.779 30974 30974 I chatty  : uid=10081(com.estrongs.android.pop) expire 5 lines
10-22 01:16:34.787  7231  7250 I chatty  : uid=10081(com.estrongs.android.pop) FileObserver expire 5100 lines
10-22 01:16:35.125  7231  7250 W System.err: 	at android.os.FileObserver$ObserverThread.onEvent(FileObserver.java:122)
10-22 01:16:35.125  7231  7250 W System.err: 	at android.os.FileObserver$ObserverThread.observe(Native Method)
10-22 01:16:35.125  7231  7250 W System.err: 	at android.os.FileObserver$ObserverThread.run(FileObserver.java:85)
10-22 01:16:35.125  7231  7250 W System.err: android.os.DeadObjectException
10-22 01:16:35.125  7231  7250 W System.err: 	at android.os.BinderProxy.transactNative(Native Method)
10-22 01:16:35.126  7231  7250 W System.err: 	at android.os.BinderProxy.transact(Binder.java:503)
10-22 01:16:35.126  7231  7250 W System.err: 	at android.os.IMessenger$Stub$Proxy.send(IMessenger.java:89)
10-22 01:16:35.126  7231  7250 W System.err: 	at android.os.Messenger.send(Messenger.java:57)
10-22 01:16:35.126  7231  7250 W System.err: 	at com.estrongs.android.scanner.service.l.a(Unknown Source)
10-22 01:16:35.126  7231  7250 W System.err: 	at com.estrongs.android.scanner.service.l.a(Unknown Source)
10-22 01:16:35.126  7231  7250 W System.err: 	at com.estrongs.android.scanner.service.c.onEvent(Unknown Source)
10-22 01:16:35.126  7231  7250 W System.err: 	at android.os.FileObserver$ObserverThread.onEvent(FileObserver.java:122)
10-22 01:16:35.126  7231  7250 W System.err: 	at android.os.FileObserver$ObserverThread.observe(Native Method)
10-22 01:16:35.126  7231  7250 W System.err: 	at android.os.FileObserver$ObserverThread.run(FileObserver.java:85)
10-22 01:16:35.126  7231  7250 W System.err: android.os.DeadObjectException
10-22 01:16:35.126  7231  7250 W System.err: 	at android.os.BinderProxy.transactNative(Native Method)
10-22 01:16:35.126  7231  7250 W System.err: 	at android.os.BinderProxy.transact(Binder.java:503)
10-22 01:16:35.126  7231  7250 W System.err: 	at android.os.IMessenger$Stub$Proxy.send(IMessenger.java:89)
10-22 01:16:35.126  7231  7250 W System.err: 	at android.os.Messenger.send(Messenger.java:57)
10-22 01:16:35.126  7231  7250 W System.err: 	at com.estrongs.android.scanner.service.l.a(Unknown Source)
10-22 01:16:35.132  7231  7250 W System.err: 	at com.estrongs.android.scanner.service.l.a(Unknown Source)
10-22 01:16:35.132  7231  7250 W System.err: 	at com.estrongs.android.scanner.service.c.onEvent(Unknown Source)
10-22 01:16:35.132  7231  7250 W System.err: 	at android.os.FileObserver$ObserverThread.onEvent(FileObserver.java:122)
10-22 01:16:35.132  7231  7250 W System.err: 	at android.os.FileObserver$ObserverThread.observe(Native Method)
10-22 01:16:35.132  7231  7250 W System.err: 	at android.os.FileObserver$ObserverThread.run(FileObserver.java:85)
10-22 01:16:35.132  7231  7250 W System.err: android.os.DeadObjectException
10-22 01:16:35.132  7231  7250 W System.err: 	at android.os.BinderProxy.transactNative(Native Method)
10-22 01:16:35.132  7231  7250 W System.err: 	at android.os.BinderProxy.transact(Binder.java:503)
10-22 01:16:35.132  7231  7250 W System.err: 	at android.os.IMessenger$Stub$Proxy.send(IMessenger.java:89)
10-22 01:16:35.132  7231  7250 W System.err: 	at android.os.Messenger.send(Messenger.java:57)
10-22 01:16:35.132  7231  7250 W System.err: 	at com.estrongs.android.scanner.service.l.a(Unknown Source)
10-22 01:16:35.132  7231  7250 W System.err: 	at com.estrongs.android.scanner.service.l.a(Unknown Source)
10-22 01:16:35.133  7231  7250 W System.err: 	at com.estrongs.android.scanner.service.c.onEvent(Unknown Source)
10-22 01:16:35.133  7231  7250 W System.err: 	at android.os.FileObserver$ObserverThread.onEvent(FileObserver.java:122)
10-22 01:16:35.133  7231  7250 W System.err: 	at android.os.FileObserver$ObserverThread.observe(Native Method)
10-22 01:16:35.133  7231  7250 W System.err: 	at android.os.FileObserver$ObserverThread.run(FileObserver.java:85)
10-22 01:16:35.133  7231  7250 W System.err: android.os.DeadObjectException
10-22 01:16:35.133  7231  7250 W System.err: 	at android.os.BinderProxy.transactNative(Native Method)
10-22 01:16:35.133  7231  7250 W System.err: 	at android.os.BinderProxy.transact(Binder.java:503)
10-22 01:16:35.133  7231  7250 W System.err: 	at android.os.IMessenger$Stub$Proxy.send(IMessenger.java:89)
10-22 01:16:35.133  7231  7250 W System.err: 	at android.os.Messenger.send(Messenger.java:57)
10-22 01:16:35.133  7231  7250 W System.err: 	at com.estrongs.android.scanner.service.l.a(Unknown Source)
10-22 01:16:35.133  7231  7250 W System.err: 	at com.estrongs.android.scanner.service.l.a(Unknown Source)
10-22 01:16:35.133  7231  7250 W System.err: 	at com.estrongs.android.scanner.service.c.onEvent(Unknown Source)
10-22 01:16:35.133  7231  7250 W System.err: 	at android.os.FileObserver$ObserverThread.onEvent(FileObserver.java:122)
10-22 01:16:35.133  7231  7250 W System.err: 	at android.os.FileObserver$ObserverThread.observe(Native Method)
10-22 01:16:35.133  7231  7250 W System.err: 	at android.os.FileObserver$ObserverThread.run(FileObserver.java:85)
10-22 01:16:35.134  7231  7250 W System.err: android.os.DeadObjectException
10-22 01:16:35.134  7231  7250 W System.err: 	at android.os.BinderProxy.transactNative(Native Method)
10-22 01:16:35.134  7231  7250 W System.err: 	at android.os.BinderProxy.transact(Binder.java:503)
10-22 01:16:35.134  7231  7250 W System.err: 	at android.os.IMessenger$Stub$Proxy.send(IMessenger.java:89)
10-22 01:16:35.134  7231  7250 W System.err: 	at android.os.Messenger.send(Messenger.java:57)
10-22 01:16:35.134  7231  7250 W System.err: 	at com.estrongs.android.scanner.service.l.a(Unknown Source)
10-22 01:16:35.134  7231  7250 W System.err: 	at com.estrongs.android.scanner.service.l.a(Unknown Source)
10-22 01:16:35.134  7231  7250 W System.err: 	at com.estrongs.android.scanner.service.c.onEvent(Unknown Source)
10-22 01:16:35.134  7231  7250 W System.err: 	at android.os.FileObserver$ObserverThread.onEvent(FileObserver.java:122)
10-22 01:16:35.134  7231  7250 W System.err: 	at android.os.FileObserver$ObserverThread.observe(Native Method)
10-22 01:16:35.134  7231  7250 W System.err: 	at android.os.FileObserver$ObserverThread.run(FileObserver.java:85)
10-22 01:16:35.134  7231  7250 W System.err: android.os.DeadObjectException
10-22 01:16:35.134  7231  7250 W System.err: 	at android.os.BinderProxy.transactNative(Native Method)
10-22 01:16:35.135  7231  7250 W System.err: 	at android.os.BinderProxy.transact(Binder.java:503)
10-22 01:16:35.135  7231  7250 W System.err: 	at android.os.IMessenger$Stub$Proxy.send(IMessenger.java:89)
10-22 01:16:35.135  7231  7250 W System.err: 	at android.os.Messenger.send(Messenger.java:57)
10-22 01:16:35.135  7231  7250 W System.err: 	at com.estrongs.android.scanner.service.l.a(Unknown Source)
10-22 01:16:35.135  7231  7250 W System.err: 	at com.estrongs.android.scanner.service.l.a(Unknown Source)
10-22 01:16:35.135  7231  7250 W System.err: 	at com.estrongs.android.scanner.service.c.onEvent(Unknown Source)
10-22 01:16:35.135  7231  7250 W System.err: 	at android.os.FileObserver$ObserverThread.onEvent(FileObserver.java:122)
10-22 01:16:35.135  7231  7250 W System.err: 	at android.os.FileObserver$ObserverThread.observe(Native Method)
10-22 01:16:35.135  7231  7250 W System.err: 	at android.os.FileObserver$ObserverThread.run(FileObserver.java:85)
10-22 01:16:35.135  7231  7250 W System.err: android.os.DeadObjectException
10-22 01:16:35.135  7231  7250 W System.err: 	at android.os.BinderProxy.transactNative(Native Method)
10-22 01:16:35.135  7231  7250 W System.err: 	at android.os.BinderProxy.transact(Binder.java:503)
10-22 01:16:35.135  7231  7250 W System.err: 	at android.os.IMessenger$Stub$Proxy.send(IMessenger.java:89)
10-22 01:16:35.135  7231  7250 W System.err: 	at android.os.Messenger.send(Messenger.java:57)
10-22 01:16:35.135  7231  7250 W System.err: 	at com.estrongs.android.scanner.service.l.a(Unknown Source)
10-22 01:16:35.135  7231  7250 W System.err: 	at com.estrongs.android.scanner.service.l.a(Unknown Source)
10-22 01:16:35.136  7231  7250 W System.err: 	at com.estrongs.android.scanner.service.c.onEvent(Unknown Source)
10-22 01:16:35.136  7231  7250 W System.err: 	at android.os.FileObserver$ObserverThread.onEvent(FileObserver.java:122)
10-22 01:16:35.136  7231  7250 W System.err: 	at android.os.FileObserver$ObserverThread.observe(Native Method)
10-22 01:16:35.136  7231  7250 W System.err: 	at android.os.FileObserver$ObserverThread.run(FileObserver.java:85)
10-22 01:16:35.136  7231  7250 W System.err: android.os.DeadObjectException
10-22 01:16:35.136  7231  7250 W System.err: 	at android.os.BinderProxy.transactNative(Native Method)
10-22 01:16:35.136  7231  7250 W System.err: 	at android.os.BinderProxy.transact(Binder.java:503)
10-22 01:16:35.136  7231  7250 W System.err: 	at android.os.IMessenger$Stub$Proxy.send(IMessenger.java:89)
10-22 01:16:35.136  7231  7250 W System.err: 	at android.os.Messenger.send(Messenger.java:57)
10-22 01:16:35.136  7231  7250 W System.err: 	at com.estrongs.android.scanner.service.l.a(Unknown Source)
10-22 01:16:35.136  7231  7250 W System.err: 	at com.estrongs.android.scanner.service.l.a(Unknown Source)
10-22 01:16:35.136  7231  7250 W System.err: 	at com.estrongs.android.scanner.service.c.onEvent(Unknown Source)
10-22 01:16:35.136  7231  7250 W System.err: 	at android.os.FileObserver$ObserverThread.onEvent(FileObserver.java:122)
10-22 01:16:35.136  7231  7250 W System.err: 	at android.os.FileObserver$ObserverThread.observe(Native Method)
10-22 01:16:35.136  7231  7250 W System.err: 	at android.os.FileObserver$ObserverThread.run(FileObserver.java:85)
10-22 01:16:35.137  7231  7250 W System.err: android.os.DeadObjectException
10-22 01:16:35.137  7231  7250 W System.err: 	at android.os.BinderProxy.transactNative(Native Method)
10-22 01:16:35.137  7231  7250 W System.err: 	at android.os.BinderProxy.transact(Binder.java:503)
10-22 01:16:35.137  7231  7250 W System.err: 	at android.os.IMessenger$Stub$Proxy.send(IMessenger.java:89)
10-22 01:16:35.137  7231  7250 W System.err: 	at android.os.Messenger.send(Messenger.java:57)
10-22 01:16:35.137  7231  7250 W System.err: 	at com.estrongs.android.scanner.service.l.a(Unknown Source)
10-22 01:16:35.137  7231  7250 W System.err: 	at com.estrongs.android.scanner.service.l.a(Unknown Source)
10-22 01:16:35.137  7231  7250 W System.err: 	at com.estrongs.android.scanner.service.c.onEvent(Unknown Source)
10-22 01:16:35.137  7231  7250 W System.err: 	at android.os.FileObserver$ObserverThread.onEvent(FileObserver.java:122)
10-22 01:16:35.137  7231  7250 W System.err: 	at android.os.FileObserver$ObserverThread.observe(Native Method)
10-22 01:16:35.137  7231  7250 W System.err: 	at android.os.FileObserver$ObserverThread.run(FileObserver.java:85)
10-22 01:16:35.137  7231  7250 W System.err: android.os.DeadObjectException
10-22 01:16:35.137  7231  7250 W System.err: 	at android.os.BinderProxy.transactNative(Native Method)
10-22 01:16:35.137  7231  7250 W System.err: 	at android.os.BinderProxy.transact(Binder.java:503)
10-22 01:16:35.137  7231  7250 W System.err: 	at android.os.IMessenger$Stub$Proxy.send(IMessenger.java:89)
10-22 01:16:35.137  7231  7250 W System.err: 	at android.os.Messenger.send(Messenger.java:57)
10-22 01:16:35.137  7231  7250 W System.err: 	at com.estrongs.android.scanner.service.l.a(Unknown Source)
10-22 01:16:35.137  7231  7250 W System.err: 	at com.estrongs.android.scanner.service.l.a(Unknown Source)
10-22 01:16:35.138  7231  7250 W System.err: 	at com.estrongs.android.scanner.service.c.onEvent(Unknown Source)
10-22 01:16:35.138  7231  7250 W System.err: 	at android.os.FileObserver$ObserverThread.onEvent(FileObserver.java:122)
10-22 01:16:35.138  7231  7250 W System.err: 	at android.os.FileObserver$ObserverThread.observe(Native Method)
10-22 01:16:35.138  7231  7250 W System.err: 	at android.os.FileObserver$ObserverThread.run(FileObserver.java:85)
10-22 01:16:35.138  7231  7250 W System.err: android.os.DeadObjectException
10-22 01:16:35.138  7231  7250 W System.err: 	at android.os.BinderProxy.transactNative(Native Method)
10-22 01:16:35.138  7231  7250 W System.err: 	at android.os.BinderProxy.transact(Binder.java:503)
10-22 01:16:35.138  7231  7250 W System.err: 	at android.os.IMessenger$Stub$Proxy.send(IMessenger.java:89)
10-22 01:16:35.138  7231  7250 W System.err: 	at android.os.Messenger.send(Messenger.java:57)
10-22 01:16:35.138  7231  7250 W System.err: 	at com.estrongs.android.scanner.service.l.a(Unknown Source)
10-22 01:16:35.138  7231  7250 W System.err: 	at com.estrongs.android.scanner.service.l.a(Unknown Source)
10-22 01:16:35.138  7231  7250 W System.err: 	at com.estrongs.android.scanner.service.c.onEvent(Unknown Source)
10-22 01:16:35.138  7231  7250 W System.err: 	at android.os.FileObserver$ObserverThread.onEvent(FileObserver.java:122)
10-22 01:16:35.138  7231  7250 W System.err: 	at android.os.FileObserver$ObserverThread.observe(Native Method)
10-22 01:16:35.138  7231  7250 W System.err: 	at android.os.FileObserver$ObserverThread.run(FileObserver.java:85)
10-22 01:16:35.138  7231  7250 W System.err: android.os.DeadObjectException
10-22 01:16:35.139  7231  7250 W System.err: 	at android.os.BinderProxy.transactNative(Native Method)
10-22 01:16:35.139  7231  7250 W System.err: 	at android.os.BinderProxy.transact(Binder.java:503)
10-22 01:16:35.139  7231  7250 W System.err: 	at android.os.IMessenger$Stub$Proxy.send(IMessenger.java:89)
10-22 01:16:35.139  7231  7250 W System.err: 	at android.os.Messenger.send(Messenger.java:57)
10-22 01:16:35.139  7231  7250 W System.err: 	at com.estrongs.android.scanner.service.l.a(Unknown Source)
10-22 01:16:35.139  7231  7250 W System.err: 	at com.estrongs.android.scanner.service.l.a(Unknown Source)
10-22 01:16:35.139  7231  7250 W System.err: 	at com.estrongs.android.scanner.service.c.onEvent(Unknown Source)
10-22 01:16:35.139  7231  7250 W System.err: 	at android.os.FileObserver$ObserverThread.onEvent(FileObserver.java:122)
10-22 01:16:35.139  7231  7250 W System.err: 	at android.os.FileObserver$ObserverThread.observe(Native Method)
10-22 01:16:35.139  7231  7250 W System.err: 	at android.os.FileObserver$ObserverThread.run(FileObserver.java:85)
10-22 01:16:35.139  7231  7250 W System.err: android.os.DeadObjectException
10-22 01:16:35.139  7231  7250 W System.err: 	at android.os.BinderProxy.transactNative(Native Method)
10-22 01:16:35.139  7231  7250 W System.err: 	at android.os.BinderProxy.transact(Binder.java:503)
10-22 01:16:35.139  7231  7250 W System.err: 	at android.os.IMessenger$Stub$Proxy.send(IMessenger.java:89)
10-22 01:16:35.139  7231  7250 W System.err: 	at android.os.Messenger.send(Messenger.java:57)
10-22 01:16:35.139  7231  7250 W System.err: 	at com.estrongs.android.scanner.service.l.a(Unknown Source)
10-22 01:16:35.139  7231  7250 W System.err: 	at com.estrongs.android.scanner.service.l.a(Unknown Source)
